Archive member included because of file (symbol)

./../Platform/BSP/debug/libBSP_efm32_debug.a(BSP_LED.o)
                              C:/Users/Seb/XDK-Workspace/testUart/debug/objects/source/SystemStartup.o (BSP_LED_Connect)
./../Platform/BSP/debug/libBSP_efm32_debug.a(BSP_USB.o)
                              C:/Users/Seb/XDK-Workspace/testUart/debug/objects/source/RetargetStdio.o (RETARGET_WriteChar)
./../Platform/BSP/debug/libBSP_efm32_debug.a(BSP_Board.o)
                              C:/Users/Seb/XDK-Workspace/testUart/debug/objects/source/SystemStartup.o (BSP_Board_OSTickInitialize)
./../Platform/BSP/debug/libBSP_efm32_debug.a(BSP_DMA.o)
                              ./../Platform/BSP/debug/libBSP_efm32_debug.a(BSP_Board.o) (BSP_DMA_Initialize)
./../Platform/BSP/debug/libBSP_efm32_debug.a(BSP_IrqHandler.o)
                              ./../Platform/BSP/debug/libBSP_efm32_debug.a(BSP_Board.o) (IrqHandler_SysTickDummyHandler)
./../Platform/BSP/debug/libBSP_efm32_debug.a(BSP_ExtensionPort.o)
                              ./../Platform/BSP/debug/libBSP_efm32_debug.a(BSP_IrqHandler.o) (BSP_ExtensionPort_I2cIsr)
./../Platform/BSP/debug/libBSP_efm32_debug.a(BSP_WiFi_cc3100mod.o)
                              ./../Platform/BSP/debug/libBSP_efm32_debug.a(BSP_IrqHandler.o) (WiFi_CC3100MOD_SPIRxISR)
./../Platform/BSP/debug/libBSP_efm32_debug.a(BSP_BT_EM9301.o)
                              ./../Platform/BSP/debug/libBSP_efm32_debug.a(BSP_IrqHandler.o) (BT_EM9301_UART_TxISR)
./../Platform/BSP/debug/libBSP_efm32_debug.a(BSP_SensorNode.o)
                              ./../Platform/BSP/debug/libBSP_efm32_debug.a(BSP_IrqHandler.o) (SensorNode_I2CISR)
./../Platform/BSP/debug/libBSP_efm32_debug.a(BSP_SDCard.o)
                              ./../Platform/BSP/debug/libBSP_efm32_debug.a(BSP_IrqHandler.o) (SDCard_SPIRxISR)
./../Libraries/FreeRTOS/debug/libFreeRTOS_efm32_debug.a(tasks.o)
                              C:/Users/Seb/XDK-Workspace/testUart/debug/objects/testUart.o (xTaskGenericCreate)
./../Libraries/FreeRTOS/debug/libFreeRTOS_efm32_debug.a(timers.o)
                              ./../Libraries/FreeRTOS/debug/libFreeRTOS_efm32_debug.a(tasks.o) (xTimerCreateTimerTask)
./../Libraries/FreeRTOS/debug/libFreeRTOS_efm32_debug.a(heap_4.o)
                              ./../Libraries/FreeRTOS/debug/libFreeRTOS_efm32_debug.a(tasks.o) (pvPortMalloc)
./../Libraries/FreeRTOS/debug/libFreeRTOS_efm32_debug.a(port.o)
                              ./../Libraries/FreeRTOS/debug/libFreeRTOS_efm32_debug.a(tasks.o) (pxPortInitialiseStack)
./../Libraries/FreeRTOS/debug/libFreeRTOS_efm32_debug.a(list.o)
                              ./../Libraries/FreeRTOS/debug/libFreeRTOS_efm32_debug.a(tasks.o) (vListInitialise)
./../Libraries/FreeRTOS/debug/libFreeRTOS_efm32_debug.a(queue.o)
                              ./../Libraries/FreeRTOS/debug/libFreeRTOS_efm32_debug.a(timers.o) (xQueueGenericCreate)
./../Libraries/EMlib/debug/libEMLib_efm32_debug.a(em_adc.o)
                              ./../Platform/BSP/debug/libBSP_efm32_debug.a(BSP_Board.o) (ADC_Init)
./../Libraries/EMlib/debug/libEMLib_efm32_debug.a(em_cmu.o)
                              ./../Platform/BSP/debug/libBSP_efm32_debug.a(BSP_Board.o) (CMU_ClockDivSet)
./../Libraries/EMlib/debug/libEMLib_efm32_debug.a(em_msc.o)
                              ./../Platform/BSP/debug/libBSP_efm32_debug.a(BSP_Board.o) (MSC_Init)
./../Libraries/EMlib/debug/libEMLib_efm32_debug.a(em_dma.o)
                              ./../Platform/BSP/debug/libBSP_efm32_debug.a(BSP_DMA.o) (DMA_Reset)
./../Libraries/EMlib/debug/libEMLib_efm32_debug.a(em_emu.o)
                              ./../Libraries/EMlib/debug/libEMLib_efm32_debug.a(em_cmu.o) (EMU_UpdateOscConfig)
./../Libraries/EMlib/debug/libEMLib_efm32_debug.a(em_gpio.o)
                              ./../Platform/BSP/debug/libBSP_efm32_debug.a(BSP_Board.o) (GPIO_DriveModeSet)
./../Libraries/EMlib/debug/libEMLib_efm32_debug.a(em_int.o)
                              C:/Users/Seb/XDK-Workspace/testUart/debug/objects/./../Libraries/EMlib/3rd-party/EMLib/usb/src/em_usbdint.o (INT_LockCnt)
./../Libraries/EMlib/debug/libEMLib_efm32_debug.a(em_i2c.o)
                              ./../Platform/BSP/debug/libBSP_efm32_debug.a(BSP_ExtensionPort.o) (I2C_Enable)
./../Libraries/EMlib/debug/libEMLib_efm32_debug.a(em_usart.o)
                              ./../Platform/BSP/debug/libBSP_efm32_debug.a(BSP_Board.o) (USART_BaudrateSyncSet)
./../Libraries/EMlib/debug/libEMLib_efm32_debug.a(em_system.o)
                              ./../Platform/BSP/debug/libBSP_efm32_debug.a(BSP_Board.o) (SYSTEM_ChipRevisionGet)
./../Libraries/EMlib/debug/libEMLib_efm32_debug.a(em_usbd.o)
                              C:/Users/Seb/XDK-Workspace/testUart/debug/objects/./../Libraries/EMlib/3rd-party/EMLib/usb/src/em_usbdint.o (dev)
./../Libraries/EMlib/debug/libEMLib_efm32_debug.a(em_usbhal.o)
[...]
Memory Configuration

Name             Origin             Length             Attributes
FLASH            0x00020200         0x000dfe00         xr
RAM              0x20000000         0x00020000         xrw
*default*        0x00000000         0xffffffff

Linker script and memory map

LOAD c:/xdk-workbench/xdk/armgcc/bin/../lib/gcc/arm-none-eabi/4.7.4/armv7-m/crti.o
LOAD c:/xdk-workbench/xdk/armgcc/bin/../lib/gcc/arm-none-eabi/4.7.4/armv7-m/crtbegin.o
LOAD c:/xdk-workbench/xdk/armgcc/bin/../lib/gcc/arm-none-eabi/4.7.4/../../../../arm-none-eabi/lib/armv7-m/crt0.o
LOAD C:/Users/Seb/XDK-Workspace/testUart/debug/objects/source/Assert.o
LOAD C:/Users/Seb/XDK-Workspace/testUart/debug/objects/source/RetargetStdio.o
LOAD C:/Users/Seb/XDK-Workspace/testUart/debug/objects/source/BleDeviceInfoService.o
LOAD C:/Users/Seb/XDK-Workspace/testUart/debug/objects/source/cJSON.o
LOAD C:/Users/Seb/XDK-Workspace/testUart/debug/objects/source/UsbResetUtility.o
LOAD C:/Users/Seb/XDK-Workspace/testUart/debug/objects/source/SensorHandle.o
LOAD C:/Users/Seb/XDK-Workspace/testUart/debug/objects/source/SystemStartup.o
LOAD C:/Users/Seb/XDK-Workspace/testUart/debug/objects/source/XdkVersion.o
LOAD C:/Users/Seb/XDK-Workspace/testUart/debug/objects/legacy/source/ServalPAL_WiFi.o
LOAD C:/Users/Seb/XDK-Workspace/testUart/debug/objects/./../Libraries/EMlib/3rd-party/EMLib/usb/src/em_usbdint.o
LOAD C:/Users/Seb/XDK-Workspace/testUart/debug/objects/Main.o
LOAD C:/Users/Seb/XDK-Workspace/testUart/debug/objects/testUart.o
LOAD C:/Users/Seb/XDK-Workspace/testUart/debug/objects/startup_efm32gg.o
START GROUP
LOAD ./../Platform/SensorUtils/debug/libSensorUtils_efm32_debug.a
LOAD ./../Platform/Sensors/debug/libSensors_efm32_debug.a
LOAD ./../Platform/BSP/debug/libBSP_efm32_debug.a
LOAD ./../Libraries/FreeRTOS/debug/libFreeRTOS_efm32_debug.a
LOAD ./../Libraries/EMlib/debug/libEMLib_efm32_debug.a
LOAD ./../Libraries/BSTLib/debug/libBSTLib_efm32_debug.a
LOAD ./../Libraries/WiFi/debug/libWiFi_efm32_debug.a
LOAD ./../Libraries/FATfs/debug/libFATfs_efm32_debug.a
LOAD ./../Platform/Essentials/release/libEssentials_efm32.a
LOAD ./../Platform/Utils/release/libUtils_efm32.a
LOAD ./../Platform/Drivers/release/libDrivers_efm32.a
LOAD ./../Platform/FOTA/release/libFOTA_efm32.a
LOAD ./../Platform/Wlan/release/libWlan_efm32.a
LOAD ./../Platform/BLE/release/libBLE_efm32.a
LOAD ./../Platform/SensorToolbox/release/libSensorToolbox_efm32.a
LOAD ./../Libraries/BLEStack/3rd-party/Alpwise/ALPW-BLESDKCM3/BLESW_AlertNotification/Libraries/BLESW_ANP_Server_CM3.a
LOAD ./../Libraries/BLEStack/3rd-party/Alpwise/ALPW-BLESDKCM3/BLESW_AlertNotification/Libraries/BLESW_ANP_Client_CM3.a
LOAD ./../Libraries/BLEStack/3rd-party/Alpwise/ALPW-BLESDKCM3/BLESW_ALPWDataExchange/Libraries/BLESW_ALPWDEP_Server_CM3.a
LOAD ./../Libraries/BLEStack/3rd-party/Alpwise/ALPW-BLESDKCM3/BLESW_ALPWDataExchange/Libraries/BLESW_ALPWDEP_Client_CM3.a
LOAD ./../Libraries/BLEStack/3rd-party/Alpwise/ALPW-BLESDKCM3/BLESW_AppleNotificationCenter/Libraries/BLESW_ANCP_Consumer_CM3.a
LOAD ./../Libraries/BLEStack/3rd-party/Alpwise/ALPW-BLESDKCM3/BLESW_BloodPressure/Libraries/BLESW_BLP_Sensor_CM3.a
LOAD ./../Libraries/BLEStack/3rd-party/Alpwise/ALPW-BLESDKCM3/BLESW_BloodPressure/Libraries/BLESW_BLP_Collector_CM3.a
LOAD ./../Libraries/BLEStack/3rd-party/Alpwise/ALPW-BLESDKCM3/BLESW_CoreStack/Libraries/BLESW_CPS_CM3.a
LOAD ./../Libraries/BLEStack/3rd-party/Alpwise/ALPW-BLESDKCM3/BLESW_CoreStack/Libraries/BLESW_CoreStack_CM3.a
LOAD ./../Libraries/BLEStack/3rd-party/Alpwise/ALPW-BLESDKCM3/BLESW_CoreStack/Libraries/BLESW_CSCS_CM3.a
LOAD ./../Libraries/BLEStack/3rd-party/Alpwise/ALPW-BLESDKCM3/BLESW_CoreStack/Libraries/BLESW_RTUS_CM3.a
LOAD ./../Libraries/BLEStack/3rd-party/Alpwise/ALPW-BLESDKCM3/BLESW_CoreStack/Libraries/BLESW_HRS_CM3.a
LOAD ./../Libraries/BLEStack/3rd-party/Alpwise/ALPW-BLESDKCM3/BLESW_CoreStack/Libraries/BLESW_CTS_CM3.a
LOAD ./../Libraries/BLEStack/3rd-party/Alpwise/ALPW-BLESDKCM3/BLESW_CoreStack/Libraries/BLESW_CoreStack_Monitor_CM3.a
LOAD ./../Libraries/BLEStack/3rd-party/Alpwise/ALPW-BLESDKCM3/BLESW_CoreStack/Libraries/BLESW_UDS_CM3.a
LOAD ./../Libraries/BLEStack/3rd-party/Alpwise/ALPW-BLESDKCM3/BLESW_CoreStack/Libraries/BLESW_NDCS_CM3.a
LOAD ./../Libraries/BLEStack/3rd-party/Alpwise/ALPW-BLESDKCM3/BLESW_CoreStack/Libraries/BLESW_TPS_CM3.a
LOAD ./../Libraries/BLEStack/3rd-party/Alpwise/ALPW-BLESDKCM3/BLESW_CoreStack/Libraries/BLESW_BLS_CM3.a
LOAD ./../Libraries/BLEStack/3rd-party/Alpwise/ALPW-BLESDKCM3/BLESW_CoreStack/Libraries/BLESW_LNS_CM3.a
LOAD ./../Libraries/BLEStack/3rd-party/Alpwise/ALPW-BLESDKCM3/BLESW_CoreStack/Libraries/BLESW_LLS_CM3.a
LOAD ./../Libraries/BLEStack/3rd-party/Alpwise/ALPW-BLESDKCM3/BLESW_CoreStack/Libraries/BLESW_WSS_CM3.a
LOAD ./../Libraries/BLEStack/3rd-party/Alpwise/ALPW-BLESDKCM3/BLESW_CoreStack/Libraries/BLESW_RSCS_CM3.a
LOAD ./../Libraries/BLEStack/3rd-party/Alpwise/ALPW-BLESDKCM3/BLESW_CoreStack/Libraries/BLESW_BAS_CM3.a
LOAD ./../Libraries/BLEStack/3rd-party/Alpwise/ALPW-BLESDKCM3/BLESW_CoreStack/Libraries/BLESW_IAS_CM3.a
LOAD ./../Libraries/BLEStack/3rd-party/Alpwise/ALPW-BLESDKCM3/BLESW_CoreStack/Libraries/BLESW_PASS_CM3.a
LOAD ./../Libraries/BLEStack/3rd-party/Alpwise/ALPW-BLESDKCM3/BLESW_CoreStack/Libraries/BLESW_HTS_CM3.a
LOAD ./../Libraries/BLEStack/3rd-party/Alpwise/ALPW-BLESDKCM3/BLESW_CoreStack/Libraries/BLESW_ALPWDES_CM3.a
LOAD ./../Libraries/BLEStack/3rd-party/Alpwise/ALPW-BLESDKCM3/BLESW_CoreStack/Libraries/BLESW_BCS_CM3.a
LOAD ./../Libraries/BLEStack/3rd-party/Alpwise/ALPW-BLESDKCM3/BLESW_CoreStack/Libraries/BLESW_ANS_CM3.a
LOAD ./../Libraries/BLEStack/3rd-party/Alpwise/ALPW-BLESDKCM3/BLESW_CoreStack/Libraries/BLESW_HIDS_CM3.a
LOAD ./../Libraries/BLEStack/3rd-party/Alpwise/ALPW-BLESDKCM3/BLESW_CoreStack/Libraries/BLESW_GLS_CM3.a
LOAD ./../Libraries/BLEStack/3rd-party/Alpwise/ALPW-BLESDKCM3/BLESW_CoreStack/Libraries/BLESW_NWAS_CM3.a
LOAD ./../Libraries/BLEStack/3rd-party/Alpwise/ALPW-BLESDKCM3/BLESW_CoreStack/Libraries/BLESW_DIS_CM3.a
LOAD ./../Libraries/BLEStack/3rd-party/Alpwise/ALPW-BLESDKCM3/BLESW_CyclingPower/Libraries/BLESW_CPP_Sensor_CM3.a
LOAD ./../Libraries/BLEStack/3rd-party/Alpwise/ALPW-BLESDKCM3/BLESW_CyclingPower/Libraries/BLESW_CPP_Collector_CM3.a
LOAD ./../Libraries/BLEStack/3rd-party/Alpwise/ALPW-BLESDKCM3/BLESW_CyclingSpeedAndCadence/Libraries/BLESW_CSCP_Sensor_CM3.a
LOAD ./../Libraries/BLEStack/3rd-party/Alpwise/ALPW-BLESDKCM3/BLESW_CyclingSpeedAndCadence/Libraries/BLESW_CSCP_Collector_CM3.a
LOAD ./../Libraries/BLEStack/3rd-party/Alpwise/ALPW-BLESDKCM3/BLESW_FindMe/Libraries/BLESW_FMP_Target_CM3.a
LOAD ./../Libraries/BLEStack/3rd-party/Alpwise/ALPW-BLESDKCM3/BLESW_FindMe/Libraries/BLESW_FMP_Locator_CM3.a
LOAD ./../Libraries/BLEStack/3rd-party/Alpwise/ALPW-BLESDKCM3/BLESW_Glucose/Libraries/BLESW_GLP_Sensor_CM3.a
LOAD ./../Libraries/BLEStack/3rd-party/Alpwise/ALPW-BLESDKCM3/BLESW_Glucose/Libraries/BLESW_GLP_Collector_CM3.a
LOAD ./../Libraries/BLEStack/3rd-party/Alpwise/ALPW-BLESDKCM3/BLESW_HealthThermometer/Libraries/BLESW_HTP_Thermometer_CM3.a
LOAD ./../Libraries/BLEStack/3rd-party/Alpwise/ALPW-BLESDKCM3/BLESW_HealthThermometer/Libraries/BLESW_HTP_Collector_CM3.a
LOAD ./../Libraries/BLEStack/3rd-party/Alpwise/ALPW-BLESDKCM3/BLESW_HeartRate/Libraries/BLESW_HRP_Sensor_CM3.a
LOAD ./../Libraries/BLEStack/3rd-party/Alpwise/ALPW-BLESDKCM3/BLESW_HeartRate/Libraries/BLESW_HRP_Collector_CM3.a
LOAD ./../Libraries/BLEStack/3rd-party/Alpwise/ALPW-BLESDKCM3/BLESW_HumanInterfaceDevice/Libraries/BLESW_HID_Device_CM3.a
LOAD ./../Libraries/BLEStack/3rd-party/Alpwise/ALPW-BLESDKCM3/BLESW_HumanInterfaceDevice/Libraries/BLESW_HID_Host_CM3.a
LOAD ./../Libraries/BLEStack/3rd-party/Alpwise/ALPW-BLESDKCM3/BLESW_iBeacon/Libraries/BLESW_IBN_Reporter_CM3.a
LOAD ./../Libraries/BLEStack/3rd-party/Alpwise/ALPW-BLESDKCM3/BLESW_LocationAndNavigation/Libraries/BLESW_LNP_Sensor_CM3.a
LOAD ./../Libraries/BLEStack/3rd-party/Alpwise/ALPW-BLESDKCM3/BLESW_LocationAndNavigation/Libraries/BLESW_LNP_Collector_CM3.a
LOAD ./../Libraries/BLEStack/3rd-party/Alpwise/ALPW-BLESDKCM3/BLESW_NetworkAvailability/Libraries/BLESW_NWAP_Monitor_CM3.a
LOAD ./../Libraries/BLEStack/3rd-party/Alpwise/ALPW-BLESDKCM3/BLESW_NetworkAvailability/Libraries/BLESW_NWAP_Reporter_CM3.a
LOAD ./../Libraries/BLEStack/3rd-party/Alpwise/ALPW-BLESDKCM3/BLESW_PhoneAlertStatus/Libraries/BLESW_PASP_Client_CM3.a
LOAD ./../Libraries/BLEStack/3rd-party/Alpwise/ALPW-BLESDKCM3/BLESW_PhoneAlertStatus/Libraries/BLESW_PASP_Server_CM3.a
LOAD ./../Libraries/BLEStack/3rd-party/Alpwise/ALPW-BLESDKCM3/BLESW_Proximity/Libraries/BLESW_PXP_Reporter_CM3.a
LOAD ./../Libraries/BLEStack/3rd-party/Alpwise/ALPW-BLESDKCM3/BLESW_Proximity/Libraries/BLESW_PXP_Monitor_CM3.a
LOAD ./../Libraries/BLEStack/3rd-party/Alpwise/ALPW-BLESDKCM3/BLESW_RunningSpeedAndCadence/Libraries/BLESW_RSCP_Sensor_CM3.a
LOAD ./../Libraries/BLEStack/3rd-party/Alpwise/ALPW-BLESDKCM3/BLESW_RunningSpeedAndCadence/Libraries/BLESW_RSCP_Collector_CM3.a
LOAD ./../Libraries/BLEStack/3rd-party/Alpwise/ALPW-BLESDKCM3/BLESW_Time/Libraries/BLESW_TIP_Server_CM3.a
LOAD ./../Libraries/BLEStack/3rd-party/Alpwise/ALPW-BLESDKCM3/BLESW_Time/Libraries/BLESW_TIP_Client_CM3.a
LOAD ./../Libraries/EMlib/3rd-party/EMLib/CMSIS/Lib/GCC/libarm_cortexM3l_math.a
LOAD ./../Libraries/BSX/BSX4/Source/algo/algo_bsx/Lib/libalgobsxm3/libalgobsx.a
LOAD ./../Platform/LoRaDrivers/release/libLoRaDrivers_efm32.a
LOAD ./../Platform/ServalPAL/release/libServalPal_efm32.a
LOAD ./../Libraries/Escrypt_CycurTLS/release/libEscrypt_CycurTLS_efm32.a
END GROUP
START GROUP
LOAD c:/xdk-workbench/xdk/armgcc/bin/../lib/gcc/arm-none-eabi/4.7.4/armv7-m\libgcc.a
LOAD c:/xdk-workbench/xdk/armgcc/bin/../lib/gcc/arm-none-eabi/4.7.4/../../../../arm-none-eabi/lib/armv7-m\libc.a
LOAD c:/xdk-workbench/xdk/armgcc/bin/../lib/gcc/arm-none-eabi/4.7.4/../../../../arm-none-eabi/lib/armv7-m\libm.a
END GROUP
START GROUP
LOAD c:/xdk-workbench/xdk/armgcc/bin/../lib/gcc/arm-none-eabi/4.7.4/armv7-m\libgcc.a
LOAD c:/xdk-workbench/xdk/armgcc/bin/../lib/gcc/arm-none-eabi/4.7.4/../../../../arm-none-eabi/lib/armv7-m\libc.a
END GROUP
LOAD c:/xdk-workbench/xdk/armgcc/bin/../lib/gcc/arm-none-eabi/4.7.4/armv7-m/crtend.o
LOAD c:/xdk-workbench/xdk/armgcc/bin/../lib/gcc/arm-none-eabi/4.7.4/armv7-m/crtn.o

.text           0x00020200    0x17594
 *(.isr_vector)
 .isr_vector    0x00020200      0x100 C:/Users/Seb/XDK-Workspace/testUart/debug/objects/startup_efm32gg.o
                0x00020200                __isr_vector
 *(.text*)
 .text          0x00020300       0x54 c:/xdk-workbench/xdk/armgcc/bin/../lib/gcc/arm-none-eabi/4.7.4/armv7-m/crtbegin.o
 .text          0x00020354       0x70 c:/xdk-workbench/xdk/armgcc/bin/../lib/gcc/arm-none-eabi/4.7.4/../../../../arm-none-eabi/lib/armv7-m/crt0.o
                0x00020354                _start
                0x00020354                start
                0x00020354                _mainCRTStartup
 .text.Assert_Initialize
                0x000203c4       0x40 C:/Users/Seb/XDK-Workspace/testUart/debug/objects/source/Assert.o
                0x000203c4                Assert_Initialize
 .text.Assert_Dynamic
                0x00020404       0x2c C:/Users/Seb/XDK-Workspace/testUart/debug/objects/source/Assert.o
                0x00020404                Assert_Dynamic
 .text._close   0x00020430       0x18 C:/Users/Seb/XDK-Workspace/testUart/debug/objects/source/RetargetStdio.o
                0x00020430                _close
 .text._exit    0x00020448        0xc C:/Users/Seb/XDK-Workspace/testUart/debug/objects/source/RetargetStdio.o
                0x00020448                _exit
 .text._fstat   0x00020454       0x24 C:/Users/Seb/XDK-Workspace/testUart/debug/objects/source/RetargetStdio.o
                0x00020454                _fstat
 .text._isatty  0x00020478       0x18 C:/Users/Seb/XDK-Workspace/testUart/debug/objects/source/RetargetStdio.o
                0x00020478                _isatty
 .text._lseek   0x00020490       0x1c C:/Users/Seb/XDK-Workspace/testUart/debug/objects/source/RetargetStdio.o
                0x00020490                _lseek
 .text._read    0x000204ac       0x70 C:/Users/Seb/XDK-Workspace/testUart/debug/objects/source/RetargetStdio.o
                0x000204ac                _read
 .text._sbrk    0x0002051c       0xa0 C:/Users/Seb/XDK-Workspace/testUart/debug/objects/source/RetargetStdio.o
                0x0002051c                _sbrk
 .text._write   0x000205bc       0x20 C:/Users/Seb/XDK-Workspace/testUart/debug/objects/source/RetargetStdio.o
                0x000205bc                _write
 .text.NVIC_SystemReset
                0x000205dc       0x30 C:/Users/Seb/XDK-Workspace/testUart/debug/objects/source/UsbResetUtility.o
 .text.UsbResetUtility_SystemReset
                0x0002060c       0x10 C:/Users/Seb/XDK-Workspace/testUart/debug/objects/source/UsbResetUtility.o
 .text.UsbResetUtility_InteruptHandling
                0x0002061c       0x54 C:/Users/Seb/XDK-Workspace/testUart/debug/objects/source/UsbResetUtility.o
 .text.UsbResetUtility_Init
                0x00020670       0x40 C:/Users/Seb/XDK-Workspace/testUart/debug/objects/source/UsbResetUtility.o
                0x00020670                UsbResetUtility_Init
 .text.UsbResetUtility_UsbISRCallback
                0x000206b0      0x138 C:/Users/Seb/XDK-Workspace/testUart/debug/objects/source/UsbResetUtility.o
                0x000206b0                UsbResetUtility_UsbISRCallback
 .text.Retcode_GetPackage
                0x000207e8       0x1c C:/Users/Seb/XDK-Workspace/testUart/debug/objects/source/SystemStartup.o
 .text.Retcode_GetModuleId
                0x00020804       0x1c C:/Users/Seb/XDK-Workspace/testUart/debug/objects/source/SystemStartup.o
 .text.Retcode_GetSeverity
                0x00020820       0x24 C:/Users/Seb/XDK-Workspace/testUart/debug/objects/source/SystemStartup.o
 .text.Retcode_GetCode
                0x00020844       0x20 C:/Users/Seb/XDK-Workspace/testUart/debug/objects/source/SystemStartup.o
 .text.bleGetMacAddress
                0x00020864       0xec C:/Users/Seb/XDK-Workspace/testUart/debug/objects/source/SystemStartup.o
 .text.SysTickPreCallback
                0x00020950       0x14 C:/Users/Seb/XDK-Workspace/testUart/debug/objects/source/SystemStartup.o
 .text.DefaultErrorHandlingFunc
                0x00020964       0xf4 C:/Users/Seb/XDK-Workspace/testUart/debug/objects/source/SystemStartup.o
                0x00020964                DefaultErrorHandlingFunc
 .text.assertIndicationMapping
                0x00020a58       0x44 C:/Users/Seb/XDK-Workspace/testUart/debug/objects/source/SystemStartup.o
                0x00020a58                assertIndicationMapping
 .text.systemStartup
                0x00020a9c      0x154 C:/Users/Seb/XDK-Workspace/testUart/debug/objects/source/SystemStartup.o
                0x00020a9c                systemStartup
 .text.vApplicationStackOverflowHook
                0x00020bf0       0x5c C:/Users/Seb/XDK-Workspace/testUart/debug/objects/source/SystemStartup.o
                0x00020bf0                vApplicationStackOverflowHook
 .text.vApplicationMallocFailedHook
                0x00020c4c       0x14 C:/Users/Seb/XDK-Workspace/testUart/debug/objects/source/SystemStartup.o
                0x00020c4c                vApplicationMallocFailedHook
 .text.INT_Disable
                0x00020c60       0x40 C:/Users/Seb/XDK-Workspace/testUart/debug/objects/./../Libraries/EMlib/3rd-party/EMLib/usb/src/em_usbdint.o
 .text.INT_Enable
                0x00020ca0       0x54 C:/Users/Seb/XDK-Workspace/testUart/debug/objects/./../Libraries/EMlib/3rd-party/EMLib/usb/src/em_usbdint.o
 .text.USBHAL_FlushTxFifo
                0x00020cf4       0x4c C:/Users/Seb/XDK-Workspace/testUart/debug/objects/./../Libraries/EMlib/3rd-party/EMLib/usb/src/em_usbdint.o
 .text.USBHAL_GetCoreInts
                0x00020d40       0x40 C:/Users/Seb/XDK-Workspace/testUart/debug/objects/./../Libraries/EMlib/3rd-party/EMLib/usb/src/em_usbdint.o
 .text.USBDHAL_EnableInts
                0x00020d80       0x70 C:/Users/Seb/XDK-Workspace/testUart/debug/objects/./../Libraries/EMlib/3rd-party/EMLib/usb/src/em_usbdint.o
 .text.USBDHAL_Ep0Activate
                0x00020df0       0x70 C:/Users/Seb/XDK-Workspace/testUart/debug/objects/./../Libraries/EMlib/3rd-party/EMLib/usb/src/em_usbdint.o
 .text.USBDHAL_GetAllInEpInts
                0x00020e60       0x48 C:/Users/Seb/XDK-Workspace/testUart/debug/objects/./../Libraries/EMlib/3rd-party/EMLib/usb/src/em_usbdint.o
 .text.USBDHAL_GetAllOutEpInts
                0x00020ea8       0x44 C:/Users/Seb/XDK-Workspace/testUart/debug/objects/./../Libraries/EMlib/3rd-party/EMLib/usb/src/em_usbdint.o
 .text.USBDHAL_GetInEpInts
                0x00020eec       0x44 C:/Users/Seb/XDK-Workspace/testUart/debug/objects/./../Libraries/EMlib/3rd-party/EMLib/usb/src/em_usbdint.o
 .text.USBDHAL_GetOutEpInts
                0x00020f30       0x44 C:/Users/Seb/XDK-Workspace/testUart/debug/objects/./../Libraries/EMlib/3rd-party/EMLib/usb/src/em_usbdint.o
 .text.USBDHAL_StartEp0Setup
                0x00020f74       0x88 C:/Users/Seb/XDK-Workspace/testUart/debug/objects/./../Libraries/EMlib/3rd-party/EMLib/usb/src/em_usbdint.o
 .text.USBD_GetEpFromAddr
                0x00020ffc       0xa0 C:/Users/Seb/XDK-Workspace/testUart/debug/objects/./../Libraries/EMlib/3rd-party/EMLib/usb/src/em_usbdint.o
 .text.USB_IRQHandler
                0x0002109c      0x16c C:/Users/Seb/XDK-Workspace/testUart/debug/objects/./../Libraries/EMlib/3rd-party/EMLib/usb/src/em_usbdint.o
                0x0002109c                USB_IRQHandler
 .text.Handle_USB_GINTSTS_ENUMDONE
                0x00021208       0x3c C:/Users/Seb/XDK-Workspace/testUart/debug/objects/./../Libraries/EMlib/3rd-party/EMLib/usb/src/em_usbdint.o
 .text.Handle_USB_GINTSTS_IEPINT
                0x00021244      0x118 C:/Users/Seb/XDK-Workspace/testUart/debug/objects/./../Libraries/EMlib/3rd-party/EMLib/usb/src/em_usbdint.o
 .text.Handle_USB_GINTSTS_OEPINT
                0x0002135c      0x230 C:/Users/Seb/XDK-Workspace/testUart/debug/objects/./../Libraries/EMlib/3rd-party/EMLib/usb/src/em_usbdint.o
 .text.Handle_USB_GINTSTS_RESETDET
                0x0002158c       0x40 C:/Users/Seb/XDK-Workspace/testUart/debug/objects/./../Libraries/EMlib/3rd-party/EMLib/usb/src/em_usbdint.o
 .text.Handle_USB_GINTSTS_SOF
                0x000215cc       0x64 C:/Users/Seb/XDK-Workspace/testUart/debug/objects/./../Libraries/EMlib/3rd-party/EMLib/usb/src/em_usbdint.o
 .text.Handle_USB_GINTSTS_USBRST
                0x00021630      0x150 C:/Users/Seb/XDK-Workspace/testUart/debug/objects/./../Libraries/EMlib/3rd-party/EMLib/usb/src/em_usbdint.o
 .text.Handle_USB_GINTSTS_USBSUSP
                0x00021780       0x68 C:/Users/Seb/XDK-Workspace/testUart/debug/objects/./../Libraries/EMlib/3rd-party/EMLib/usb/src/em_usbdint.o
 .text.Handle_USB_GINTSTS_WKUPINT
                0x000217e8       0x30 C:/Users/Seb/XDK-Workspace/testUart/debug/objects/./../Libraries/EMlib/3rd-party/EMLib/usb/src/em_usbdint.o
 .text.main     0x00021818       0xa8 C:/Users/Seb/XDK-Workspace/testUart/debug/objects/Main.o
                0x00021818                main
 .text.uartCallback
                0x000218c0       0x24 C:/Users/Seb/XDK-Workspace/testUart/debug/objects/testUart.o
                0x000218c0                uartCallback
 .text.initUART
                0x000218e4      0x100 C:/Users/Seb/XDK-Workspace/testUart/debug/objects/testUart.o
                0x000218e4                initUART
 .text.testUART
                0x000219e4       0xc4 C:/Users/Seb/XDK-Workspace/testUart/debug/objects/testUart.o
                0x000219e4                testUART
 .text.createNewUARTTask
                0x00021aa8       0x48 C:/Users/Seb/XDK-Workspace/testUart/debug/objects/testUart.o
                0x00021aa8                createNewUARTTask
 .text.appInitSystem
                0x00021af0       0x50 C:/Users/Seb/XDK-Workspace/testUart/debug/objects/testUart.o
                0x00021af0                appInitSystem
 .text          0x00021b40       0x98 C:/Users/Seb/XDK-Workspace/testUart/debug/objects/startup_efm32gg.o
                0x00021b40                Reset_Handler
                0x00021b74                Default_Handler
                0x00021b76                NMI_Handler
                0x00021b78                HardFault_Handler
                0x00021b7a                MemManage_Handler
                0x00021b7c                BusFault_Handler
                0x00021b7e                UsageFault_Handler
                0x00021b82                DebugMon_Handler
                0x00021b8c                TIMER0_IRQHandler
                0x00021b92                ACMP0_IRQHandler
                0x00021b96                ADC0_IRQHandler
                0x00021b98                DAC0_IRQHandler
                0x00021ba0                TIMER1_IRQHandler
                0x00021ba2                TIMER2_IRQHandler
                0x00021ba4                TIMER3_IRQHandler
                0x00021baa                LESENSE_IRQHandler
                0x00021bb8                LEUART0_IRQHandler
                0x00021bba                LEUART1_IRQHandler
                0x00021bbc                LETIMER0_IRQHandler
                0x00021bbe                PCNT0_IRQHandler
                0x00021bc0                PCNT1_IRQHandler
                0x00021bc2                PCNT2_IRQHandler
                0x00021bc6                BURTC_IRQHandler
                0x00021bc8                CMU_IRQHandler
                0x00021bca                VCMP_IRQHandler
                0x00021bcc                LCD_IRQHandler
                0x00021bce                MSC_IRQHandler
                0x00021bd0                AES_IRQHandler
                0x00021bd2                EBI_IRQHandler
                0x00021bd4                EMU_IRQHandler
 .text.GPIO_PinOutClear
                0x00021bd8       0x4c ./../Platform/BSP/debug/libBSP_efm32_debug.a(BSP_LED.o)
 .text.GPIO_PinOutSet
                0x00021c24       0x4c ./../Platform/BSP/debug/libBSP_efm32_debug.a(BSP_LED.o)
 .text.GPIO_PinOutToggle
                0x00021c70       0x4c ./../Platform/BSP/debug/libBSP_efm32_debug.a(BSP_LED.o)
 .text.BSP_LED_Connect
                0x00021cbc       0x48 ./../Platform/BSP/debug/libBSP_efm32_debug.a(BSP_LED.o)
                0x00021cbc                BSP_LED_Connect
 .text.BSP_LED_EnableAll
                0x00021d04       0x3c ./../Platform/BSP/debug/libBSP_efm32_debug.a(BSP_LED.o)
                0x00021d04                BSP_LED_EnableAll
 .text.BSP_LED_Switch
                0x00021d40      0x15c ./../Platform/BSP/debug/libBSP_efm32_debug.a(BSP_LED.o)
                0x00021d40                BSP_LED_Switch
 .text.BSP_LED_SwitchAll
                0x00021e9c       0xd0 ./../Platform/BSP/debug/libBSP_efm32_debug.a(BSP_LED.o)
                0x00021e9c                BSP_LED_SwitchAll
 .text.USB_setSerialNumber
                0x00021f6c       0x7c ./../Platform/BSP/debug/libBSP_efm32_debug.a(BSP_USB.o)
 .text.USB_dataReceivedCallback
                0x00021fe8       0x98 ./../Platform/BSP/debug/libBSP_efm32_debug.a(BSP_USB.o)
 .text.USB_dataTransferred
                0x00022080       0x4c ./../Platform/BSP/debug/libBSP_efm32_debug.a(BSP_USB.o)
 .text.USB_stateChange
                0x000220cc       0x58 ./../Platform/BSP/debug/libBSP_efm32_debug.a(BSP_USB.o)
                0x000220cc                USB_stateChange
 .text.USB_setupCommand
                0x00022124      0x108 ./../Platform/BSP/debug/libBSP_efm32_debug.a(BSP_USB.o)
                0x00022124                USB_setupCommand
 .text.USB_init
                0x0002222c       0xd0 ./../Platform/BSP/debug/libBSP_efm32_debug.a(BSP_USB.o)
                0x0002222c                USB_init
 .text.USB_receiveByte
                0x000222fc       0xa0 ./../Platform/BSP/debug/libBSP_efm32_debug.a(BSP_USB.o)
                0x000222fc                USB_receiveByte
 .text.RETARGET_WriteChar
                0x0002239c       0x2c ./../Platform/BSP/debug/libBSP_efm32_debug.a(BSP_USB.o)
                0x0002239c                RETARGET_WriteChar
 .text.USB_transmitData
                0x000223c8       0xc4 ./../Platform/BSP/debug/libBSP_efm32_debug.a(BSP_USB.o)
                0x000223c8                USB_transmitData
 .text.RETARGET_ReadChar
                0x0002248c       0x24 ./../Platform/BSP/debug/libBSP_efm32_debug.a(BSP_USB.o)
                0x0002248c                RETARGET_ReadChar
 .text.USB_callBackMapping
                0x000224b0       0x38 ./../Platform/BSP/debug/libBSP_efm32_debug.a(BSP_USB.o)
                0x000224b0                USB_callBackMapping
 .text.NVIC_SetPriorityGrouping
                0x000224e8       0x50 ./../Platform/BSP/debug/libBSP_efm32_debug.a(BSP_Board.o)
 .text.NVIC_EnableIRQ
                0x00022538       0x38 ./../Platform/BSP/debug/libBSP_efm32_debug.a(BSP_Board.o)
 .text.NVIC_DisableIRQ
                0x00022570       0x3c ./../Platform/BSP/debug/libBSP_efm32_debug.a(BSP_Board.o)
 .text.NVIC_ClearPendingIRQ
                0x000225ac       0x3c ./../Platform/BSP/debug/libBSP_efm32_debug.a(BSP_Board.o)
 .text.NVIC_SetPriority
                0x000225e8       0x5c ./../Platform/BSP/debug/libBSP_efm32_debug.a(BSP_Board.o)
 .text.SysTick_Config
                0x00022644       0x64 ./../Platform/BSP/debug/libBSP_efm32_debug.a(BSP_Board.o)
 .text.CHIP_Init
                0x000226a8       0x50 ./../Platform/BSP/debug/libBSP_efm32_debug.a(BSP_Board.o)
 .text.GPIO_PinOutClear
                0x000226f8       0x4c ./../Platform/BSP/debug/libBSP_efm32_debug.a(BSP_Board.o)
 .text.BSP_Board_OSTickInitialize
                0x00022744       0x2c ./../Platform/BSP/debug/libBSP_efm32_debug.a(BSP_Board.o)
                0x00022744                BSP_Board_OSTickInitialize
 .text.BSP_Board_Initialize
                0x00022770      0x150 ./../Platform/BSP/debug/libBSP_efm32_debug.a(BSP_Board.o)
                0x00022770                BSP_Board_Initialize
 .text.BSP_Board_SetOStoBSPDelayFunc
                0x000228c0       0x20 ./../Platform/BSP/debug/libBSP_efm32_debug.a(BSP_Board.o)
                0x000228c0                BSP_Board_SetOStoBSPDelayFunc
 .text.Board_GPIOInterruptInit
                0x000228e0       0x30 ./../Platform/BSP/debug/libBSP_efm32_debug.a(BSP_Board.o)
                0x000228e0                Board_GPIOInterruptInit
 .text.Board_GPIOInterruptDispatch
                0x00022910       0x64 ./../Platform/BSP/debug/libBSP_efm32_debug.a(BSP_Board.o)
                0x00022910                Board_GPIOInterruptDispatch
 .text.Board_UART0_UART_Init
                0x00022974       0xcc ./../Platform/BSP/debug/libBSP_efm32_debug.a(BSP_Board.o)
                0x00022974                Board_UART0_UART_Init
 .text.Board_UART1_UART_Init
                0x00022a40       0xcc ./../Platform/BSP/debug/libBSP_efm32_debug.a(BSP_Board.o)
                0x00022a40                Board_UART1_UART_Init
 .text.Board_USART0_SPI_Init
                0x00022b0c       0xa8 ./../Platform/BSP/debug/libBSP_efm32_debug.a(BSP_Board.o)
                0x00022b0c                Board_USART0_SPI_Init
 .text.Board_USART1_SPI_Init
                0x00022bb4       0x8c ./../Platform/BSP/debug/libBSP_efm32_debug.a(BSP_Board.o)
                0x00022bb4                Board_USART1_SPI_Init
 .text.Board_GPIO_Init
                0x00022c40       0x6c ./../Platform/BSP/debug/libBSP_efm32_debug.a(BSP_Board.o)
                0x00022c40                Board_GPIO_Init
 .text.Board_WakeupPowerSupply2V5
                0x00022cac       0x50 ./../Platform/BSP/debug/libBSP_efm32_debug.a(BSP_Board.o)
                0x00022cac                Board_WakeupPowerSupply2V5
 .text.PowerSupply2V5UpdateRegister
                0x00022cfc      0x268 ./../Platform/BSP/debug/libBSP_efm32_debug.a(BSP_Board.o)
                0x00022cfc                PowerSupply2V5UpdateRegister
 .text.Board_ADC_Init
                0x00022f64       0x78 ./../Platform/BSP/debug/libBSP_efm32_debug.a(BSP_Board.o)
                0x00022f64                Board_ADC_Init
 .text.Board_I2C0_Init
                0x00022fdc       0x54 ./../Platform/BSP/debug/libBSP_efm32_debug.a(BSP_Board.o)
                0x00022fdc                Board_I2C0_Init
 .text.Board_I2C1_Init
                0x00023030       0x54 ./../Platform/BSP/debug/libBSP_efm32_debug.a(BSP_Board.o)
                0x00023030                Board_I2C1_Init
 .text.Board_USB_Init
                0x00023084       0x70 ./../Platform/BSP/debug/libBSP_efm32_debug.a(BSP_Board.o)
                0x00023084                Board_USB_Init
 .text.Board_IncTick
                0x000230f4       0x24 ./../Platform/BSP/debug/libBSP_efm32_debug.a(BSP_Board.o)
                0x000230f4                Board_IncTick
 .text.Board_GetTick
                0x00023118       0x18 ./../Platform/BSP/debug/libBSP_efm32_debug.a(BSP_Board.o)
                0x00023118                Board_GetTick
 .text.Board_Delay
                0x00023130       0x30 ./../Platform/BSP/debug/libBSP_efm32_debug.a(BSP_Board.o)
                0x00023130                Board_Delay
 .text.Board_RTC_Init
                0x00023160       0xa0 ./../Platform/BSP/debug/libBSP_efm32_debug.a(BSP_Board.o)
                0x00023160                Board_RTC_Init
 .text.Board_BURTC_Init
                0x00023200       0x28 ./../Platform/BSP/debug/libBSP_efm32_debug.a(BSP_Board.o)
                0x00023200                Board_BURTC_Init
 .text.BSP_Board_EnableSysTick
                0x00023228       0x38 ./../Platform/BSP/debug/libBSP_efm32_debug.a(BSP_Board.o)
                0x00023228                BSP_Board_EnableSysTick
 .text.NVIC_EnableIRQ
                0x00023260       0x38 ./../Platform/BSP/debug/libBSP_efm32_debug.a(BSP_DMA.o)
 .text.NVIC_ClearPendingIRQ
                0x00023298       0x3c ./../Platform/BSP/debug/libBSP_efm32_debug.a(BSP_DMA.o)
 .text.NVIC_SetPriority
                0x000232d4       0x5c ./../Platform/BSP/debug/libBSP_efm32_debug.a(BSP_DMA.o)
 .text.BSP_DMA_Initialize
                0x00023330       0x88 ./../Platform/BSP/debug/libBSP_efm32_debug.a(BSP_DMA.o)
                0x00023330                BSP_DMA_Initialize
 .text.BSP_DMA_Enable
                0x000233b8       0x54 ./../Platform/BSP/debug/libBSP_efm32_debug.a(BSP_DMA.o)
                0x000233b8                BSP_DMA_Enable
 .text.GPIO_IntClear
                0x0002340c       0x20 ./../Platform/BSP/debug/libBSP_efm32_debug.a(BSP_IrqHandler.o)
 .text.GPIO_IntGetEnabled
                0x0002342c       0x30 ./../Platform/BSP/debug/libBSP_efm32_debug.a(BSP_IrqHandler.o)
 .text.SysTick_Handler
                0x0002345c       0x40 ./../Platform/BSP/debug/libBSP_efm32_debug.a(BSP_IrqHandler.o)
                0x0002345c                SysTick_Handler
 .text.GPIO_EVEN_IRQHandler
                0x0002349c       0x28 ./../Platform/BSP/debug/libBSP_efm32_debug.a(BSP_IrqHandler.o)
                0x0002349c                GPIO_EVEN_IRQHandler
 .text.GPIO_ODD_IRQHandler
                0x000234c4       0x28 ./../Platform/BSP/debug/libBSP_efm32_debug.a(BSP_IrqHandler.o)
                0x000234c4                GPIO_ODD_IRQHandler
 .text.UART0_TX_IRQHandler
                0x000234ec        0xc ./../Platform/BSP/debug/libBSP_efm32_debug.a(BSP_IrqHandler.o)
                0x000234ec                UART0_TX_IRQHandler
 .text.UART0_RX_IRQHandler
                0x000234f8        0xc ./../Platform/BSP/debug/libBSP_efm32_debug.a(BSP_IrqHandler.o)
                0x000234f8                UART0_RX_IRQHandler
 .text.USART0_TX_IRQHandler
                0x00023504        0xc ./../Platform/BSP/debug/libBSP_efm32_debug.a(BSP_IrqHandler.o)
                0x00023504                USART0_TX_IRQHandler
 .text.USART0_RX_IRQHandler
                0x00023510        0xc ./../Platform/BSP/debug/libBSP_efm32_debug.a(BSP_IrqHandler.o)
                0x00023510                USART0_RX_IRQHandler
 .text.I2C0_IRQHandler
                0x0002351c        0xc ./../Platform/BSP/debug/libBSP_efm32_debug.a(BSP_IrqHandler.o)
                0x0002351c                I2C0_IRQHandler
 .text.I2C1_IRQHandler
                0x00023528        0xc ./../Platform/BSP/debug/libBSP_efm32_debug.a(BSP_IrqHandler.o)
                0x00023528                I2C1_IRQHandler
 .text.USART2_TX_IRQHandler
                0x00023534        0xc ./../Platform/BSP/debug/libBSP_efm32_debug.a(BSP_IrqHandler.o)
                0x00023534                USART2_TX_IRQHandler
 .text.USART2_RX_IRQHandler
                0x00023540        0xc ./../Platform/BSP/debug/libBSP_efm32_debug.a(BSP_IrqHandler.o)
                0x00023540                USART2_RX_IRQHandler
 .text.UART1_TX_IRQHandler
                0x0002354c        0xc ./../Platform/BSP/debug/libBSP_efm32_debug.a(BSP_IrqHandler.o)
                0x0002354c                UART1_TX_IRQHandler
 .text.UART1_RX_IRQHandler
                0x00023558        0xc ./../Platform/BSP/debug/libBSP_efm32_debug.a(BSP_IrqHandler.o)
                0x00023558                UART1_RX_IRQHandler
 .text.USART1_TX_IRQHandler
                0x00023564        0xc ./../Platform/BSP/debug/libBSP_efm32_debug.a(BSP_IrqHandler.o)
                0x00023564                USART1_TX_IRQHandler
 .text.USART1_RX_IRQHandler
                0x00023570        0xc ./../Platform/BSP/debug/libBSP_efm32_debug.a(BSP_IrqHandler.o)
                0x00023570                USART1_RX_IRQHandler
 .text.RTC_IRQHandler
                0x0002357c        0xc ./../Platform/BSP/debug/libBSP_efm32_debug.a(BSP_IrqHandler.o)
                0x0002357c                RTC_IRQHandler
 .text.IrqHandler_SysTickDummyHandler
                0x00023588       0x10 ./../Platform/BSP/debug/libBSP_efm32_debug.a(BSP_IrqHandler.o)
                0x00023588                IrqHandler_SysTickDummyHandler
 .text.NVIC_EnableIRQ
                0x00023598       0x38 ./../Platform/BSP/debug/libBSP_efm32_debug.a(BSP_ExtensionPort.o)
 .text.NVIC_ClearPendingIRQ
                0x000235d0       0x3c ./../Platform/BSP/debug/libBSP_efm32_debug.a(BSP_ExtensionPort.o)
 .text.NVIC_SetPriority
                0x0002360c       0x5c ./../Platform/BSP/debug/libBSP_efm32_debug.a(BSP_ExtensionPort.o)
 .text.SetUartOwnership
                0x00023668       0x4c ./../Platform/BSP/debug/libBSP_efm32_debug.a(BSP_ExtensionPort.o)
 .text.IsUartPortAvailable
                0x000236b4       0x64 ./../Platform/BSP/debug/libBSP_efm32_debug.a(BSP_ExtensionPort.o)
 .text.BSP_ExtensionPort_SetGpioOwner
                0x00023718       0x54 ./../Platform/BSP/debug/libBSP_efm32_debug.a(BSP_ExtensionPort.o)
                0x00023718                BSP_ExtensionPort_SetGpioOwner
 .text.BSP_ExtensionPort_GetGpioOwner
                0x0002376c       0x50 ./../Platform/BSP/debug/libBSP_efm32_debug.a(BSP_ExtensionPort.o)
                0x0002376c                BSP_ExtensionPort_GetGpioOwner
 .text.BSP_ExtensionPort_I2cIsr
                0x000237bc       0x5c ./../Platform/BSP/debug/libBSP_efm32_debug.a(BSP_ExtensionPort.o)
                0x000237bc                BSP_ExtensionPort_I2cIsr
 .text.BSP_ExtensionPort_SpiRxIsr
                0x00023818       0x5c ./../Platform/BSP/debug/libBSP_efm32_debug.a(BSP_ExtensionPort.o)
                0x00023818                BSP_ExtensionPort_SpiRxIsr
 .text.BSP_ExtensionPort_SpiTxIsr
                0x00023874       0x5c ./../Platform/BSP/debug/libBSP_efm32_debug.a(BSP_ExtensionPort.o)
                0x00023874                BSP_ExtensionPort_SpiTxIsr
 .text.BSP_ExtensionPort_GetUartHandle
                0x000238d0       0x20 ./../Platform/BSP/debug/libBSP_efm32_debug.a(BSP_ExtensionPort.o)
                0x000238d0                BSP_ExtensionPort_GetUartHandle
 .text.BSP_ExtensionPort_ConnectUart
                0x000238f0       0xd4 ./../Platform/BSP/debug/libBSP_efm32_debug.a(BSP_ExtensionPort.o)
                0x000238f0                BSP_ExtensionPort_ConnectUart
 .text.BSP_ExtensionPort_EnableUart
                0x000239c4      0x230 ./../Platform/BSP/debug/libBSP_efm32_debug.a(BSP_ExtensionPort.o)
                0x000239c4                BSP_ExtensionPort_EnableUart
 .text.BSP_ExtensionPort_UARTRxIsr
                0x00023bf4       0x5c ./../Platform/BSP/debug/libBSP_efm32_debug.a(BSP_ExtensionPort.o)
                0x00023bf4                BSP_ExtensionPort_UARTRxIsr
 .text.BSP_ExtensionPort_UARTTxIsr
                0x00023c50       0x5c ./../Platform/BSP/debug/libBSP_efm32_debug.a(BSP_ExtensionPort.o)
                0x00023c50                BSP_ExtensionPort_UARTTxIsr
 .text.WiFi_CC3100MOD_SPIRxISR
                0x00023cac       0x28 ./../Platform/BSP/debug/libBSP_efm32_debug.a(BSP_WiFi_cc3100mod.o)
                0x00023cac                WiFi_CC3100MOD_SPIRxISR
 .text.WiFi_CC3100MOD_SPITxISR
                0x00023cd4       0x28 ./../Platform/BSP/debug/libBSP_efm32_debug.a(BSP_WiFi_cc3100mod.o)
                0x00023cd4                WiFi_CC3100MOD_SPITxISR
 .text.BT_EM9301_UART_TxISR
                0x00023cfc       0x28 ./../Platform/BSP/debug/libBSP_efm32_debug.a(BSP_BT_EM9301.o)
                0x00023cfc                BT_EM9301_UART_TxISR
 .text.BT_EM9301_UART_RxISR
                0x00023d24       0x28 ./../Platform/BSP/debug/libBSP_efm32_debug.a(BSP_BT_EM9301.o)
                0x00023d24                BT_EM9301_UART_RxISR
 .text.SensorNode_I2CISR
                0x00023d4c       0x28 ./../Platform/BSP/debug/libBSP_efm32_debug.a(BSP_SensorNode.o)
                0x00023d4c                SensorNode_I2CISR
 .text.SDCard_SPIRxISR
                0x00023d74       0x28 ./../Platform/BSP/debug/libBSP_efm32_debug.a(BSP_SDCard.o)
                0x00023d74                SDCard_SPIRxISR
 .text.SDCard_SPITxISR
                0x00023d9c       0x28 ./../Platform/BSP/debug/libBSP_efm32_debug.a(BSP_SDCard.o)
                0x00023d9c                SDCard_SPITxISR
 .text.xTaskGenericCreate
                0x00023dc4      0x1d0 ./../Libraries/FreeRTOS/debug/libFreeRTOS_efm32_debug.a(tasks.o)
                0x00023dc4                xTaskGenericCreate
 .text.vTaskDelay
                0x00023f94       0xac ./../Libraries/FreeRTOS/debug/libFreeRTOS_efm32_debug.a(tasks.o)
                0x00023f94                vTaskDelay
 .text.vTaskStartScheduler
                0x00024040       0xa0 ./../Libraries/FreeRTOS/debug/libFreeRTOS_efm32_debug.a(tasks.o)
                0x00024040                vTaskStartScheduler
 .text.vTaskSuspendAll
                0x000240e0       0x24 ./../Libraries/FreeRTOS/debug/libFreeRTOS_efm32_debug.a(tasks.o)
                0x000240e0                vTaskSuspendAll
 .text.xTaskResumeAll
                0x00024104      0x180 ./../Libraries/FreeRTOS/debug/libFreeRTOS_efm32_debug.a(tasks.o)
                0x00024104                xTaskResumeAll
 .text.xTaskGetTickCount
                0x00024284       0x20 ./../Libraries/FreeRTOS/debug/libFreeRTOS_efm32_debug.a(tasks.o)
                0x00024284                xTaskGetTickCount
 .text.xTaskIncrementTick
                0x000242a4      0x20c ./../Libraries/FreeRTOS/debug/libFreeRTOS_efm32_debug.a(tasks.o)
                0x000242a4                xTaskIncrementTick
 .text.vTaskSwitchContext
                0x000244b0      0x150 ./../Libraries/FreeRTOS/debug/libFreeRTOS_efm32_debug.a(tasks.o)
                0x000244b0                vTaskSwitchContext
 .text.vTaskPlaceOnEventList
                0x00024600       0xc4 ./../Libraries/FreeRTOS/debug/libFreeRTOS_efm32_debug.a(tasks.o)
                0x00024600                vTaskPlaceOnEventList
 .text.vTaskPlaceOnEventListRestricted
                0x000246c4       0xc4 ./../Libraries/FreeRTOS/debug/libFreeRTOS_efm32_debug.a(tasks.o)
                0x000246c4                vTaskPlaceOnEventListRestricted
 .text.xTaskRemoveFromEventList
                0x00024788       0xe8 ./../Libraries/FreeRTOS/debug/libFreeRTOS_efm32_debug.a(tasks.o)
                0x00024788                xTaskRemoveFromEventList
 .text.vTaskSetTimeOutState
                0x00024870       0x44 ./../Libraries/FreeRTOS/debug/libFreeRTOS_efm32_debug.a(tasks.o)
                0x00024870                vTaskSetTimeOutState
 .text.xTaskCheckForTimeOut
                0x000248b4       0xc4 ./../Libraries/FreeRTOS/debug/libFreeRTOS_efm32_debug.a(tasks.o)
                0x000248b4                xTaskCheckForTimeOut
 .text.vTaskMissedYield
                0x00024978       0x18 ./../Libraries/FreeRTOS/debug/libFreeRTOS_efm32_debug.a(tasks.o)
                0x00024978                vTaskMissedYield
 .text.prvIdleTask
                0x00024990       0x10 ./../Libraries/FreeRTOS/debug/libFreeRTOS_efm32_debug.a(tasks.o)
 .text.prvInitialiseTCBVariables
                0x000249a0       0xbc ./../Libraries/FreeRTOS/debug/libFreeRTOS_efm32_debug.a(tasks.o)
 .text.prvInitialiseTaskLists
                0x00024a5c       0xa4 ./../Libraries/FreeRTOS/debug/libFreeRTOS_efm32_debug.a(tasks.o)
 .text.prvCheckTasksWaitingTermination
                0x00024b00       0x9c ./../Libraries/FreeRTOS/debug/libFreeRTOS_efm32_debug.a(tasks.o)
 .text.prvAddCurrentTaskToDelayedList
                0x00024b9c       0x8c ./../Libraries/FreeRTOS/debug/libFreeRTOS_efm32_debug.a(tasks.o)
 .text.prvAllocateTCBAndStack
                0x00024c28       0x7c ./../Libraries/FreeRTOS/debug/libFreeRTOS_efm32_debug.a(tasks.o)
 .text.prvDeleteTCB
                0x00024ca4       0x20 ./../Libraries/FreeRTOS/debug/libFreeRTOS_efm32_debug.a(tasks.o)
 .text.prvResetNextTaskUnblockTime
                0x00024cc4       0x5c ./../Libraries/FreeRTOS/debug/libFreeRTOS_efm32_debug.a(tasks.o)
 .text.xTaskGetSchedulerState
                0x00024d20       0x48 ./../Libraries/FreeRTOS/debug/libFreeRTOS_efm32_debug.a(tasks.o)
                0x00024d20                xTaskGetSchedulerState
 .text.vTaskPriorityInherit
                0x00024d68      0x144 ./../Libraries/FreeRTOS/debug/libFreeRTOS_efm32_debug.a(tasks.o)
                0x00024d68                vTaskPriorityInherit
 .text.xTaskPriorityDisinherit
                0x00024eac      0x13c ./../Libraries/FreeRTOS/debug/libFreeRTOS_efm32_debug.a(tasks.o)
                0x00024eac                xTaskPriorityDisinherit
 .text.pvTaskIncrementMutexHeldCount
                0x00024fe8       0x38 ./../Libraries/FreeRTOS/debug/libFreeRTOS_efm32_debug.a(tasks.o)
                0x00024fe8                pvTaskIncrementMutexHeldCount
 .text.xTimerCreateTimerTask
                0x00025020       0x78 ./../Libraries/FreeRTOS/debug/libFreeRTOS_efm32_debug.a(timers.o)
                0x00025020                xTimerCreateTimerTask
 .text.xTimerGenericCommand
                0x00025098       0xac ./../Libraries/FreeRTOS/debug/libFreeRTOS_efm32_debug.a(timers.o)
                0x00025098                xTimerGenericCommand
 .text.prvProcessExpiredTimer
                0x00025144       0x88 ./../Libraries/FreeRTOS/debug/libFreeRTOS_efm32_debug.a(timers.o)
 .text.prvTimerTask
                0x000251cc       0x24 ./../Libraries/FreeRTOS/debug/libFreeRTOS_efm32_debug.a(timers.o)
 .text.prvProcessTimerOrBlockTask
                0x000251f0       0x78 ./../Libraries/FreeRTOS/debug/libFreeRTOS_efm32_debug.a(timers.o)
 .text.prvGetNextExpireTime
                0x00025268       0x54 ./../Libraries/FreeRTOS/debug/libFreeRTOS_efm32_debug.a(timers.o)
 .text.prvSampleTimeNow
                0x000252bc       0x4c ./../Libraries/FreeRTOS/debug/libFreeRTOS_efm32_debug.a(timers.o)
 .text.prvInsertTimerInActiveList
                0x00025308       0x94 ./../Libraries/FreeRTOS/debug/libFreeRTOS_efm32_debug.a(timers.o)
 .text.prvProcessReceivedCommands
                0x0002539c      0x174 ./../Libraries/FreeRTOS/debug/libFreeRTOS_efm32_debug.a(timers.o)
 .text.prvSwitchTimerLists
                0x00025510       0xf0 ./../Libraries/FreeRTOS/debug/libFreeRTOS_efm32_debug.a(timers.o)
 .text.prvCheckForValidListAndQueue
                0x00025600       0xb8 ./../Libraries/FreeRTOS/debug/libFreeRTOS_efm32_debug.a(timers.o)
 .text.xTimerPendFunctionCallFromISR
                0x000256b8       0x4c ./../Libraries/FreeRTOS/debug/libFreeRTOS_efm32_debug.a(timers.o)
                0x000256b8                xTimerPendFunctionCallFromISR
 .text.pvPortMalloc
                0x00025704      0x1e0 ./../Libraries/FreeRTOS/debug/libFreeRTOS_efm32_debug.a(heap_4.o)
                0x00025704                pvPortMalloc
 .text.vPortFree
                0x000258e4       0xcc ./../Libraries/FreeRTOS/debug/libFreeRTOS_efm32_debug.a(heap_4.o)
                0x000258e4                vPortFree
 .text.prvHeapInit
                0x000259b0       0xfc ./../Libraries/FreeRTOS/debug/libFreeRTOS_efm32_debug.a(heap_4.o)
 .text.prvInsertBlockIntoFreeList
                0x00025aac       0xbc ./../Libraries/FreeRTOS/debug/libFreeRTOS_efm32_debug.a(heap_4.o)
 .text.pxPortInitialiseStack
                0x00025b68       0x64 ./../Libraries/FreeRTOS/debug/libFreeRTOS_efm32_debug.a(port.o)
                0x00025b68                pxPortInitialiseStack
 .text.prvTaskExitError
                0x00025bcc       0x2c ./../Libraries/FreeRTOS/debug/libFreeRTOS_efm32_debug.a(port.o)
 .text.SVC_Handler
                0x00025bf8       0x24 ./../Libraries/FreeRTOS/debug/libFreeRTOS_efm32_debug.a(port.o)
                0x00025bf8                SVC_Handler
 .text.prvPortStartFirstTask
                0x00025c1c       0x20 ./../Libraries/FreeRTOS/debug/libFreeRTOS_efm32_debug.a(port.o)
 .text.xPortStartScheduler
                0x00025c3c      0x10c ./../Libraries/FreeRTOS/debug/libFreeRTOS_efm32_debug.a(port.o)
                0x00025c3c                xPortStartScheduler
 .text.vPortYield
                0x00025d48       0x20 ./../Libraries/FreeRTOS/debug/libFreeRTOS_efm32_debug.a(port.o)
                0x00025d48                vPortYield
 .text.vPortEnterCritical
                0x00025d68       0x58 ./../Libraries/FreeRTOS/debug/libFreeRTOS_efm32_debug.a(port.o)
                0x00025d68                vPortEnterCritical
 .text.vPortExitCritical
                0x00025dc0       0x54 ./../Libraries/FreeRTOS/debug/libFreeRTOS_efm32_debug.a(port.o)
                0x00025dc0                vPortExitCritical
 .text.ulPortSetInterruptMask
                0x00025e14       0x14 ./../Libraries/FreeRTOS/debug/libFreeRTOS_efm32_debug.a(port.o)
                0x00025e14                ulPortSetInterruptMask
 .text.vPortClearInterruptMask
                0x00025e28        0x8 ./../Libraries/FreeRTOS/debug/libFreeRTOS_efm32_debug.a(port.o)
                0x00025e28                vPortClearInterruptMask
 .text.PendSV_Handler
                0x00025e30       0x44 ./../Libraries/FreeRTOS/debug/libFreeRTOS_efm32_debug.a(port.o)
                0x00025e30                PendSV_Handler
 .text.xPortSysTickHandler
                0x00025e74       0x2c ./../Libraries/FreeRTOS/debug/libFreeRTOS_efm32_debug.a(port.o)
                0x00025e74                xPortSysTickHandler
 .text.vPortSetupTimerInterrupt
                0x00025ea0       0x28 ./../Libraries/FreeRTOS/debug/libFreeRTOS_efm32_debug.a(port.o)
                0x00025ea0                vPortSetupTimerInterrupt
 .text.vPortValidateInterruptPriority
                0x00025ec8       0x78 ./../Libraries/FreeRTOS/debug/libFreeRTOS_efm32_debug.a(port.o)
                0x00025ec8                vPortValidateInterruptPriority
 .text.vListInitialise
                0x00025f40       0x40 ./../Libraries/FreeRTOS/debug/libFreeRTOS_efm32_debug.a(list.o)
                0x00025f40                vListInitialise
 .text.vListInitialiseItem
                0x00025f80       0x1c ./../Libraries/FreeRTOS/debug/libFreeRTOS_efm32_debug.a(list.o)
                0x00025f80                vListInitialiseItem
 .text.vListInsertEnd
                0x00025f9c       0x48 ./../Libraries/FreeRTOS/debug/libFreeRTOS_efm32_debug.a(list.o)
                0x00025f9c                vListInsertEnd
 .text.vListInsert
                0x00025fe4       0x74 ./../Libraries/FreeRTOS/debug/libFreeRTOS_efm32_debug.a(list.o)
                0x00025fe4                vListInsert
 .text.uxListRemove
                0x00026058       0x58 ./../Libraries/FreeRTOS/debug/libFreeRTOS_efm32_debug.a(list.o)
                0x00026058                uxListRemove
 .text.xQueueGenericReset
                0x000260b0       0xc8 ./../Libraries/FreeRTOS/debug/libFreeRTOS_efm32_debug.a(queue.o)
                0x000260b0                xQueueGenericReset
 .text.xQueueGenericCreate
                0x00026178       0xb8 ./../Libraries/FreeRTOS/debug/libFreeRTOS_efm32_debug.a(queue.o)
                0x00026178                xQueueGenericCreate
 .text.xQueueGenericSend
                0x00026230      0x1c8 ./../Libraries/FreeRTOS/debug/libFreeRTOS_efm32_debug.a(queue.o)
                0x00026230                xQueueGenericSend
 .text.xQueueGenericSendFromISR
                0x000263f8      0x110 ./../Libraries/FreeRTOS/debug/libFreeRTOS_efm32_debug.a(queue.o)
                0x000263f8                xQueueGenericSendFromISR
 .text.xQueueGenericReceive
                0x00026508      0x1e0 ./../Libraries/FreeRTOS/debug/libFreeRTOS_efm32_debug.a(queue.o)
                0x00026508                xQueueGenericReceive
 .text.prvCopyDataToQueue
                0x000266e8       0xe8 ./../Libraries/FreeRTOS/debug/libFreeRTOS_efm32_debug.a(queue.o)
 .text.prvCopyDataFromQueue
                0x000267d0       0x50 ./../Libraries/FreeRTOS/debug/libFreeRTOS_efm32_debug.a(queue.o)
 .text.prvUnlockQueue
                0x00026820       0xc0 ./../Libraries/FreeRTOS/debug/libFreeRTOS_efm32_debug.a(queue.o)
 .text.prvIsQueueEmpty
                0x000268e0       0x34 ./../Libraries/FreeRTOS/debug/libFreeRTOS_efm32_debug.a(queue.o)
 .text.prvIsQueueFull
                0x00026914       0x38 ./../Libraries/FreeRTOS/debug/libFreeRTOS_efm32_debug.a(queue.o)
 .text.vQueueAddToRegistry
                0x0002694c       0x64 ./../Libraries/FreeRTOS/debug/libFreeRTOS_efm32_debug.a(queue.o)
                0x0002694c                vQueueAddToRegistry
 .text.vQueueWaitForMessageRestricted
                0x000269b0       0x64 ./../Libraries/FreeRTOS/debug/libFreeRTOS_efm32_debug.a(queue.o)
                0x000269b0                vQueueWaitForMessageRestricted
 .text.prvNotifyQueueSetContainer
                0x00026a14       0xa8 ./../Libraries/FreeRTOS/debug/libFreeRTOS_efm32_debug.a(queue.o)
 .text.ADC_Init
                0x00026abc       0x68 ./../Libraries/EMlib/debug/libEMLib_efm32_debug.a(em_adc.o)
                0x00026abc                ADC_Init
 .text.ADC_PrescaleCalc
                0x00026b24       0x78 ./../Libraries/EMlib/debug/libEMLib_efm32_debug.a(em_adc.o)
                0x00026b24                ADC_PrescaleCalc
 .text.ADC_TimebaseCalc
                0x00026b9c       0x74 ./../Libraries/EMlib/debug/libEMLib_efm32_debug.a(em_adc.o)
                0x00026b9c                ADC_TimebaseCalc
 .text.BITBAND_Peripheral
                0x00026c10       0x30 ./../Libraries/EMlib/debug/libEMLib_efm32_debug.a(em_cmu.o)
 .text.CMU_MaxFreqHfle
                0x00026c40       0xb8 ./../Libraries/EMlib/debug/libEMLib_efm32_debug.a(em_cmu.o)
 .text.CMU_FlashWaitStateMax
                0x00026cf8       0x68 ./../Libraries/EMlib/debug/libEMLib_efm32_debug.a(em_cmu.o)
 .text.CMU_DivToLog2
                0x00026d60       0x38 ./../Libraries/EMlib/debug/libEMLib_efm32_debug.a(em_cmu.o)
 .text.CMU_FlashWaitStateControl
                0x00026d98       0xf4 ./../Libraries/EMlib/debug/libEMLib_efm32_debug.a(em_cmu.o)
 .text.CMU_USBCClkGet
                0x00026e8c       0x50 ./../Libraries/EMlib/debug/libEMLib_efm32_debug.a(em_cmu.o)
 .text.CMU_AUXClkGet
                0x00026edc       0x9c ./../Libraries/EMlib/debug/libEMLib_efm32_debug.a(em_cmu.o)
 .text.CMU_DBGClkGet
                0x00026f78       0x64 ./../Libraries/EMlib/debug/libEMLib_efm32_debug.a(em_cmu.o)
 .text.CMU_LFClkGet
                0x00026fdc       0xd4 ./../Libraries/EMlib/debug/libEMLib_efm32_debug.a(em_cmu.o)
 .text.CMU_Sync
                0x000270b0       0x3c ./../Libraries/EMlib/debug/libEMLib_efm32_debug.a(em_cmu.o)
 .text.CMU_ClockDivSet
                0x000270ec      0x298 ./../Libraries/EMlib/debug/libEMLib_efm32_debug.a(em_cmu.o)
                0x000270ec                CMU_ClockDivSet
 .text.CMU_ClockEnable
                0x00027384      0x10c ./../Libraries/EMlib/debug/libEMLib_efm32_debug.a(em_cmu.o)
                0x00027384                CMU_ClockEnable
 .text.CMU_ClockFreqGet
                0x00027490      0x1e8 ./../Libraries/EMlib/debug/libEMLib_efm32_debug.a(em_cmu.o)
                0x00027490                CMU_ClockFreqGet
 .text.CMU_ClockSelectGet
                0x00027678      0x1a4 ./../Libraries/EMlib/debug/libEMLib_efm32_debug.a(em_cmu.o)
                0x00027678                CMU_ClockSelectGet
 .text.CMU_ClockSelectSet
                0x0002781c      0x38c ./../Libraries/EMlib/debug/libEMLib_efm32_debug.a(em_cmu.o)
                0x0002781c                CMU_ClockSelectSet
 .text.CMU_OscillatorEnable
                0x00027ba8       0xe8 ./../Libraries/EMlib/debug/libEMLib_efm32_debug.a(em_cmu.o)
                0x00027ba8                CMU_OscillatorEnable
 .text.MSC_Init
                0x00027c90      0x108 ./../Libraries/EMlib/debug/libEMLib_efm32_debug.a(em_msc.o)
                0x00027c90                MSC_Init
 .text.MSC_Deinit
                0x00027d98       0x30 ./../Libraries/EMlib/debug/libEMLib_efm32_debug.a(em_msc.o)
                0x00027d98                MSC_Deinit
 .text.NVIC_DisableIRQ
                0x00027dc8       0x3c ./../Libraries/EMlib/debug/libEMLib_efm32_debug.a(em_dma.o)
 .text.BITBAND_Peripheral
                0x00027e04       0x30 ./../Libraries/EMlib/debug/libEMLib_efm32_debug.a(em_dma.o)
 .text.DMA_Prepare
                0x00027e34      0x138 ./../Libraries/EMlib/debug/libEMLib_efm32_debug.a(em_dma.o)
 .text.DMA_IRQHandler
                0x00027f6c      0x110 ./../Libraries/EMlib/debug/libEMLib_efm32_debug.a(em_dma.o)
                0x00027f6c                DMA_IRQHandler
 .text.DMA_ActivateBasic
                0x0002807c       0x48 ./../Libraries/EMlib/debug/libEMLib_efm32_debug.a(em_dma.o)
                0x0002807c                DMA_ActivateBasic
 .text.DMA_CfgChannel
                0x000280c4       0xc0 ./../Libraries/EMlib/debug/libEMLib_efm32_debug.a(em_dma.o)
                0x000280c4                DMA_CfgChannel
 .text.DMA_CfgDescr
                0x00028184       0x84 ./../Libraries/EMlib/debug/libEMLib_efm32_debug.a(em_dma.o)
                0x00028184                DMA_CfgDescr
 .text.DMA_Reset
                0x00028208       0xd4 ./../Libraries/EMlib/debug/libEMLib_efm32_debug.a(em_dma.o)
                0x00028208                DMA_Reset
 .text.EMU_UpdateOscConfig
                0x000282dc       0x20 ./../Libraries/EMlib/debug/libEMLib_efm32_debug.a(em_emu.o)
                0x000282dc                EMU_UpdateOscConfig
 .text.GPIO_DriveModeSet
                0x000282fc       0x60 ./../Libraries/EMlib/debug/libEMLib_efm32_debug.a(em_gpio.o)
                0x000282fc                GPIO_DriveModeSet
 .text.GPIO_PinModeSet
                0x0002835c      0x1b8 ./../Libraries/EMlib/debug/libEMLib_efm32_debug.a(em_gpio.o)
                0x0002835c                GPIO_PinModeSet
 .text.BITBAND_Peripheral
                0x00028514       0x30 ./../Libraries/EMlib/debug/libEMLib_efm32_debug.a(em_i2c.o)
 .text.I2C_BusFreqSet
                0x00028544       0x94 ./../Libraries/EMlib/debug/libEMLib_efm32_debug.a(em_i2c.o)
                0x00028544                I2C_BusFreqSet
 .text.I2C_Init
                0x000285d8       0x84 ./../Libraries/EMlib/debug/libEMLib_efm32_debug.a(em_i2c.o)
                0x000285d8                I2C_Init
 .text.USART_BaudrateAsyncSet
                0x0002865c       0xd0 ./../Libraries/EMlib/debug/libEMLib_efm32_debug.a(em_usart.o)
                0x0002865c                USART_BaudrateAsyncSet
 .text.USART_BaudrateSyncSet
                0x0002872c       0x7c ./../Libraries/EMlib/debug/libEMLib_efm32_debug.a(em_usart.o)
                0x0002872c                USART_BaudrateSyncSet
 .text.USART_Enable
                0x000287a8       0x7c ./../Libraries/EMlib/debug/libEMLib_efm32_debug.a(em_usart.o)
                0x000287a8                USART_Enable
 .text.USART_InitAsync
                0x00028824       0xbc ./../Libraries/EMlib/debug/libEMLib_efm32_debug.a(em_usart.o)
                0x00028824                USART_InitAsync
 .text.USART_Reset
                0x000288e0       0xd8 ./../Libraries/EMlib/debug/libEMLib_efm32_debug.a(em_usart.o)
                0x000288e0                USART_Reset
 .text.USART_Tx
                0x000289b8       0x2c ./../Libraries/EMlib/debug/libEMLib_efm32_debug.a(em_usart.o)
                0x000289b8                USART_Tx
 .text.SYSTEM_ChipRevisionGet
                0x000289e4       0x94 ./../Libraries/EMlib/debug/libEMLib_efm32_debug.a(em_system.o)
                0x000289e4                SYSTEM_ChipRevisionGet
 .text.NVIC_EnableIRQ
                0x00028a78       0x38 ./../Libraries/EMlib/debug/libEMLib_efm32_debug.a(em_usbd.o)
 .text.NVIC_ClearPendingIRQ
                0x00028ab0       0x3c ./../Libraries/EMlib/debug/libEMLib_efm32_debug.a(em_usbd.o)
 .text.INT_Disable
                0x00028aec       0x40 ./../Libraries/EMlib/debug/libEMLib_efm32_debug.a(em_usbd.o)
 .text.INT_Enable
                0x00028b2c       0x54 ./../Libraries/EMlib/debug/libEMLib_efm32_debug.a(em_usbd.o)
 .text.USBHAL_DisableGlobalInt
                0x00028b80       0x34 ./../Libraries/EMlib/debug/libEMLib_efm32_debug.a(em_usbd.o)
 .text.USBHAL_EnableGlobalInt
                0x00028bb4       0x34 ./../Libraries/EMlib/debug/libEMLib_efm32_debug.a(em_usbd.o)
 .text.USBDHAL_EnableUsbResetAndSuspendInt
                0x00028be8       0x38 ./../Libraries/EMlib/debug/libEMLib_efm32_debug.a(em_usbd.o)
 .text.USBDHAL_EpIsStalled
                0x00028c20       0x3c ./../Libraries/EMlib/debug/libEMLib_efm32_debug.a(em_usbd.o)
 .text.USBDHAL_GetStallStatusEp
                0x00028c5c       0xc0 ./../Libraries/EMlib/debug/libEMLib_efm32_debug.a(em_usbd.o)
 .text.USBDHAL_SetEp0InDmaPtr
                0x00028d1c       0x28 ./../Libraries/EMlib/debug/libEMLib_efm32_debug.a(em_usbd.o)
 .text.USBDHAL_SetEp0OutDmaPtr
                0x00028d44       0x28 ./../Libraries/EMlib/debug/libEMLib_efm32_debug.a(em_usbd.o)
 .text.USBDHAL_StartEp0In
                0x00028d6c       0x5c ./../Libraries/EMlib/debug/libEMLib_efm32_debug.a(em_usbd.o)
 .text.USBDHAL_StartEp0Out
                0x00028dc8       0x5c ./../Libraries/EMlib/debug/libEMLib_efm32_debug.a(em_usbd.o)
 .text.USBDHAL_StartEpIn
                0x00028e24       0xc8 ./../Libraries/EMlib/debug/libEMLib_efm32_debug.a(em_usbd.o)
 .text.USBDHAL_StartEpOut
                0x00028eec       0xd4 ./../Libraries/EMlib/debug/libEMLib_efm32_debug.a(em_usbd.o)
 .text.USBD_ArmEp
                0x00028fc0       0x28 ./../Libraries/EMlib/debug/libEMLib_efm32_debug.a(em_usbd.o)
 .text.USBD_ArmEp0
                0x00028fe8       0x88 ./../Libraries/EMlib/debug/libEMLib_efm32_debug.a(em_usbd.o)
 .text.USBD_ArmEpN
                0x00029070       0x28 ./../Libraries/EMlib/debug/libEMLib_efm32_debug.a(em_usbd.o)
 .text.USBD_GetEpFromAddr
                0x00029098       0xa0 ./../Libraries/EMlib/debug/libEMLib_efm32_debug.a(em_usbd.o)
 .text.USBD_Disconnect
                0x00029138       0x14 ./../Libraries/EMlib/debug/libEMLib_efm32_debug.a(em_usbd.o)
                0x00029138                USBD_Disconnect
 .text.USBD_GetUsbState
                0x0002914c       0x1c ./../Libraries/EMlib/debug/libEMLib_efm32_debug.a(em_usbd.o)
                0x0002914c                USBD_GetUsbState
 .text.USBD_Init
                0x00029168      0x4fc ./../Libraries/EMlib/debug/libEMLib_efm32_debug.a(em_usbd.o)
                0x00029168                USBD_Init
 .text.USBD_Read
                0x00029664      0x108 ./../Libraries/EMlib/debug/libEMLib_efm32_debug.a(em_usbd.o)
                0x00029664                USBD_Read
 .text.USBD_SetUsbState
                0x0002976c       0x98 ./../Libraries/EMlib/debug/libEMLib_efm32_debug.a(em_usbd.o)
                0x0002976c                USBD_SetUsbState
 .text.USBD_Write
                0x00029804      0x10c ./../Libraries/EMlib/debug/libEMLib_efm32_debug.a(em_usbd.o)
                0x00029804                USBD_Write
 .text.NVIC_ClearPendingIRQ
                0x00029910       0x3c ./../Libraries/EMlib/debug/libEMLib_efm32_debug.a(em_usbhal.o)
 .text.INT_Disable
                0x0002994c       0x40 ./../Libraries/EMlib/debug/libEMLib_efm32_debug.a(em_usbhal.o)
 .text.INT_Enable
                0x0002998c       0x54 ./../Libraries/EMlib/debug/libEMLib_efm32_debug.a(em_usbhal.o)
 .text.USBHAL_FlushRxFifo
                0x000299e0       0x3c ./../Libraries/EMlib/debug/libEMLib_efm32_debug.a(em_usbhal.o)
 .text.USBHAL_FlushTxFifo
                0x00029a1c       0x4c ./../Libraries/EMlib/debug/libEMLib_efm32_debug.a(em_usbhal.o)
 .text.USBDHAL_DeactivateEp
                0x00029a68       0x88 ./../Libraries/EMlib/debug/libEMLib_efm32_debug.a(em_usbhal.o)
 .text.USBDHAL_GetInEpInts
                0x00029af0       0x44 ./../Libraries/EMlib/debug/libEMLib_efm32_debug.a(em_usbhal.o)
 .text.USBDHAL_GetOutEpInts
                0x00029b34       0x44 ./../Libraries/EMlib/debug/libEMLib_efm32_debug.a(em_usbhal.o)
 .text.USBDHAL_SetEPDISNAK
                0x00029b78       0xac ./../Libraries/EMlib/debug/libEMLib_efm32_debug.a(em_usbhal.o)
 .text.USBD_GetEpFromAddr
                0x00029c24       0xa0 ./../Libraries/EMlib/debug/libEMLib_efm32_debug.a(em_usbhal.o)
 .text.USBHAL_CoreReset
                0x00029cc4       0xbc ./../Libraries/EMlib/debug/libEMLib_efm32_debug.a(em_usbhal.o)
                0x00029cc4                USBHAL_CoreReset
 .text.USBDHAL_CoreInit
                0x00029d80      0x3ec ./../Libraries/EMlib/debug/libEMLib_efm32_debug.a(em_usbhal.o)
                0x00029d80                USBDHAL_CoreInit
 .text.USBDHAL_Disconnect
                0x0002a16c       0x3c ./../Libraries/EMlib/debug/libEMLib_efm32_debug.a(em_usbhal.o)
                0x0002a16c                USBDHAL_Disconnect
 .text.USBDHAL_AbortAllEps
                0x0002a1a8      0x53c ./../Libraries/EMlib/debug/libEMLib_efm32_debug.a(em_usbhal.o)
                0x0002a1a8                USBDHAL_AbortAllEps
 .text.USBDHAL_AbortAllTransfers
                0x0002a6e4       0xc8 ./../Libraries/EMlib/debug/libEMLib_efm32_debug.a(em_usbhal.o)
                0x0002a6e4                USBDHAL_AbortAllTransfers
 .text.USBDHAL_ReenableEp0Setup
                0x0002a7ac       0x60 ./../Libraries/EMlib/debug/libEMLib_efm32_debug.a(em_usbdep.o)
 .text.USBDHAL_StallEp
                0x0002a80c       0xcc ./../Libraries/EMlib/debug/libEMLib_efm32_debug.a(em_usbdep.o)
 .text.USBDHAL_StartEp0In
                0x0002a8d8       0x5c ./../Libraries/EMlib/debug/libEMLib_efm32_debug.a(em_usbdep.o)
 .text.USBDHAL_StartEp0Out
                0x0002a934       0x5c ./../Libraries/EMlib/debug/libEMLib_efm32_debug.a(em_usbdep.o)
 .text.USBD_GetEpFromAddr
                0x0002a990       0xa0 ./../Libraries/EMlib/debug/libEMLib_efm32_debug.a(em_usbdep.o)
 .text.USBD_ReArmEp0
                0x0002aa30       0x64 ./../Libraries/EMlib/debug/libEMLib_efm32_debug.a(em_usbdep.o)
 .text.USBDEP_Ep0Handler
                0x0002aa94      0x300 ./../Libraries/EMlib/debug/libEMLib_efm32_debug.a(em_usbdep.o)
                0x0002aa94                USBDEP_Ep0Handler
 .text.USBDEP_EpHandler
                0x0002ad94       0x60 ./../Libraries/EMlib/debug/libEMLib_efm32_debug.a(em_usbdep.o)
                0x0002ad94                USBDEP_EpHandler
 .text.TIMER_CounterGet
                0x0002adf4       0x18 ./../Libraries/EMlib/debug/libEMLib_efm32_debug.a(em_usbtimer.o)
 .text.TIMER_TopSet
                0x0002ae0c       0x1c ./../Libraries/EMlib/debug/libEMLib_efm32_debug.a(em_usbtimer.o)
 .text.DelayTicks
                0x0002ae28       0x4c ./../Libraries/EMlib/debug/libEMLib_efm32_debug.a(em_usbtimer.o)
 .text.USBTIMER_DelayMs
                0x0002ae74       0x84 ./../Libraries/EMlib/debug/libEMLib_efm32_debug.a(em_usbtimer.o)
                0x0002ae74                USBTIMER_DelayMs
 .text.USBTIMER_DelayUs
                0x0002aef8      0x124 ./../Libraries/EMlib/debug/libEMLib_efm32_debug.a(em_usbtimer.o)
                0x0002aef8                USBTIMER_DelayUs
 .text.USBTIMER_Init
                0x0002b01c      0x188 ./../Libraries/EMlib/debug/libEMLib_efm32_debug.a(em_usbtimer.o)
                0x0002b01c                USBTIMER_Init
 .text.GetProdRev
                0x0002b1a4       0x1c ./../Libraries/EMlib/debug/libEMLib_efm32_debug.a(system_efm32gg.o)
 .text.SystemCoreClockGet
                0x0002b1c0       0x58 ./../Libraries/EMlib/debug/libEMLib_efm32_debug.a(system_efm32gg.o)
                0x0002b1c0                SystemCoreClockGet
 .text.SystemHFClockGet
                0x0002b218      0x110 ./../Libraries/EMlib/debug/libEMLib_efm32_debug.a(system_efm32gg.o)
                0x0002b218                SystemHFClockGet
 .text.SystemHFXOClockGet
                0x0002b328       0x18 ./../Libraries/EMlib/debug/libEMLib_efm32_debug.a(system_efm32gg.o)
                0x0002b328                SystemHFXOClockGet
 .text.SystemInit
                0x0002b340        0xc ./../Libraries/EMlib/debug/libEMLib_efm32_debug.a(system_efm32gg.o)
                0x0002b340                SystemInit
 .text.SystemLFRCOClockGet
                0x0002b34c       0x10 ./../Libraries/EMlib/debug/libEMLib_efm32_debug.a(system_efm32gg.o)
                0x0002b34c                SystemLFRCOClockGet
 .text.SystemULFRCOClockGet
                0x0002b35c       0x10 ./../Libraries/EMlib/debug/libEMLib_efm32_debug.a(system_efm32gg.o)
                0x0002b35c                SystemULFRCOClockGet
 .text.SystemLFXOClockGet
                0x0002b36c       0x18 ./../Libraries/EMlib/debug/libEMLib_efm32_debug.a(system_efm32gg.o)
                0x0002b36c                SystemLFXOClockGet
 .text.TIMER_Init
                0x0002b384      0x134 ./../Libraries/EMlib/debug/libEMLib_efm32_debug.a(em_timer.o)
                0x0002b384                TIMER_Init
 .text.TIMER_InitCC
                0x0002b4b8       0xec ./../Libraries/EMlib/debug/libEMLib_efm32_debug.a(em_timer.o)
                0x0002b4b8                TIMER_InitCC
 .text.USBDHAL_ActivateEp
                0x0002b5a4      0x148 ./../Libraries/EMlib/debug/libEMLib_efm32_debug.a(em_usbdch9.o)
 .text.USBDHAL_DeactivateEp
                0x0002b6ec       0x88 ./../Libraries/EMlib/debug/libEMLib_efm32_debug.a(em_usbdch9.o)
 .text.USBDHAL_GetStallStatusEp
                0x0002b774       0xc0 ./../Libraries/EMlib/debug/libEMLib_efm32_debug.a(em_usbdch9.o)
 .text.USBDHAL_SetAddr
                0x0002b834       0x3c ./../Libraries/EMlib/debug/libEMLib_efm32_debug.a(em_usbdch9.o)
 .text.USBDHAL_StallEp
                0x0002b870       0xcc ./../Libraries/EMlib/debug/libEMLib_efm32_debug.a(em_usbdch9.o)
 .text.USBDHAL_UnStallEp
                0x0002b93c       0xe4 ./../Libraries/EMlib/debug/libEMLib_efm32_debug.a(em_usbdch9.o)
 .text.USBD_ActivateAllEps
                0x0002ba20       0x54 ./../Libraries/EMlib/debug/libEMLib_efm32_debug.a(em_usbdch9.o)
 .text.USBD_DeactivateAllEps
                0x0002ba74       0x68 ./../Libraries/EMlib/debug/libEMLib_efm32_debug.a(em_usbdch9.o)
 .text.USBD_GetEpFromAddr
                0x0002badc       0xa0 ./../Libraries/EMlib/debug/libEMLib_efm32_debug.a(em_usbdch9.o)
 .text.USBDCH9_SetupCmd
                0x0002bb7c       0xec ./../Libraries/EMlib/debug/libEMLib_efm32_debug.a(em_usbdch9.o)
                0x0002bb7c                USBDCH9_SetupCmd
 .text.ClearFeature
                0x0002bc68       0xcc ./../Libraries/EMlib/debug/libEMLib_efm32_debug.a(em_usbdch9.o)
 .text.GetConfiguration
                0x0002bd34       0xb8 ./../Libraries/EMlib/debug/libEMLib_efm32_debug.a(em_usbdch9.o)
 .text.GetDescriptor
                0x0002bdec      0x10c ./../Libraries/EMlib/debug/libEMLib_efm32_debug.a(em_usbdch9.o)
 .text.GetInterface
                0x0002bef8       0x94 ./../Libraries/EMlib/debug/libEMLib_efm32_debug.a(em_usbdch9.o)
 .text.GetStatus
                0x0002bf8c      0x1b4 ./../Libraries/EMlib/debug/libEMLib_efm32_debug.a(em_usbdch9.o)
 .text.SetAddress
                0x0002c140       0xb4 ./../Libraries/EMlib/debug/libEMLib_efm32_debug.a(em_usbdch9.o)
 .text.SetConfiguration
                0x0002c1f4      0x10c ./../Libraries/EMlib/debug/libEMLib_efm32_debug.a(em_usbdch9.o)
 .text.SetFeature
                0x0002c300      0x100 ./../Libraries/EMlib/debug/libEMLib_efm32_debug.a(em_usbdch9.o)
 .text.SetInterface
                0x0002c400       0x68 ./../Libraries/EMlib/debug/libEMLib_efm32_debug.a(em_usbdch9.o)
 .text.Retcode_Initialize
                0x0002c468       0x60 ./../Platform/Essentials/release/libEssentials_efm32.a(Retcode.o)
                0x0002c468                Retcode_Initialize
 .text.Retcode_RaiseError
                0x0002c4c8       0x24 ./../Platform/Essentials/release/libEssentials_efm32.a(Retcode.o)
                0x0002c4c8                Retcode_RaiseError
 .text.Retcode_RaiseErrorFromIsr
                0x0002c4ec       0x24 ./../Platform/Essentials/release/libEssentials_efm32.a(Retcode.o)
                0x0002c4ec                Retcode_RaiseErrorFromIsr
 .text.USART_IntClear
                0x0002c510       0x1c ./../Platform/Essentials/release/libEssentials_efm32.a(UART.o)
 .text.USART_IntDisable
                0x0002c52c       0x24 ./../Platform/Essentials/release/libEssentials_efm32.a(UART.o)
 .text.USART_IntEnable
                0x0002c550       0x20 ./../Platform/Essentials/release/libEssentials_efm32.a(UART.o)
 .text.MCU_UART_IRQ_RX_Callback
                0x0002c570       0xa4 ./../Platform/Essentials/release/libEssentials_efm32.a(UART.o)
 .text.MCU_UART_IRQ_TX_Callback
                0x0002c614       0xd8 ./../Platform/Essentials/release/libEssentials_efm32.a(UART.o)
 .text.MCU_UART_DMA_RX_Callback
                0x0002c6ec       0x64 ./../Platform/Essentials/release/libEssentials_efm32.a(UART.o)
 .text.MCU_UART_DMA_TX_Callback
                0x0002c750       0x2c ./../Platform/Essentials/release/libEssentials_efm32.a(UART.o)
 .text.MCU_UART_Initialize
                0x0002c77c      0x238 ./../Platform/Essentials/release/libEssentials_efm32.a(UART.o)
                0x0002c77c                MCU_UART_Initialize
 .text.MCU_UART_Send
                0x0002c9b4       0x60 ./../Platform/Essentials/release/libEssentials_efm32.a(UART.o)
                0x0002c9b4                MCU_UART_Send
 .text.MCU_UART_Receive
                0x0002ca14       0x60 ./../Platform/Essentials/release/libEssentials_efm32.a(UART.o)
                0x0002ca14                MCU_UART_Receive
 .text.UART_GetRxCountIntMode
                0x0002ca74       0x28 ./../Platform/Essentials/release/libEssentials_efm32.a(UART.o)
 .text.UART_Send_Async
                0x0002ca9c       0xe8 ./../Platform/Essentials/release/libEssentials_efm32.a(UART.o)
 .text.UART_Receive_Async
                0x0002cb84       0xe0 ./../Platform/Essentials/release/libEssentials_efm32.a(UART.o)
 .text.UART_Abort_TX_IntMode
                0x0002cc64       0x4c ./../Platform/Essentials/release/libEssentials_efm32.a(UART.o)
 .text.UART_Abort_RX_IntMode
                0x0002ccb0       0x4c ./../Platform/Essentials/release/libEssentials_efm32.a(UART.o)
 .text.RTC_IntClear
                0x0002ccfc       0x20 ./../Platform/Essentials/release/libEssentials_efm32.a(Timer.o)
 .text.RTC_IntDisable
                0x0002cd1c       0x30 ./../Platform/Essentials/release/libEssentials_efm32.a(Timer.o)
 .text.RTC_IntGet
                0x0002cd4c       0x18 ./../Platform/Essentials/release/libEssentials_efm32.a(Timer.o)
 .text.TIMER_IntClear
                0x0002cd64       0x1c ./../Platform/Essentials/release/libEssentials_efm32.a(Timer.o)
 .text.TIMER_IntDisable
                0x0002cd80       0x24 ./../Platform/Essentials/release/libEssentials_efm32.a(Timer.o)
 .text.TIMER_IntGet
                0x0002cda4       0x18 ./../Platform/Essentials/release/libEssentials_efm32.a(Timer.o)
 .text.LETIMER_IntClear
                0x0002cdbc       0x1c ./../Platform/Essentials/release/libEssentials_efm32.a(Timer.o)
 .text.LETIMER_IntDisable
                0x0002cdd8       0x24 ./../Platform/Essentials/release/libEssentials_efm32.a(Timer.o)
 .text.LETIMER_IntGet
                0x0002cdfc       0x18 ./../Platform/Essentials/release/libEssentials_efm32.a(Timer.o)
 .text.MCU_Timer_Initialize
                0x0002ce14       0xe4 ./../Platform/Essentials/release/libEssentials_efm32.a(Timer.o)
                0x0002ce14                MCU_Timer_Initialize
 .text.MCU_Timer_Callback
                0x0002cef8       0x5c ./../Platform/Essentials/release/libEssentials_efm32.a(Timer.o)
                0x0002cef8                MCU_Timer_Callback
 .text.ValidateTimerHandle
                0x0002cf54       0x40 ./../Platform/Essentials/release/libEssentials_efm32.a(Timer.o)
 .text.getTimerEvent
                0x0002cf94       0xc8 ./../Platform/Essentials/release/libEssentials_efm32.a(Timer.o)
 .text.extractFlags_RTC
                0x0002d05c       0x9c ./../Platform/Essentials/release/libEssentials_efm32.a(Timer.o)
 .text.extractFlags_LETIMER
                0x0002d0f8       0x9c ./../Platform/Essentials/release/libEssentials_efm32.a(Timer.o)
 .text.extractFlags_TIMER
                0x0002d194       0xd0 ./../Platform/Essentials/release/libEssentials_efm32.a(Timer.o)
 .text.MCU_Timer_GetRtcHandle
                0x0002d264       0x14 ./../Platform/Essentials/release/libEssentials_efm32.a(Timer.o)
                0x0002d264                MCU_Timer_GetRtcHandle
 .text.MCU_Timer_HandleRtcIrq
                0x0002d278       0x14 ./../Platform/Essentials/release/libEssentials_efm32.a(Timer.o)
                0x0002d278                MCU_Timer_HandleRtcIrq
 .text.CmdProcessor_Initialize
                0x0002d28c       0xe0 ./../Platform/Utils/release/libUtils_efm32.a(CmdProcessor.o)
                0x0002d28c                CmdProcessor_Initialize
 .text.CmdProcessor_Enqueue
                0x0002d36c       0x74 ./../Platform/Utils/release/libUtils_efm32.a(CmdProcessor.o)
                0x0002d36c                CmdProcessor_Enqueue
 .text.Run      0x0002d3e0       0x14 ./../Platform/Utils/release/libUtils_efm32.a(CmdProcessor.o)
 .text.Dequeue  0x0002d3f4       0x80 ./../Platform/Utils/release/libUtils_efm32.a(CmdProcessor.o)
 .text.NVM_Initialize
                0x0002d474       0x4c ./../Platform/Drivers/release/libDrivers_efm32.a(BCDS_NVM.o)
                0x0002d474                NVM_Initialize
 .text.objectConsistencyCheck
                0x0002d4c0       0x58 ./../Platform/Drivers/release/libDrivers_efm32.a(BCDS_NVM.o)
 .text.NVM_Read
                0x0002d518       0x7c ./../Platform/Drivers/release/libDrivers_efm32.a(BCDS_NVM.o)
                0x0002d518                NVM_Read
 .text.itemConsistencyCheck
                0x0002d594       0x50 ./../Platform/Drivers/release/libDrivers_efm32.a(BCDS_NVM.o)
 .text.NVM_Write
                0x0002d5e4       0x94 ./../Platform/Drivers/release/libDrivers_efm32.a(BCDS_NVM.o)
                0x0002d5e4                NVM_Write
 .text.NVM_Flush
                0x0002d678       0x9c ./../Platform/Drivers/release/libDrivers_efm32.a(BCDS_NVM.o)
                0x0002d678                NVM_Flush
 .text.sectionUpdateRequired
                0x0002d714       0x8c ./../Platform/Drivers/release/libDrivers_efm32.a(BCDS_NVM.o)
 .text.NVM_ReadUInt8
                0x0002d7a0       0x40 ./../Platform/Drivers/release/libDrivers_efm32.a(BCDS_NVM.o)
                0x0002d7a0                NVM_ReadUInt8
 .text.NVM_WriteUInt8
                0x0002d7e0       0x40 ./../Platform/Drivers/release/libDrivers_efm32.a(BCDS_NVM.o)
                0x0002d7e0                NVM_WriteUInt8
 .text.isLittleEndianPlatform
                0x0002d820       0x30 ./../Platform/Drivers/release/libDrivers_efm32.a(BCDS_NVM.o)
 .text.NVM_IsEndiannessDifferent
                0x0002d850       0x54 ./../Platform/Drivers/release/libDrivers_efm32.a(BCDS_NVM.o)
 .text.NVM_SwapBytes
                0x0002d8a4       0xc4 ./../Platform/Drivers/release/libDrivers_efm32.a(BCDS_NVM.o)
 .text.BlePeripheral_SetMacAddress
                0x0002d968       0x40 ./../Platform/BLE/release/libBLE_efm32.a(BlePeripheral.o)
                0x0002d968                BlePeripheral_SetMacAddress
 .text.RTC_Init
                0x0002d9a8       0x54 ./../Libraries/EMlib/debug/libEMLib_efm32_debug.a(em_rtc.o)
                0x0002d9a8                RTC_Init
 .text.LETIMER_Init
                0x0002d9fc       0xf4 ./../Libraries/EMlib/debug/libEMLib_efm32_debug.a(em_letimer.o)
                0x0002d9fc                LETIMER_Init
 .text.INT_Disable
                0x0002daf0       0x40 ./../Platform/Essentials/release/libEssentials_efm32.a(Flash.o)
 .text.INT_Enable
                0x0002db30       0x54 ./../Platform/Essentials/release/libEssentials_efm32.a(Flash.o)
 .text.MscErrorMapping
                0x0002db84       0x7c ./../Platform/Essentials/release/libEssentials_efm32.a(Flash.o)
 .text.MCU_Flash_ErasePage
                0x0002dc00       0x58 ./../Platform/Essentials/release/libEssentials_efm32.a(Flash.o)
                0x0002dc00                MCU_Flash_ErasePage
 .text.MCU_Flash_Write
                0x0002dc58      0x1b8 ./../Platform/Essentials/release/libEssentials_efm32.a(Flash.o)
                0x0002dc58                MCU_Flash_Write
 .text.MCU_Flash_Read
                0x0002de10       0x60 ./../Platform/Essentials/release/libEssentials_efm32.a(Flash.o)
                0x0002de10                MCU_Flash_Read
 .text          0x0002de70      0x370 c:/xdk-workbench/xdk/armgcc/bin/../lib/gcc/arm-none-eabi/4.7.4/armv7-m\libgcc.a(_arm_addsubdf3.o)
                0x0002de70                __aeabi_drsub
                0x0002de78                __aeabi_dsub
                0x0002de78                __subdf3
                0x0002de7c                __aeabi_dadd
                0x0002de7c                __adddf3
                0x0002e0f4                __floatunsidf
                0x0002e0f4                __aeabi_ui2d
                0x0002e114                __floatsidf
                0x0002e114                __aeabi_i2d
                0x0002e138                __aeabi_f2d
                0x0002e138                __extendsfdf2
                0x0002e174                __floatundidf
                0x0002e174                __aeabi_ul2d
                0x0002e184                __floatdidf
                0x0002e184                __aeabi_l2d
 .text          0x0002e1e0      0x424 c:/xdk-workbench/xdk/armgcc/bin/../lib/gcc/arm-none-eabi/4.7.4/armv7-m\libgcc.a(_arm_muldivdf3.o)
                0x0002e1e0                __aeabi_dmul
                0x0002e1e0                __muldf3
                0x0002e434                __divdf3
                0x0002e434                __aeabi_ddiv
 .text          0x0002e604      0x110 c:/xdk-workbench/xdk/armgcc/bin/../lib/gcc/arm-none-eabi/4.7.4/armv7-m\libgcc.a(_arm_cmpdf2.o)
                0x0002e604                __gtdf2
                0x0002e604                __gedf2
                0x0002e60c                __ltdf2
                0x0002e60c                __ledf2
                0x0002e614                __nedf2
                0x0002e614                __eqdf2
                0x0002e614                __cmpdf2
                0x0002e690                __aeabi_cdrcmple
                0x0002e6a0                __aeabi_cdcmpeq
                0x0002e6a0                __aeabi_cdcmple
                0x0002e6b0                __aeabi_dcmpeq
                0x0002e6c4                __aeabi_dcmplt
                0x0002e6d8                __aeabi_dcmple
                0x0002e6ec                __aeabi_dcmpge
                0x0002e700                __aeabi_dcmpgt
 .text          0x0002e714       0x50 c:/xdk-workbench/xdk/armgcc/bin/../lib/gcc/arm-none-eabi/4.7.4/armv7-m\libgcc.a(_arm_fixdfsi.o)
                0x0002e714                __aeabi_d2iz
                0x0002e714                __fixdfsi
 .text.__register_exitproc
                0x0002e764       0xac c:/xdk-workbench/xdk/armgcc/bin/../lib/gcc/arm-none-eabi/4.7.4/../../../../arm-none-eabi/lib/armv7-m\libc.a(lib_a-__atexit.o)
                0x0002e764                __register_exitproc
 .text.exit     0x0002e810       0x20 c:/xdk-workbench/xdk/armgcc/bin/../lib/gcc/arm-none-eabi/4.7.4/../../../../arm-none-eabi/lib/armv7-m\libc.a(lib_a-exit.o)
                0x0002e810                exit
 .text.fileno   0x0002e830       0x1c c:/xdk-workbench/xdk/armgcc/bin/../lib/gcc/arm-none-eabi/4.7.4/../../../../arm-none-eabi/lib/armv7-m\libc.a(lib_a-fileno.o)
                0x0002e830                fileno
 .text._cleanup_r
                0x0002e84c        0xc c:/xdk-workbench/xdk/armgcc/bin/../lib/gcc/arm-none-eabi/4.7.4/../../../../arm-none-eabi/lib/armv7-m\libc.a(lib_a-findfp.o)
                0x0002e84c                _cleanup_r
 .text.std.isra.0
                0x0002e858       0x50 c:/xdk-workbench/xdk/armgcc/bin/../lib/gcc/arm-none-eabi/4.7.4/../../../../arm-none-eabi/lib/armv7-m\libc.a(lib_a-findfp.o)
 .text.__sinit  0x0002e8a8       0x4c c:/xdk-workbench/xdk/armgcc/bin/../lib/gcc/arm-none-eabi/4.7.4/../../../../arm-none-eabi/lib/armv7-m\libc.a(lib_a-findfp.o)
                0x0002e8a8                __sinit
 .text.__sfp_lock_acquire
                0x0002e8f4        0x4 c:/xdk-workbench/xdk/armgcc/bin/../lib/gcc/arm-none-eabi/4.7.4/../../../../arm-none-eabi/lib/armv7-m\libc.a(lib_a-findfp.o)
                0x0002e8f4                __sfp_lock_acquire
 .text.__sfp_lock_release
                0x0002e8f8        0x4 c:/xdk-workbench/xdk/armgcc/bin/../lib/gcc/arm-none-eabi/4.7.4/../../../../arm-none-eabi/lib/armv7-m\libc.a(lib_a-findfp.o)
                0x0002e8f8                __sfp_lock_release
 .text.__libc_fini_array
                0x0002e8fc       0x50 c:/xdk-workbench/xdk/armgcc/bin/../lib/gcc/arm-none-eabi/4.7.4/../../../../arm-none-eabi/lib/armv7-m\libc.a(lib_a-fini.o)
                0x0002e8fc                __libc_fini_array
 .text._fwalk   0x0002e94c       0xb8 c:/xdk-workbench/xdk/armgcc/bin/../lib/gcc/arm-none-eabi/4.7.4/../../../../arm-none-eabi/lib/armv7-m\libc.a(lib_a-fwalk.o)
                0x0002e94c                _fwalk
 .text.__libc_init_array
                0x0002ea04       0x94 c:/xdk-workbench/xdk/armgcc/bin/../lib/gcc/arm-none-eabi/4.7.4/../../../../arm-none-eabi/lib/armv7-m\libc.a(lib_a-init.o)
                0x0002ea04                __libc_init_array
 .text.malloc   0x0002ea98       0x10 c:/xdk-workbench/xdk/armgcc/bin/../lib/gcc/arm-none-eabi/4.7.4/../../../../arm-none-eabi/lib/armv7-m\libc.a(lib_a-malloc.o)
                0x0002ea98                malloc
 .text.free     0x0002eaa8       0x10 c:/xdk-workbench/xdk/armgcc/bin/../lib/gcc/arm-none-eabi/4.7.4/../../../../arm-none-eabi/lib/armv7-m\libc.a(lib_a-malloc.o)
                0x0002eaa8                free
 .text._malloc_r
                0x0002eab8      0x530 c:/xdk-workbench/xdk/armgcc/bin/../lib/gcc/arm-none-eabi/4.7.4/../../../../arm-none-eabi/lib/armv7-m\libc.a(lib_a-mallocr.o)
                0x0002eab8                _malloc_r
 .text.memcmp   0x0002efe8       0xb8 c:/xdk-workbench/xdk/armgcc/bin/../lib/gcc/arm-none-eabi/4.7.4/../../../../arm-none-eabi/lib/armv7-m\libc.a(lib_a-memcmp.o)
                0x0002efe8                memcmp
 .text.memcpy   0x0002f0a0      0x15c c:/xdk-workbench/xdk/armgcc/bin/../lib/gcc/arm-none-eabi/4.7.4/../../../../arm-none-eabi/lib/armv7-m\libc.a(lib_a-memcpy.o)
                0x0002f0a0                memcpy
 .text.memmove  0x0002f1fc      0x1b0 c:/xdk-workbench/xdk/armgcc/bin/../lib/gcc/arm-none-eabi/4.7.4/../../../../arm-none-eabi/lib/armv7-m\libc.a(lib_a-memmove.o)
                0x0002f1fc                memmove
 .text.memset   0x0002f3ac      0x12c c:/xdk-workbench/xdk/armgcc/bin/../lib/gcc/arm-none-eabi/4.7.4/../../../../arm-none-eabi/lib/armv7-m\libc.a(lib_a-memset.o)
                0x0002f3ac                memset
 .text.__malloc_lock
                0x0002f4d8        0x4 c:/xdk-workbench/xdk/armgcc/bin/../lib/gcc/arm-none-eabi/4.7.4/../../../../arm-none-eabi/lib/armv7-m\libc.a(lib_a-mlock.o)
                0x0002f4d8                __malloc_lock
 .text.__malloc_unlock
                0x0002f4dc        0x4 c:/xdk-workbench/xdk/armgcc/bin/../lib/gcc/arm-none-eabi/4.7.4/../../../../arm-none-eabi/lib/armv7-m\libc.a(lib_a-mlock.o)
                0x0002f4dc                __malloc_unlock
 .text.printf   0x0002f4e0       0x2c c:/xdk-workbench/xdk/armgcc/bin/../lib/gcc/arm-none-eabi/4.7.4/../../../../arm-none-eabi/lib/armv7-m\libc.a(lib_a-printf.o)
                0x0002f4e0                printf
 .text._puts_r  0x0002f50c       0x68 c:/xdk-workbench/xdk/armgcc/bin/../lib/gcc/arm-none-eabi/4.7.4/../../../../arm-none-eabi/lib/armv7-m\libc.a(lib_a-puts.o)
                0x0002f50c                _puts_r
 .text.puts     0x0002f574       0x10 c:/xdk-workbench/xdk/armgcc/bin/../lib/gcc/arm-none-eabi/4.7.4/../../../../arm-none-eabi/lib/armv7-m\libc.a(lib_a-puts.o)
                0x0002f574                puts
 .text._sbrk_r  0x0002f584       0x24 c:/xdk-workbench/xdk/armgcc/bin/../lib/gcc/arm-none-eabi/4.7.4/../../../../arm-none-eabi/lib/armv7-m\libc.a(lib_a-sbrkr.o)
                0x0002f584                _sbrk_r
 .text.snprintf
                0x0002f5a8       0x68 c:/xdk-workbench/xdk/armgcc/bin/../lib/gcc/arm-none-eabi/4.7.4/../../../../arm-none-eabi/lib/armv7-m\libc.a(lib_a-snprintf.o)
                0x0002f5a8                snprintf
 .text.__sread  0x0002f610       0x24 c:/xdk-workbench/xdk/armgcc/bin/../lib/gcc/arm-none-eabi/4.7.4/../../../../arm-none-eabi/lib/armv7-m\libc.a(lib_a-stdio.o)
                0x0002f610                __sread
 .text.__swrite
                0x0002f634       0x44 c:/xdk-workbench/xdk/armgcc/bin/../lib/gcc/arm-none-eabi/4.7.4/../../../../arm-none-eabi/lib/armv7-m\libc.a(lib_a-stdio.o)
                0x0002f634                __swrite
 .text.__sseek  0x0002f678       0x24 c:/xdk-workbench/xdk/armgcc/bin/../lib/gcc/arm-none-eabi/4.7.4/../../../../arm-none-eabi/lib/armv7-m\libc.a(lib_a-stdio.o)
                0x0002f678                __sseek
 .text.__sclose
                0x0002f69c        0x8 c:/xdk-workbench/xdk/armgcc/bin/../lib/gcc/arm-none-eabi/4.7.4/../../../../arm-none-eabi/lib/armv7-m\libc.a(lib_a-stdio.o)
                0x0002f69c                __sclose
 .text.strcmp   0x0002f6a4       0x80 c:/xdk-workbench/xdk/armgcc/bin/../lib/gcc/arm-none-eabi/4.7.4/../../../../arm-none-eabi/lib/armv7-m\libc.a(lib_a-strcmp.o)
                0x0002f6a4                strcmp
 .text.strcmp_unaligned
                0x0002f724      0x15c c:/xdk-workbench/xdk/armgcc/bin/../lib/gcc/arm-none-eabi/4.7.4/../../../../arm-none-eabi/lib/armv7-m\libc.a(lib_a-strcmp.o)
 .text.strlen   0x0002f880       0x60 c:/xdk-workbench/xdk/armgcc/bin/../lib/gcc/arm-none-eabi/4.7.4/../../../../arm-none-eabi/lib/armv7-m\libc.a(lib_a-strlen.o)
                0x0002f880                strlen
 .text._svfprintf_r
                0x0002f8e0     0x1adc c:/xdk-workbench/xdk/armgcc/bin/../lib/gcc/arm-none-eabi/4.7.4/../../../../arm-none-eabi/lib/armv7-m\libc.a(lib_a-svfprintf.o)
                0x0002f8e0                _svfprintf_r
 .text.__sprint_r
                0x000313bc       0xc0 c:/xdk-workbench/xdk/armgcc/bin/../lib/gcc/arm-none-eabi/4.7.4/../../../../arm-none-eabi/lib/armv7-m\libc.a(lib_a-vfiprintf.o)
                0x000313bc                __sprint_r
 .text._vfprintf_r
                0x0003147c     0x1c48 c:/xdk-workbench/xdk/armgcc/bin/../lib/gcc/arm-none-eabi/4.7.4/../../../../arm-none-eabi/lib/armv7-m\libc.a(lib_a-vfprintf.o)
                0x0003147c                _vfprintf_r
 .text.__sbprintf
                0x000330c4       0x80 c:/xdk-workbench/xdk/armgcc/bin/../lib/gcc/arm-none-eabi/4.7.4/../../../../arm-none-eabi/lib/armv7-m\libc.a(lib_a-vfprintf.o)
 .text._write_r
                0x00033144       0x28 c:/xdk-workbench/xdk/armgcc/bin/../lib/gcc/arm-none-eabi/4.7.4/../../../../arm-none-eabi/lib/armv7-m\libc.a(lib_a-writer.o)
                0x00033144                _write_r
 .text.__swsetup_r
                0x0003316c       0xc4 c:/xdk-workbench/xdk/armgcc/bin/../lib/gcc/arm-none-eabi/4.7.4/../../../../arm-none-eabi/lib/armv7-m\libc.a(lib_a-wsetup.o)
                0x0003316c                __swsetup_r
 .text.startup.register_fini
                0x00033230       0x14 c:/xdk-workbench/xdk/armgcc/bin/../lib/gcc/arm-none-eabi/4.7.4/../../../../arm-none-eabi/lib/armv7-m\libc.a(lib_a-__call_atexit.o)
 .text.__call_exitprocs
                0x00033244      0x288 c:/xdk-workbench/xdk/armgcc/bin/../lib/gcc/arm-none-eabi/4.7.4/../../../../arm-none-eabi/lib/armv7-m\libc.a(lib_a-__call_atexit.o)
                0x00033244                __call_exitprocs
 .text.atexit   0x000334cc        0xc c:/xdk-workbench/xdk/armgcc/bin/../lib/gcc/arm-none-eabi/4.7.4/../../../../arm-none-eabi/lib/armv7-m\libc.a(lib_a-atexit.o)
                0x000334cc                atexit
 .text._close_r
                0x000334d8       0x24 c:/xdk-workbench/xdk/armgcc/bin/../lib/gcc/arm-none-eabi/4.7.4/../../../../arm-none-eabi/lib/armv7-m\libc.a(lib_a-closer.o)
                0x000334d8                _close_r
 .text.quorem   0x000334fc      0x2ec c:/xdk-workbench/xdk/armgcc/bin/../lib/gcc/arm-none-eabi/4.7.4/../../../../arm-none-eabi/lib/armv7-m\libc.a(lib_a-dtoa.o)
 .text._dtoa_r  0x000337e8     0x11f8 c:/xdk-workbench/xdk/armgcc/bin/../lib/gcc/arm-none-eabi/4.7.4/../../../../arm-none-eabi/lib/armv7-m\libc.a(lib_a-dtoa.o)
                0x000337e8                _dtoa_r
 .text._fclose_r
                0x000349e0       0x94 c:/xdk-workbench/xdk/armgcc/bin/../lib/gcc/arm-none-eabi/4.7.4/../../../../arm-none-eabi/lib/armv7-m\libc.a(lib_a-fclose.o)
                0x000349e0                _fclose_r
 .text.fclose   0x00034a74       0x10 c:/xdk-workbench/xdk/armgcc/bin/../lib/gcc/arm-none-eabi/4.7.4/../../../../arm-none-eabi/lib/armv7-m\libc.a(lib_a-fclose.o)
                0x00034a74                fclose
 .text._fflush_r
                0x00034a84      0x164 c:/xdk-workbench/xdk/armgcc/bin/../lib/gcc/arm-none-eabi/4.7.4/../../../../arm-none-eabi/lib/armv7-m\libc.a(lib_a-fflush.o)
                0x00034a84                _fflush_r
 .text._fputwc_r
                0x00034be8      0x1b0 c:/xdk-workbench/xdk/armgcc/bin/../lib/gcc/arm-none-eabi/4.7.4/../../../../arm-none-eabi/lib/armv7-m\libc.a(lib_a-fputwc.o)
                0x00034be8                _fputwc_r
 .text._malloc_trim_r
                0x00034d98       0x98 c:/xdk-workbench/xdk/armgcc/bin/../lib/gcc/arm-none-eabi/4.7.4/../../../../arm-none-eabi/lib/armv7-m\libc.a(lib_a-freer.o)
                0x00034d98                _malloc_trim_r
 .text._free_r  0x00034e30      0x194 c:/xdk-workbench/xdk/armgcc/bin/../lib/gcc/arm-none-eabi/4.7.4/../../../../arm-none-eabi/lib/armv7-m\libc.a(lib_a-freer.o)
                0x00034e30                _free_r
 .text.__sfvwrite_r
                0x00034fc4      0x314 c:/xdk-workbench/xdk/armgcc/bin/../lib/gcc/arm-none-eabi/4.7.4/../../../../arm-none-eabi/lib/armv7-m\libc.a(lib_a-fvwrite.o)
                0x00034fc4                __sfvwrite_r
 .text.__locale_charset
                0x000352d8        0xc c:/xdk-workbench/xdk/armgcc/bin/../lib/gcc/arm-none-eabi/4.7.4/../../../../arm-none-eabi/lib/armv7-m\libc.a(lib_a-locale.o)
                0x000352d8                __locale_charset
 .text.__locale_mb_cur_max
                0x000352e4        0xc c:/xdk-workbench/xdk/armgcc/bin/../lib/gcc/arm-none-eabi/4.7.4/../../../../arm-none-eabi/lib/armv7-m\libc.a(lib_a-locale.o)
                0x000352e4                __locale_mb_cur_max
 .text._localeconv_r
                0x000352f0        0xc c:/xdk-workbench/xdk/armgcc/bin/../lib/gcc/arm-none-eabi/4.7.4/../../../../arm-none-eabi/lib/armv7-m\libc.a(lib_a-locale.o)
                0x000352f0                _localeconv_r
 .text._lseek_r
                0x000352fc       0x28 c:/xdk-workbench/xdk/armgcc/bin/../lib/gcc/arm-none-eabi/4.7.4/../../../../arm-none-eabi/lib/armv7-m\libc.a(lib_a-lseekr.o)
                0x000352fc                _lseek_r
 .text.__smakebuf_r
                0x00035324       0xe8 c:/xdk-workbench/xdk/armgcc/bin/../lib/gcc/arm-none-eabi/4.7.4/../../../../arm-none-eabi/lib/armv7-m\libc.a(lib_a-makebuf.o)
                0x00035324                __smakebuf_r
 .text.memchr   0x0003540c      0x140 c:/xdk-workbench/xdk/armgcc/bin/../lib/gcc/arm-none-eabi/4.7.4/../../../../arm-none-eabi/lib/armv7-m\libc.a(lib_a-memchr.o)
                0x0003540c                memchr
 .text._Balloc  0x0003554c       0x4c c:/xdk-workbench/xdk/armgcc/bin/../lib/gcc/arm-none-eabi/4.7.4/../../../../arm-none-eabi/lib/armv7-m\libc.a(lib_a-mprec.o)
                0x0003554c                _Balloc
 .text._Bfree   0x00035598       0x14 c:/xdk-workbench/xdk/armgcc/bin/../lib/gcc/arm-none-eabi/4.7.4/../../../../arm-none-eabi/lib/armv7-m\libc.a(lib_a-mprec.o)
                0x00035598                _Bfree
 .text.__multadd
                0x000355ac       0xfc c:/xdk-workbench/xdk/armgcc/bin/../lib/gcc/arm-none-eabi/4.7.4/../../../../arm-none-eabi/lib/armv7-m\libc.a(lib_a-mprec.o)
                0x000355ac                __multadd
 .text.__hi0bits
                0x000356a8       0x3c c:/xdk-workbench/xdk/armgcc/bin/../lib/gcc/arm-none-eabi/4.7.4/../../../../arm-none-eabi/lib/armv7-m\libc.a(lib_a-mprec.o)
                0x000356a8                __hi0bits
 .text.__lo0bits
                0x000356e4       0x5c c:/xdk-workbench/xdk/armgcc/bin/../lib/gcc/arm-none-eabi/4.7.4/../../../../arm-none-eabi/lib/armv7-m\libc.a(lib_a-mprec.o)
                0x000356e4                __lo0bits
 .text.__i2b    0x00035740       0x14 c:/xdk-workbench/xdk/armgcc/bin/../lib/gcc/arm-none-eabi/4.7.4/../../../../arm-none-eabi/lib/armv7-m\libc.a(lib_a-mprec.o)
                0x00035740                __i2b
 .text.__multiply
                0x00035754      0x2d0 c:/xdk-workbench/xdk/armgcc/bin/../lib/gcc/arm-none-eabi/4.7.4/../../../../arm-none-eabi/lib/armv7-m\libc.a(lib_a-mprec.o)