Archive member included because of file (symbol)

./../Platform/BSP/debug/libBSP_efm32_debug.a(BSP_LED.o)
                              C:/Users/Seb/XDK-Workspace/testUDP/debug/objects/source/SystemStartup.o (BSP_LED_Connect)
./../Platform/BSP/debug/libBSP_efm32_debug.a(BSP_USB.o)
                              C:/Users/Seb/XDK-Workspace/testUDP/debug/objects/source/RetargetStdio.o (RETARGET_WriteChar)
./../Platform/BSP/debug/libBSP_efm32_debug.a(BSP_Board.o)
                              C:/Users/Seb/XDK-Workspace/testUDP/debug/objects/source/SystemStartup.o (BSP_Board_OSTickInitialize)
./../Platform/BSP/debug/libBSP_efm32_debug.a(BSP_DMA.o)
                              ./../Platform/BSP/debug/libBSP_efm32_debug.a(BSP_Board.o) (BSP_DMA_Initialize)
./../Platform/BSP/debug/libBSP_efm32_debug.a(BSP_IrqHandler.o)
                              ./../Platform/BSP/debug/libBSP_efm32_debug.a(BSP_Board.o) (IrqHandler_SysTickDummyHandler)
./../Platform/BSP/debug/libBSP_efm32_debug.a(BSP_ExtensionPort.o)
                              ./../Platform/BSP/debug/libBSP_efm32_debug.a(BSP_IrqHandler.o) (BSP_ExtensionPort_I2cIsr)
./../Platform/BSP/debug/libBSP_efm32_debug.a(BSP_WiFi_cc3100mod.o)
                              ./../Platform/BSP/debug/libBSP_efm32_debug.a(BSP_IrqHandler.o) (WiFi_CC3100MOD_SPIRxISR)
./../Platform/BSP/debug/libBSP_efm32_debug.a(BSP_BT_EM9301.o)
                              ./../Platform/BSP/debug/libBSP_efm32_debug.a(BSP_IrqHandler.o) (BT_EM9301_UART_TxISR)
./../Platform/BSP/debug/libBSP_efm32_debug.a(BSP_SensorNode.o)
                              ./../Platform/BSP/debug/libBSP_efm32_debug.a(BSP_IrqHandler.o) (SensorNode_I2CISR)
./../Platform/BSP/debug/libBSP_efm32_debug.a(BSP_SDCard.o)
                              ./../Platform/BSP/debug/libBSP_efm32_debug.a(BSP_IrqHandler.o) (SDCard_SPIRxISR)
./../Libraries/FreeRTOS/debug/libFreeRTOS_efm32_debug.a(tasks.o)
                              C:/Users/Seb/XDK-Workspace/testUDP/debug/objects/testUDP.o (vTaskDelay)
./../Libraries/FreeRTOS/debug/libFreeRTOS_efm32_debug.a(timers.o)
                              ./../Libraries/FreeRTOS/debug/libFreeRTOS_efm32_debug.a(tasks.o) (xTimerCreateTimerTask)
./../Libraries/FreeRTOS/debug/libFreeRTOS_efm32_debug.a(heap_4.o)
                              ./../Libraries/FreeRTOS/debug/libFreeRTOS_efm32_debug.a(tasks.o) (pvPortMalloc)
./../Libraries/FreeRTOS/debug/libFreeRTOS_efm32_debug.a(port.o)
                              ./../Libraries/FreeRTOS/debug/libFreeRTOS_efm32_debug.a(tasks.o) (pxPortInitialiseStack)
./../Libraries/FreeRTOS/debug/libFreeRTOS_efm32_debug.a(list.o)
                              ./../Libraries/FreeRTOS/debug/libFreeRTOS_efm32_debug.a(tasks.o) (vListInitialise)
./../Libraries/FreeRTOS/debug/libFreeRTOS_efm32_debug.a(queue.o)
                              ./../Libraries/FreeRTOS/debug/libFreeRTOS_efm32_debug.a(timers.o) (xQueueGenericCreate)
./../Libraries/EMlib/debug/libEMLib_efm32_debug.a(em_adc.o)
                              ./../Platform/BSP/debug/libBSP_efm32_debug.a(BSP_Board.o) (ADC_Init)
./../Libraries/EMlib/debug/libEMLib_efm32_debug.a(em_cmu.o)
                              ./../Platform/BSP/debug/libBSP_efm32_debug.a(BSP_Board.o) (CMU_ClockDivSet)
./../Libraries/EMlib/debug/libEMLib_efm32_debug.a(em_msc.o)
                              ./../Platform/BSP/debug/libBSP_efm32_debug.a(BSP_Board.o) (MSC_Init)
./../Libraries/EMlib/debug/libEMLib_efm32_debug.a(em_dma.o)
                              ./../Platform/BSP/debug/libBSP_efm32_debug.a(BSP_DMA.o) (DMA_Reset)
./../Libraries/EMlib/debug/libEMLib_efm32_debug.a(em_emu.o)
                              ./../Libraries/EMlib/debug/libEMLib_efm32_debug.a(em_cmu.o) (EMU_UpdateOscConfig)
./../Libraries/EMlib/debug/libEMLib_efm32_debug.a(em_gpio.o)
                              ./../Platform/BSP/debug/libBSP_efm32_debug.a(BSP_Board.o) (GPIO_DriveModeSet)
./../Libraries/EMlib/debug/libEMLib_efm32_debug.a(em_int.o)
                              C:/Users/Seb/XDK-Workspace/testUDP/debug/objects/./../Libraries/EMlib/3rd-party/EMLib/usb/src/em_usbdint.o (INT_LockCnt)
./../Libraries/EMlib/debug/libEMLib_efm32_debug.a(em_i2c.o)
                              ./../Platform/BSP/debug/libBSP_efm32_debug.a(BSP_ExtensionPort.o) (I2C_Enable)
./../Libraries/EMlib/debug/libEMLib_efm32_debug.a(em_usart.o)
                              ./../Platform/BSP/debug/libBSP_efm32_debug.a(BSP_Board.o) (USART_BaudrateSyncSet)
./../Libraries/EMlib/debug/libEMLib_efm32_debug.a(em_system.o)
                              ./../Platform/BSP/debug/libBSP_efm32_debug.a(BSP_Board.o) (SYSTEM_ChipRevisionGet)
./../Libraries/EMlib/debug/libEMLib_efm32_debug.a(em_usbd.o)
                              C:/Users/Seb/XDK-Workspace/testUDP/debug/objects/./../Libraries/EMlib/3rd-party/EMLib/usb/src/em_usbdint.o (dev)
./../Libraries/EMlib/debug/libEMLib_efm32_debug.a(em_usbhal.o)
                              ./../Libraries/EMlib/debug/libEMLib_efm32_debug.a(em_usbd.o) (USBDHAL_Connect)
[...]
Memory Configuration

Name             Origin             Length             Attributes
FLASH            0x00020200         0x000dfe00         xr
RAM              0x20000000         0x00020000         xrw
*default*        0x00000000         0xffffffff

Linker script and memory map

LOAD c:/xdk-workbench/xdk/armgcc/bin/../lib/gcc/arm-none-eabi/4.7.4/armv7-m/crti.o
LOAD c:/xdk-workbench/xdk/armgcc/bin/../lib/gcc/arm-none-eabi/4.7.4/armv7-m/crtbegin.o
LOAD c:/xdk-workbench/xdk/armgcc/bin/../lib/gcc/arm-none-eabi/4.7.4/../../../../arm-none-eabi/lib/armv7-m/crt0.o
LOAD C:/Users/Seb/XDK-Workspace/testUDP/debug/objects/source/Assert.o
LOAD C:/Users/Seb/XDK-Workspace/testUDP/debug/objects/source/RetargetStdio.o
LOAD C:/Users/Seb/XDK-Workspace/testUDP/debug/objects/source/BleDeviceInfoService.o
LOAD C:/Users/Seb/XDK-Workspace/testUDP/debug/objects/source/cJSON.o
LOAD C:/Users/Seb/XDK-Workspace/testUDP/debug/objects/source/UsbResetUtility.o
LOAD C:/Users/Seb/XDK-Workspace/testUDP/debug/objects/source/SensorHandle.o
LOAD C:/Users/Seb/XDK-Workspace/testUDP/debug/objects/source/SystemStartup.o
LOAD C:/Users/Seb/XDK-Workspace/testUDP/debug/objects/source/XdkVersion.o
LOAD C:/Users/Seb/XDK-Workspace/testUDP/debug/objects/legacy/source/ServalPAL_WiFi.o
LOAD C:/Users/Seb/XDK-Workspace/testUDP/debug/objects/./../Libraries/EMlib/3rd-party/EMLib/usb/src/em_usbdint.o
LOAD C:/Users/Seb/XDK-Workspace/testUDP/debug/objects/Main.o
LOAD C:/Users/Seb/XDK-Workspace/testUDP/debug/objects/testUDP.o
LOAD C:/Users/Seb/XDK-Workspace/testUDP/debug/objects/startup_efm32gg.o
START GROUP
LOAD ./../Platform/SensorUtils/debug/libSensorUtils_efm32_debug.a
LOAD ./../Platform/Sensors/debug/libSensors_efm32_debug.a
LOAD ./../Platform/BSP/debug/libBSP_efm32_debug.a
LOAD ./../Libraries/FreeRTOS/debug/libFreeRTOS_efm32_debug.a
LOAD ./../Libraries/EMlib/debug/libEMLib_efm32_debug.a
LOAD ./../Libraries/BSTLib/debug/libBSTLib_efm32_debug.a
LOAD ./../Libraries/WiFi/debug/libWiFi_efm32_debug.a
LOAD ./../Libraries/FATfs/debug/libFATfs_efm32_debug.a
LOAD ./../Platform/Essentials/release/libEssentials_efm32.a
LOAD ./../Platform/Utils/release/libUtils_efm32.a
LOAD ./../Platform/Drivers/release/libDrivers_efm32.a
LOAD ./../Platform/FOTA/release/libFOTA_efm32.a
LOAD ./../Platform/Wlan/release/libWlan_efm32.a
LOAD ./../Platform/BLE/release/libBLE_efm32.a
LOAD ./../Platform/SensorToolbox/release/libSensorToolbox_efm32.a
LOAD ./../Libraries/BLEStack/3rd-party/Alpwise/ALPW-BLESDKCM3/BLESW_AlertNotification/Libraries/BLESW_ANP_Server_CM3.a
LOAD ./../Libraries/BLEStack/3rd-party/Alpwise/ALPW-BLESDKCM3/BLESW_AlertNotification/Libraries/BLESW_ANP_Client_CM3.a
LOAD ./../Libraries/BLEStack/3rd-party/Alpwise/ALPW-BLESDKCM3/BLESW_ALPWDataExchange/Libraries/BLESW_ALPWDEP_Server_CM3.a
LOAD ./../Libraries/BLEStack/3rd-party/Alpwise/ALPW-BLESDKCM3/BLESW_ALPWDataExchange/Libraries/BLESW_ALPWDEP_Client_CM3.a
LOAD ./../Libraries/BLEStack/3rd-party/Alpwise/ALPW-BLESDKCM3/BLESW_AppleNotificationCenter/Libraries/BLESW_ANCP_Consumer_CM3.a
LOAD ./../Libraries/BLEStack/3rd-party/Alpwise/ALPW-BLESDKCM3/BLESW_BloodPressure/Libraries/BLESW_BLP_Sensor_CM3.a
LOAD ./../Libraries/BLEStack/3rd-party/Alpwise/ALPW-BLESDKCM3/BLESW_BloodPressure/Libraries/BLESW_BLP_Collector_CM3.a
LOAD ./../Libraries/BLEStack/3rd-party/Alpwise/ALPW-BLESDKCM3/BLESW_CoreStack/Libraries/BLESW_CPS_CM3.a
LOAD ./../Libraries/BLEStack/3rd-party/Alpwise/ALPW-BLESDKCM3/BLESW_CoreStack/Libraries/BLESW_CoreStack_CM3.a
LOAD ./../Libraries/BLEStack/3rd-party/Alpwise/ALPW-BLESDKCM3/BLESW_CoreStack/Libraries/BLESW_CSCS_CM3.a
LOAD ./../Libraries/BLEStack/3rd-party/Alpwise/ALPW-BLESDKCM3/BLESW_CoreStack/Libraries/BLESW_RTUS_CM3.a
LOAD ./../Libraries/BLEStack/3rd-party/Alpwise/ALPW-BLESDKCM3/BLESW_CoreStack/Libraries/BLESW_HRS_CM3.a
LOAD ./../Libraries/BLEStack/3rd-party/Alpwise/ALPW-BLESDKCM3/BLESW_CoreStack/Libraries/BLESW_CTS_CM3.a
LOAD ./../Libraries/BLEStack/3rd-party/Alpwise/ALPW-BLESDKCM3/BLESW_CoreStack/Libraries/BLESW_CoreStack_Monitor_CM3.a
LOAD ./../Libraries/BLEStack/3rd-party/Alpwise/ALPW-BLESDKCM3/BLESW_CoreStack/Libraries/BLESW_UDS_CM3.a
LOAD ./../Libraries/BLEStack/3rd-party/Alpwise/ALPW-BLESDKCM3/BLESW_CoreStack/Libraries/BLESW_NDCS_CM3.a
LOAD ./../Libraries/BLEStack/3rd-party/Alpwise/ALPW-BLESDKCM3/BLESW_CoreStack/Libraries/BLESW_TPS_CM3.a
LOAD ./../Libraries/BLEStack/3rd-party/Alpwise/ALPW-BLESDKCM3/BLESW_CoreStack/Libraries/BLESW_BLS_CM3.a
LOAD ./../Libraries/BLEStack/3rd-party/Alpwise/ALPW-BLESDKCM3/BLESW_CoreStack/Libraries/BLESW_LNS_CM3.a
LOAD ./../Libraries/BLEStack/3rd-party/Alpwise/ALPW-BLESDKCM3/BLESW_CoreStack/Libraries/BLESW_LLS_CM3.a
LOAD ./../Libraries/BLEStack/3rd-party/Alpwise/ALPW-BLESDKCM3/BLESW_CoreStack/Libraries/BLESW_WSS_CM3.a
LOAD ./../Libraries/BLEStack/3rd-party/Alpwise/ALPW-BLESDKCM3/BLESW_CoreStack/Libraries/BLESW_RSCS_CM3.a
LOAD ./../Libraries/BLEStack/3rd-party/Alpwise/ALPW-BLESDKCM3/BLESW_CoreStack/Libraries/BLESW_BAS_CM3.a
LOAD ./../Libraries/BLEStack/3rd-party/Alpwise/ALPW-BLESDKCM3/BLESW_CoreStack/Libraries/BLESW_IAS_CM3.a
LOAD ./../Libraries/BLEStack/3rd-party/Alpwise/ALPW-BLESDKCM3/BLESW_CoreStack/Libraries/BLESW_PASS_CM3.a
LOAD ./../Libraries/BLEStack/3rd-party/Alpwise/ALPW-BLESDKCM3/BLESW_CoreStack/Libraries/BLESW_HTS_CM3.a
LOAD ./../Libraries/BLEStack/3rd-party/Alpwise/ALPW-BLESDKCM3/BLESW_CoreStack/Libraries/BLESW_ALPWDES_CM3.a
LOAD ./../Libraries/BLEStack/3rd-party/Alpwise/ALPW-BLESDKCM3/BLESW_CoreStack/Libraries/BLESW_BCS_CM3.a
LOAD ./../Libraries/BLEStack/3rd-party/Alpwise/ALPW-BLESDKCM3/BLESW_CoreStack/Libraries/BLESW_ANS_CM3.a
LOAD ./../Libraries/BLEStack/3rd-party/Alpwise/ALPW-BLESDKCM3/BLESW_CoreStack/Libraries/BLESW_HIDS_CM3.a
LOAD ./../Libraries/BLEStack/3rd-party/Alpwise/ALPW-BLESDKCM3/BLESW_CoreStack/Libraries/BLESW_GLS_CM3.a
LOAD ./../Libraries/BLEStack/3rd-party/Alpwise/ALPW-BLESDKCM3/BLESW_CoreStack/Libraries/BLESW_NWAS_CM3.a
LOAD ./../Libraries/BLEStack/3rd-party/Alpwise/ALPW-BLESDKCM3/BLESW_CoreStack/Libraries/BLESW_DIS_CM3.a
LOAD ./../Libraries/BLEStack/3rd-party/Alpwise/ALPW-BLESDKCM3/BLESW_CyclingPower/Libraries/BLESW_CPP_Sensor_CM3.a
LOAD ./../Libraries/BLEStack/3rd-party/Alpwise/ALPW-BLESDKCM3/BLESW_CyclingPower/Libraries/BLESW_CPP_Collector_CM3.a
LOAD ./../Libraries/BLEStack/3rd-party/Alpwise/ALPW-BLESDKCM3/BLESW_CyclingSpeedAndCadence/Libraries/BLESW_CSCP_Sensor_CM3.a
LOAD ./../Libraries/BLEStack/3rd-party/Alpwise/ALPW-BLESDKCM3/BLESW_CyclingSpeedAndCadence/Libraries/BLESW_CSCP_Collector_CM3.a
LOAD ./../Libraries/BLEStack/3rd-party/Alpwise/ALPW-BLESDKCM3/BLESW_FindMe/Libraries/BLESW_FMP_Target_CM3.a
LOAD ./../Libraries/BLEStack/3rd-party/Alpwise/ALPW-BLESDKCM3/BLESW_FindMe/Libraries/BLESW_FMP_Locator_CM3.a
LOAD ./../Libraries/BLEStack/3rd-party/Alpwise/ALPW-BLESDKCM3/BLESW_Glucose/Libraries/BLESW_GLP_Sensor_CM3.a
LOAD ./../Libraries/BLEStack/3rd-party/Alpwise/ALPW-BLESDKCM3/BLESW_Glucose/Libraries/BLESW_GLP_Collector_CM3.a
LOAD ./../Libraries/BLEStack/3rd-party/Alpwise/ALPW-BLESDKCM3/BLESW_HealthThermometer/Libraries/BLESW_HTP_Thermometer_CM3.a
LOAD ./../Libraries/BLEStack/3rd-party/Alpwise/ALPW-BLESDKCM3/BLESW_HealthThermometer/Libraries/BLESW_HTP_Collector_CM3.a
LOAD ./../Libraries/BLEStack/3rd-party/Alpwise/ALPW-BLESDKCM3/BLESW_HeartRate/Libraries/BLESW_HRP_Sensor_CM3.a
LOAD ./../Libraries/BLEStack/3rd-party/Alpwise/ALPW-BLESDKCM3/BLESW_HeartRate/Libraries/BLESW_HRP_Collector_CM3.a
LOAD ./../Libraries/BLEStack/3rd-party/Alpwise/ALPW-BLESDKCM3/BLESW_HumanInterfaceDevice/Libraries/BLESW_HID_Device_CM3.a
LOAD ./../Libraries/BLEStack/3rd-party/Alpwise/ALPW-BLESDKCM3/BLESW_HumanInterfaceDevice/Libraries/BLESW_HID_Host_CM3.a
LOAD ./../Libraries/BLEStack/3rd-party/Alpwise/ALPW-BLESDKCM3/BLESW_iBeacon/Libraries/BLESW_IBN_Reporter_CM3.a
LOAD ./../Libraries/BLEStack/3rd-party/Alpwise/ALPW-BLESDKCM3/BLESW_LocationAndNavigation/Libraries/BLESW_LNP_Sensor_CM3.a
LOAD ./../Libraries/BLEStack/3rd-party/Alpwise/ALPW-BLESDKCM3/BLESW_LocationAndNavigation/Libraries/BLESW_LNP_Collector_CM3.a
LOAD ./../Libraries/BLEStack/3rd-party/Alpwise/ALPW-BLESDKCM3/BLESW_NetworkAvailability/Libraries/BLESW_NWAP_Monitor_CM3.a
LOAD ./../Libraries/BLEStack/3rd-party/Alpwise/ALPW-BLESDKCM3/BLESW_NetworkAvailability/Libraries/BLESW_NWAP_Reporter_CM3.a
LOAD ./../Libraries/BLEStack/3rd-party/Alpwise/ALPW-BLESDKCM3/BLESW_PhoneAlertStatus/Libraries/BLESW_PASP_Client_CM3.a
LOAD ./../Libraries/BLEStack/3rd-party/Alpwise/ALPW-BLESDKCM3/BLESW_PhoneAlertStatus/Libraries/BLESW_PASP_Server_CM3.a
LOAD ./../Libraries/BLEStack/3rd-party/Alpwise/ALPW-BLESDKCM3/BLESW_Proximity/Libraries/BLESW_PXP_Reporter_CM3.a
LOAD ./../Libraries/BLEStack/3rd-party/Alpwise/ALPW-BLESDKCM3/BLESW_Proximity/Libraries/BLESW_PXP_Monitor_CM3.a
LOAD ./../Libraries/BLEStack/3rd-party/Alpwise/ALPW-BLESDKCM3/BLESW_RunningSpeedAndCadence/Libraries/BLESW_RSCP_Sensor_CM3.a
LOAD ./../Libraries/BLEStack/3rd-party/Alpwise/ALPW-BLESDKCM3/BLESW_RunningSpeedAndCadence/Libraries/BLESW_RSCP_Collector_CM3.a
LOAD ./../Libraries/BLEStack/3rd-party/Alpwise/ALPW-BLESDKCM3/BLESW_Time/Libraries/BLESW_TIP_Server_CM3.a
LOAD ./../Libraries/BLEStack/3rd-party/Alpwise/ALPW-BLESDKCM3/BLESW_Time/Libraries/BLESW_TIP_Client_CM3.a
LOAD ./../Libraries/EMlib/3rd-party/EMLib/CMSIS/Lib/GCC/libarm_cortexM3l_math.a
LOAD ./../Libraries/BSX/BSX4/Source/algo/algo_bsx/Lib/libalgobsxm3/libalgobsx.a
LOAD ./../Platform/LoRaDrivers/release/libLoRaDrivers_efm32.a
LOAD ./../Platform/ServalPAL/release/libServalPal_efm32.a
LOAD ./../Libraries/Escrypt_CycurTLS/release/libEscrypt_CycurTLS_efm32.a
END GROUP
START GROUP
LOAD c:/xdk-workbench/xdk/armgcc/bin/../lib/gcc/arm-none-eabi/4.7.4/armv7-m\libgcc.a
LOAD c:/xdk-workbench/xdk/armgcc/bin/../lib/gcc/arm-none-eabi/4.7.4/../../../../arm-none-eabi/lib/armv7-m\libc.a
LOAD c:/xdk-workbench/xdk/armgcc/bin/../lib/gcc/arm-none-eabi/4.7.4/../../../../arm-none-eabi/lib/armv7-m\libm.a
END GROUP
START GROUP
LOAD c:/xdk-workbench/xdk/armgcc/bin/../lib/gcc/arm-none-eabi/4.7.4/armv7-m\libgcc.a
LOAD c:/xdk-workbench/xdk/armgcc/bin/../lib/gcc/arm-none-eabi/4.7.4/../../../../arm-none-eabi/lib/armv7-m\libc.a
END GROUP
LOAD c:/xdk-workbench/xdk/armgcc/bin/../lib/gcc/arm-none-eabi/4.7.4/armv7-m/crtend.o
LOAD c:/xdk-workbench/xdk/armgcc/bin/../lib/gcc/arm-none-eabi/4.7.4/armv7-m/crtn.o

.text           0x00020200    0x1d25c
 *(.isr_vector)
 .isr_vector    0x00020200      0x100 C:/Users/Seb/XDK-Workspace/testUDP/debug/objects/startup_efm32gg.o
                0x00020200                __isr_vector
 *(.text*)
 .text          0x00020300       0x54 c:/xdk-workbench/xdk/armgcc/bin/../lib/gcc/arm-none-eabi/4.7.4/armv7-m/crtbegin.o
 .text          0x00020354       0x70 c:/xdk-workbench/xdk/armgcc/bin/../lib/gcc/arm-none-eabi/4.7.4/../../../../arm-none-eabi/lib/armv7-m/crt0.o
                0x00020354                _start
                0x00020354                start
                0x00020354                _mainCRTStartup
 .text.Assert_Initialize
                0x000203c4       0x40 C:/Users/Seb/XDK-Workspace/testUDP/debug/objects/source/Assert.o
                0x000203c4                Assert_Initialize
 .text.Assert_Dynamic
                0x00020404       0x2c C:/Users/Seb/XDK-Workspace/testUDP/debug/objects/source/Assert.o
                0x00020404                Assert_Dynamic
 .text._close   0x00020430       0x18 C:/Users/Seb/XDK-Workspace/testUDP/debug/objects/source/RetargetStdio.o
                0x00020430                _close
 .text._exit    0x00020448        0xc C:/Users/Seb/XDK-Workspace/testUDP/debug/objects/source/RetargetStdio.o
                0x00020448                _exit
 .text._fstat   0x00020454       0x24 C:/Users/Seb/XDK-Workspace/testUDP/debug/objects/source/RetargetStdio.o
                0x00020454                _fstat
 .text._isatty  0x00020478       0x18 C:/Users/Seb/XDK-Workspace/testUDP/debug/objects/source/RetargetStdio.o
                0x00020478                _isatty
 .text._lseek   0x00020490       0x1c C:/Users/Seb/XDK-Workspace/testUDP/debug/objects/source/RetargetStdio.o
                0x00020490                _lseek
 .text._read    0x000204ac       0x70 C:/Users/Seb/XDK-Workspace/testUDP/debug/objects/source/RetargetStdio.o
                0x000204ac                _read
 .text._sbrk    0x0002051c       0xa0 C:/Users/Seb/XDK-Workspace/testUDP/debug/objects/source/RetargetStdio.o
                0x0002051c                _sbrk
 .text._write   0x000205bc       0x20 C:/Users/Seb/XDK-Workspace/testUDP/debug/objects/source/RetargetStdio.o
                0x000205bc                _write
 .text.NVIC_SystemReset
                0x000205dc       0x30 C:/Users/Seb/XDK-Workspace/testUDP/debug/objects/source/UsbResetUtility.o
 .text.UsbResetUtility_SystemReset
                0x0002060c       0x10 C:/Users/Seb/XDK-Workspace/testUDP/debug/objects/source/UsbResetUtility.o
 .text.UsbResetUtility_InteruptHandling
                0x0002061c       0x54 C:/Users/Seb/XDK-Workspace/testUDP/debug/objects/source/UsbResetUtility.o
 .text.UsbResetUtility_Init
                0x00020670       0x40 C:/Users/Seb/XDK-Workspace/testUDP/debug/objects/source/UsbResetUtility.o
                0x00020670                UsbResetUtility_Init
 .text.UsbResetUtility_UsbISRCallback
                0x000206b0      0x138 C:/Users/Seb/XDK-Workspace/testUDP/debug/objects/source/UsbResetUtility.o
                0x000206b0                UsbResetUtility_UsbISRCallback
 .text.Retcode_GetPackage
                0x000207e8       0x1c C:/Users/Seb/XDK-Workspace/testUDP/debug/objects/source/SystemStartup.o
 .text.Retcode_GetModuleId
                0x00020804       0x1c C:/Users/Seb/XDK-Workspace/testUDP/debug/objects/source/SystemStartup.o
 .text.Retcode_GetSeverity
                0x00020820       0x24 C:/Users/Seb/XDK-Workspace/testUDP/debug/objects/source/SystemStartup.o
 .text.Retcode_GetCode
                0x00020844       0x20 C:/Users/Seb/XDK-Workspace/testUDP/debug/objects/source/SystemStartup.o
 .text.bleGetMacAddress
                0x00020864       0xec C:/Users/Seb/XDK-Workspace/testUDP/debug/objects/source/SystemStartup.o
 .text.SysTickPreCallback
                0x00020950       0x14 C:/Users/Seb/XDK-Workspace/testUDP/debug/objects/source/SystemStartup.o
 .text.DefaultErrorHandlingFunc
                0x00020964       0xf4 C:/Users/Seb/XDK-Workspace/testUDP/debug/objects/source/SystemStartup.o
                0x00020964                DefaultErrorHandlingFunc
 .text.assertIndicationMapping
                0x00020a58       0x44 C:/Users/Seb/XDK-Workspace/testUDP/debug/objects/source/SystemStartup.o
                0x00020a58                assertIndicationMapping
 .text.systemStartup
                0x00020a9c      0x154 C:/Users/Seb/XDK-Workspace/testUDP/debug/objects/source/SystemStartup.o
                0x00020a9c                systemStartup
 .text.vApplicationStackOverflowHook
                0x00020bf0       0x5c C:/Users/Seb/XDK-Workspace/testUDP/debug/objects/source/SystemStartup.o
                0x00020bf0                vApplicationStackOverflowHook
 .text.vApplicationMallocFailedHook
                0x00020c4c       0x14 C:/Users/Seb/XDK-Workspace/testUDP/debug/objects/source/SystemStartup.o
                0x00020c4c                vApplicationMallocFailedHook
 .text.INT_Disable
                0x00020c60       0x40 C:/Users/Seb/XDK-Workspace/testUDP/debug/objects/./../Libraries/EMlib/3rd-party/EMLib/usb/src/em_usbdint.o
 .text.INT_Enable
                0x00020ca0       0x54 C:/Users/Seb/XDK-Workspace/testUDP/debug/objects/./../Libraries/EMlib/3rd-party/EMLib/usb/src/em_usbdint.o
 .text.USBHAL_FlushTxFifo
                0x00020cf4       0x4c C:/Users/Seb/XDK-Workspace/testUDP/debug/objects/./../Libraries/EMlib/3rd-party/EMLib/usb/src/em_usbdint.o
 .text.USBHAL_GetCoreInts
                0x00020d40       0x40 C:/Users/Seb/XDK-Workspace/testUDP/debug/objects/./../Libraries/EMlib/3rd-party/EMLib/usb/src/em_usbdint.o
 .text.USBDHAL_EnableInts
                0x00020d80       0x70 C:/Users/Seb/XDK-Workspace/testUDP/debug/objects/./../Libraries/EMlib/3rd-party/EMLib/usb/src/em_usbdint.o
 .text.USBDHAL_Ep0Activate
                0x00020df0       0x70 C:/Users/Seb/XDK-Workspace/testUDP/debug/objects/./../Libraries/EMlib/3rd-party/EMLib/usb/src/em_usbdint.o
 .text.USBDHAL_GetAllInEpInts
                0x00020e60       0x48 C:/Users/Seb/XDK-Workspace/testUDP/debug/objects/./../Libraries/EMlib/3rd-party/EMLib/usb/src/em_usbdint.o
 .text.USBDHAL_GetAllOutEpInts
                0x00020ea8       0x44 C:/Users/Seb/XDK-Workspace/testUDP/debug/objects/./../Libraries/EMlib/3rd-party/EMLib/usb/src/em_usbdint.o
 .text.USBDHAL_GetInEpInts
                0x00020eec       0x44 C:/Users/Seb/XDK-Workspace/testUDP/debug/objects/./../Libraries/EMlib/3rd-party/EMLib/usb/src/em_usbdint.o
 .text.USBDHAL_GetOutEpInts
                0x00020f30       0x44 C:/Users/Seb/XDK-Workspace/testUDP/debug/objects/./../Libraries/EMlib/3rd-party/EMLib/usb/src/em_usbdint.o
 .text.USBDHAL_StartEp0Setup
                0x00020f74       0x88 C:/Users/Seb/XDK-Workspace/testUDP/debug/objects/./../Libraries/EMlib/3rd-party/EMLib/usb/src/em_usbdint.o
 .text.USBD_GetEpFromAddr
                0x00020ffc       0xa0 C:/Users/Seb/XDK-Workspace/testUDP/debug/objects/./../Libraries/EMlib/3rd-party/EMLib/usb/src/em_usbdint.o
 .text.USB_IRQHandler
                0x0002109c      0x16c C:/Users/Seb/XDK-Workspace/testUDP/debug/objects/./../Libraries/EMlib/3rd-party/EMLib/usb/src/em_usbdint.o
                0x0002109c                USB_IRQHandler
 .text.Handle_USB_GINTSTS_ENUMDONE
                0x00021208       0x3c C:/Users/Seb/XDK-Workspace/testUDP/debug/objects/./../Libraries/EMlib/3rd-party/EMLib/usb/src/em_usbdint.o
 .text.Handle_USB_GINTSTS_IEPINT
                0x00021244      0x118 C:/Users/Seb/XDK-Workspace/testUDP/debug/objects/./../Libraries/EMlib/3rd-party/EMLib/usb/src/em_usbdint.o
 .text.Handle_USB_GINTSTS_OEPINT
                0x0002135c      0x230 C:/Users/Seb/XDK-Workspace/testUDP/debug/objects/./../Libraries/EMlib/3rd-party/EMLib/usb/src/em_usbdint.o
 .text.Handle_USB_GINTSTS_RESETDET
                0x0002158c       0x40 C:/Users/Seb/XDK-Workspace/testUDP/debug/objects/./../Libraries/EMlib/3rd-party/EMLib/usb/src/em_usbdint.o
 .text.Handle_USB_GINTSTS_SOF
                0x000215cc       0x64 C:/Users/Seb/XDK-Workspace/testUDP/debug/objects/./../Libraries/EMlib/3rd-party/EMLib/usb/src/em_usbdint.o
 .text.Handle_USB_GINTSTS_USBRST
                0x00021630      0x150 C:/Users/Seb/XDK-Workspace/testUDP/debug/objects/./../Libraries/EMlib/3rd-party/EMLib/usb/src/em_usbdint.o
 .text.Handle_USB_GINTSTS_USBSUSP
                0x00021780       0x68 C:/Users/Seb/XDK-Workspace/testUDP/debug/objects/./../Libraries/EMlib/3rd-party/EMLib/usb/src/em_usbdint.o
 .text.Handle_USB_GINTSTS_WKUPINT
                0x000217e8       0x30 C:/Users/Seb/XDK-Workspace/testUDP/debug/objects/./../Libraries/EMlib/3rd-party/EMLib/usb/src/em_usbdint.o
 .text.main     0x00021818       0xa8 C:/Users/Seb/XDK-Workspace/testUDP/debug/objects/Main.o
                0x00021818                main
 .text.wifiUdpSend
                0x000218c0      0x1a4 C:/Users/Seb/XDK-Workspace/testUDP/debug/objects/testUDP.o
 .text.EnqueueDatatoWifi
                0x00021a64       0x7c C:/Users/Seb/XDK-Workspace/testUDP/debug/objects/testUDP.o
 .text.PrintDeviceIP
                0x00021ae0       0xbc C:/Users/Seb/XDK-Workspace/testUDP/debug/objects/testUDP.o
 .text.WlanEventCallback
                0x00021b9c      0x100 C:/Users/Seb/XDK-Workspace/testUDP/debug/objects/testUDP.o
 .text.wifiConnect
                0x00021c9c       0xa8 C:/Users/Seb/XDK-Workspace/testUDP/debug/objects/testUDP.o
 .text.tcpInit  0x00021d44      0x120 C:/Users/Seb/XDK-Workspace/testUDP/debug/objects/testUDP.o
                0x00021d44                tcpInit
 .text.init     0x00021e64       0xa8 C:/Users/Seb/XDK-Workspace/testUDP/debug/objects/testUDP.o
 .text.appInitSystem
                0x00021f0c       0x44 C:/Users/Seb/XDK-Workspace/testUDP/debug/objects/testUDP.o
                0x00021f0c                appInitSystem
 .text          0x00021f50       0x98 C:/Users/Seb/XDK-Workspace/testUDP/debug/objects/startup_efm32gg.o
                0x00021f50                Reset_Handler
                0x00021f84                Default_Handler
                0x00021f86                NMI_Handler
                0x00021f88                HardFault_Handler
                0x00021f8a                MemManage_Handler
                0x00021f8c                BusFault_Handler
                0x00021f8e                UsageFault_Handler
                0x00021f92                DebugMon_Handler
                0x00021f9c                TIMER0_IRQHandler
                0x00021fa2                ACMP0_IRQHandler
                0x00021fa6                ADC0_IRQHandler
                0x00021fa8                DAC0_IRQHandler
                0x00021fb0                TIMER1_IRQHandler
                0x00021fb2                TIMER2_IRQHandler
                0x00021fb4                TIMER3_IRQHandler
                0x00021fba                LESENSE_IRQHandler
                0x00021fc8                LEUART0_IRQHandler
                0x00021fca                LEUART1_IRQHandler
                0x00021fcc                LETIMER0_IRQHandler
                0x00021fce                PCNT0_IRQHandler
                0x00021fd0                PCNT1_IRQHandler
                0x00021fd2                PCNT2_IRQHandler
                0x00021fd6                BURTC_IRQHandler
                0x00021fd8                CMU_IRQHandler
                0x00021fda                VCMP_IRQHandler
                0x00021fdc                LCD_IRQHandler
                0x00021fde                MSC_IRQHandler
                0x00021fe0                AES_IRQHandler
                0x00021fe2                EBI_IRQHandler
                0x00021fe4                EMU_IRQHandler
 .text.GPIO_PinOutClear
                0x00021fe8       0x4c ./../Platform/BSP/debug/libBSP_efm32_debug.a(BSP_LED.o)
 .text.GPIO_PinOutSet
                0x00022034       0x4c ./../Platform/BSP/debug/libBSP_efm32_debug.a(BSP_LED.o)
 .text.GPIO_PinOutToggle
                0x00022080       0x4c ./../Platform/BSP/debug/libBSP_efm32_debug.a(BSP_LED.o)
 .text.BSP_LED_Connect
                0x000220cc       0x48 ./../Platform/BSP/debug/libBSP_efm32_debug.a(BSP_LED.o)
                0x000220cc                BSP_LED_Connect
 .text.BSP_LED_EnableAll
                0x00022114       0x3c ./../Platform/BSP/debug/libBSP_efm32_debug.a(BSP_LED.o)
                0x00022114                BSP_LED_EnableAll
 .text.BSP_LED_Switch
                0x00022150      0x15c ./../Platform/BSP/debug/libBSP_efm32_debug.a(BSP_LED.o)
                0x00022150                BSP_LED_Switch
 .text.BSP_LED_SwitchAll
                0x000222ac       0xd0 ./../Platform/BSP/debug/libBSP_efm32_debug.a(BSP_LED.o)
                0x000222ac                BSP_LED_SwitchAll
 .text.USB_setSerialNumber
                0x0002237c       0x7c ./../Platform/BSP/debug/libBSP_efm32_debug.a(BSP_USB.o)
 .text.USB_dataReceivedCallback
                0x000223f8       0x98 ./../Platform/BSP/debug/libBSP_efm32_debug.a(BSP_USB.o)
 .text.USB_dataTransferred
                0x00022490       0x4c ./../Platform/BSP/debug/libBSP_efm32_debug.a(BSP_USB.o)
 .text.USB_stateChange
                0x000224dc       0x58 ./../Platform/BSP/debug/libBSP_efm32_debug.a(BSP_USB.o)
                0x000224dc                USB_stateChange
 .text.USB_setupCommand
                0x00022534      0x108 ./../Platform/BSP/debug/libBSP_efm32_debug.a(BSP_USB.o)
                0x00022534                USB_setupCommand
 .text.USB_init
                0x0002263c       0xd0 ./../Platform/BSP/debug/libBSP_efm32_debug.a(BSP_USB.o)
                0x0002263c                USB_init
 .text.USB_receiveByte
                0x0002270c       0xa0 ./../Platform/BSP/debug/libBSP_efm32_debug.a(BSP_USB.o)
                0x0002270c                USB_receiveByte
 .text.RETARGET_WriteChar
                0x000227ac       0x2c ./../Platform/BSP/debug/libBSP_efm32_debug.a(BSP_USB.o)
                0x000227ac                RETARGET_WriteChar
 .text.USB_transmitData
                0x000227d8       0xc4 ./../Platform/BSP/debug/libBSP_efm32_debug.a(BSP_USB.o)
                0x000227d8                USB_transmitData
 .text.RETARGET_ReadChar
                0x0002289c       0x24 ./../Platform/BSP/debug/libBSP_efm32_debug.a(BSP_USB.o)
                0x0002289c                RETARGET_ReadChar
 .text.USB_callBackMapping
                0x000228c0       0x38 ./../Platform/BSP/debug/libBSP_efm32_debug.a(BSP_USB.o)
                0x000228c0                USB_callBackMapping
 .text.NVIC_SetPriorityGrouping
                0x000228f8       0x50 ./../Platform/BSP/debug/libBSP_efm32_debug.a(BSP_Board.o)
 .text.NVIC_EnableIRQ
                0x00022948       0x38 ./../Platform/BSP/debug/libBSP_efm32_debug.a(BSP_Board.o)
 .text.NVIC_DisableIRQ
                0x00022980       0x3c ./../Platform/BSP/debug/libBSP_efm32_debug.a(BSP_Board.o)
 .text.NVIC_ClearPendingIRQ
                0x000229bc       0x3c ./../Platform/BSP/debug/libBSP_efm32_debug.a(BSP_Board.o)
 .text.NVIC_SetPriority
                0x000229f8       0x5c ./../Platform/BSP/debug/libBSP_efm32_debug.a(BSP_Board.o)
 .text.SysTick_Config
                0x00022a54       0x64 ./../Platform/BSP/debug/libBSP_efm32_debug.a(BSP_Board.o)
 .text.CHIP_Init
                0x00022ab8       0x50 ./../Platform/BSP/debug/libBSP_efm32_debug.a(BSP_Board.o)
 .text.GPIO_PinOutClear
                0x00022b08       0x4c ./../Platform/BSP/debug/libBSP_efm32_debug.a(BSP_Board.o)
 .text.GPIO_PinOutSet
                0x00022b54       0x4c ./../Platform/BSP/debug/libBSP_efm32_debug.a(BSP_Board.o)
 .text.INT_Disable
                0x00022ba0       0x40 ./../Platform/BSP/debug/libBSP_efm32_debug.a(BSP_Board.o)
 .text.INT_Enable
                0x00022be0       0x54 ./../Platform/BSP/debug/libBSP_efm32_debug.a(BSP_Board.o)
 .text.BSP_Board_OSTickInitialize
                0x00022c34       0x2c ./../Platform/BSP/debug/libBSP_efm32_debug.a(BSP_Board.o)
                0x00022c34                BSP_Board_OSTickInitialize
 .text.BSP_Board_Initialize
                0x00022c60      0x150 ./../Platform/BSP/debug/libBSP_efm32_debug.a(BSP_Board.o)
                0x00022c60                BSP_Board_Initialize
 .text.BSP_Board_Delay
                0x00022db0       0x30 ./../Platform/BSP/debug/libBSP_efm32_debug.a(BSP_Board.o)
                0x00022db0                BSP_Board_Delay
 .text.BSP_Board_SetOStoBSPDelayFunc
                0x00022de0       0x20 ./../Platform/BSP/debug/libBSP_efm32_debug.a(BSP_Board.o)
                0x00022de0                BSP_Board_SetOStoBSPDelayFunc
 .text.Board_GPIOInterruptInit
                0x00022e00       0x30 ./../Platform/BSP/debug/libBSP_efm32_debug.a(BSP_Board.o)
                0x00022e00                Board_GPIOInterruptInit
 .text.Board_GPIOInterruptRegisterCallback
                0x00022e30       0x38 ./../Platform/BSP/debug/libBSP_efm32_debug.a(BSP_Board.o)
                0x00022e30                Board_GPIOInterruptRegisterCallback
 .text.Board_GPIOInterruptDispatch
                0x00022e68       0x64 ./../Platform/BSP/debug/libBSP_efm32_debug.a(BSP_Board.o)
                0x00022e68                Board_GPIOInterruptDispatch
 .text.Board_UART0_UART_Init
                0x00022ecc       0xcc ./../Platform/BSP/debug/libBSP_efm32_debug.a(BSP_Board.o)
                0x00022ecc                Board_UART0_UART_Init
 .text.Board_UART1_UART_Init
                0x00022f98       0xcc ./../Platform/BSP/debug/libBSP_efm32_debug.a(BSP_Board.o)
                0x00022f98                Board_UART1_UART_Init
 .text.Board_USART0_SPI_Init
                0x00023064       0xa8 ./../Platform/BSP/debug/libBSP_efm32_debug.a(BSP_Board.o)
                0x00023064                Board_USART0_SPI_Init
 .text.Board_USART1_SPI_Init
                0x0002310c       0x8c ./../Platform/BSP/debug/libBSP_efm32_debug.a(BSP_Board.o)
                0x0002310c                Board_USART1_SPI_Init
 .text.Board_GPIO_Init
                0x00023198       0x6c ./../Platform/BSP/debug/libBSP_efm32_debug.a(BSP_Board.o)
                0x00023198                Board_GPIO_Init
 .text.Board_WakeupPowerSupply2V5
                0x00023204       0x50 ./../Platform/BSP/debug/libBSP_efm32_debug.a(BSP_Board.o)
                0x00023204                Board_WakeupPowerSupply2V5
 .text.Board_SnoozePowerSupply2V5
                0x00023254       0x4c ./../Platform/BSP/debug/libBSP_efm32_debug.a(BSP_Board.o)
                0x00023254                Board_SnoozePowerSupply2V5
 .text.PowerSupply2V5UpdateRegister
                0x000232a0      0x268 ./../Platform/BSP/debug/libBSP_efm32_debug.a(BSP_Board.o)
                0x000232a0                PowerSupply2V5UpdateRegister
 .text.Board_ADC_Init
                0x00023508       0x78 ./../Platform/BSP/debug/libBSP_efm32_debug.a(BSP_Board.o)
                0x00023508                Board_ADC_Init
 .text.Board_I2C0_Init
                0x00023580       0x54 ./../Platform/BSP/debug/libBSP_efm32_debug.a(BSP_Board.o)
                0x00023580                Board_I2C0_Init
 .text.Board_I2C1_Init
                0x000235d4       0x54 ./../Platform/BSP/debug/libBSP_efm32_debug.a(BSP_Board.o)
                0x000235d4                Board_I2C1_Init
 .text.Board_USB_Init
                0x00023628       0x70 ./../Platform/BSP/debug/libBSP_efm32_debug.a(BSP_Board.o)
                0x00023628                Board_USB_Init
 .text.Board_IncTick
                0x00023698       0x24 ./../Platform/BSP/debug/libBSP_efm32_debug.a(BSP_Board.o)
                0x00023698                Board_IncTick
 .text.Board_GetTick
                0x000236bc       0x18 ./../Platform/BSP/debug/libBSP_efm32_debug.a(BSP_Board.o)
                0x000236bc                Board_GetTick
 .text.Board_Delay
                0x000236d4       0x30 ./../Platform/BSP/debug/libBSP_efm32_debug.a(BSP_Board.o)
                0x000236d4                Board_Delay
 .text.Board_RTC_Init
                0x00023704       0xa0 ./../Platform/BSP/debug/libBSP_efm32_debug.a(BSP_Board.o)
                0x00023704                Board_RTC_Init
 .text.Board_BURTC_Init
                0x000237a4       0x28 ./../Platform/BSP/debug/libBSP_efm32_debug.a(BSP_Board.o)
                0x000237a4                Board_BURTC_Init
 .text.BSP_Board_EnableSysTick
                0x000237cc       0x38 ./../Platform/BSP/debug/libBSP_efm32_debug.a(BSP_Board.o)
                0x000237cc                BSP_Board_EnableSysTick
 .text.NVIC_EnableIRQ
                0x00023804       0x38 ./../Platform/BSP/debug/libBSP_efm32_debug.a(BSP_DMA.o)
 .text.NVIC_ClearPendingIRQ
                0x0002383c       0x3c ./../Platform/BSP/debug/libBSP_efm32_debug.a(BSP_DMA.o)
 .text.NVIC_SetPriority
                0x00023878       0x5c ./../Platform/BSP/debug/libBSP_efm32_debug.a(BSP_DMA.o)
 .text.BSP_DMA_Initialize
                0x000238d4       0x88 ./../Platform/BSP/debug/libBSP_efm32_debug.a(BSP_DMA.o)
                0x000238d4                BSP_DMA_Initialize
 .text.BSP_DMA_Enable
                0x0002395c       0x54 ./../Platform/BSP/debug/libBSP_efm32_debug.a(BSP_DMA.o)
                0x0002395c                BSP_DMA_Enable
 .text.GPIO_IntClear
                0x000239b0       0x20 ./../Platform/BSP/debug/libBSP_efm32_debug.a(BSP_IrqHandler.o)
 .text.GPIO_IntGetEnabled
                0x000239d0       0x30 ./../Platform/BSP/debug/libBSP_efm32_debug.a(BSP_IrqHandler.o)
 .text.SysTick_Handler
                0x00023a00       0x40 ./../Platform/BSP/debug/libBSP_efm32_debug.a(BSP_IrqHandler.o)
                0x00023a00                SysTick_Handler
 .text.GPIO_EVEN_IRQHandler
                0x00023a40       0x28 ./../Platform/BSP/debug/libBSP_efm32_debug.a(BSP_IrqHandler.o)
                0x00023a40                GPIO_EVEN_IRQHandler
 .text.GPIO_ODD_IRQHandler
                0x00023a68       0x28 ./../Platform/BSP/debug/libBSP_efm32_debug.a(BSP_IrqHandler.o)
                0x00023a68                GPIO_ODD_IRQHandler
 .text.UART0_TX_IRQHandler
                0x00023a90        0xc ./../Platform/BSP/debug/libBSP_efm32_debug.a(BSP_IrqHandler.o)
                0x00023a90                UART0_TX_IRQHandler
 .text.UART0_RX_IRQHandler
                0x00023a9c        0xc ./../Platform/BSP/debug/libBSP_efm32_debug.a(BSP_IrqHandler.o)
                0x00023a9c                UART0_RX_IRQHandler
 .text.USART0_TX_IRQHandler
                0x00023aa8        0xc ./../Platform/BSP/debug/libBSP_efm32_debug.a(BSP_IrqHandler.o)
                0x00023aa8                USART0_TX_IRQHandler
 .text.USART0_RX_IRQHandler
                0x00023ab4        0xc ./../Platform/BSP/debug/libBSP_efm32_debug.a(BSP_IrqHandler.o)
                0x00023ab4                USART0_RX_IRQHandler
 .text.I2C0_IRQHandler
                0x00023ac0        0xc ./../Platform/BSP/debug/libBSP_efm32_debug.a(BSP_IrqHandler.o)
                0x00023ac0                I2C0_IRQHandler
 .text.I2C1_IRQHandler
                0x00023acc        0xc ./../Platform/BSP/debug/libBSP_efm32_debug.a(BSP_IrqHandler.o)
                0x00023acc                I2C1_IRQHandler
 .text.USART2_TX_IRQHandler
                0x00023ad8        0xc ./../Platform/BSP/debug/libBSP_efm32_debug.a(BSP_IrqHandler.o)
                0x00023ad8                USART2_TX_IRQHandler
 .text.USART2_RX_IRQHandler
                0x00023ae4        0xc ./../Platform/BSP/debug/libBSP_efm32_debug.a(BSP_IrqHandler.o)
                0x00023ae4                USART2_RX_IRQHandler
 .text.UART1_TX_IRQHandler
                0x00023af0        0xc ./../Platform/BSP/debug/libBSP_efm32_debug.a(BSP_IrqHandler.o)
                0x00023af0                UART1_TX_IRQHandler
 .text.UART1_RX_IRQHandler
                0x00023afc        0xc ./../Platform/BSP/debug/libBSP_efm32_debug.a(BSP_IrqHandler.o)
                0x00023afc                UART1_RX_IRQHandler
 .text.USART1_TX_IRQHandler
                0x00023b08        0xc ./../Platform/BSP/debug/libBSP_efm32_debug.a(BSP_IrqHandler.o)
                0x00023b08                USART1_TX_IRQHandler
 .text.USART1_RX_IRQHandler
                0x00023b14        0xc ./../Platform/BSP/debug/libBSP_efm32_debug.a(BSP_IrqHandler.o)
                0x00023b14                USART1_RX_IRQHandler
 .text.RTC_IRQHandler
                0x00023b20        0xc ./../Platform/BSP/debug/libBSP_efm32_debug.a(BSP_IrqHandler.o)
                0x00023b20                RTC_IRQHandler
 .text.IrqHandler_SysTickDummyHandler
                0x00023b2c       0x10 ./../Platform/BSP/debug/libBSP_efm32_debug.a(BSP_IrqHandler.o)
                0x00023b2c                IrqHandler_SysTickDummyHandler
 .text.BSP_ExtensionPort_I2cIsr
                0x00023b3c       0x5c ./../Platform/BSP/debug/libBSP_efm32_debug.a(BSP_ExtensionPort.o)
                0x00023b3c                BSP_ExtensionPort_I2cIsr
 .text.BSP_ExtensionPort_SpiRxIsr
                0x00023b98       0x5c ./../Platform/BSP/debug/libBSP_efm32_debug.a(BSP_ExtensionPort.o)
                0x00023b98                BSP_ExtensionPort_SpiRxIsr
 .text.BSP_ExtensionPort_SpiTxIsr
                0x00023bf4       0x5c ./../Platform/BSP/debug/libBSP_efm32_debug.a(BSP_ExtensionPort.o)
                0x00023bf4                BSP_ExtensionPort_SpiTxIsr
 .text.BSP_ExtensionPort_UARTRxIsr
                0x00023c50       0x5c ./../Platform/BSP/debug/libBSP_efm32_debug.a(BSP_ExtensionPort.o)
                0x00023c50                BSP_ExtensionPort_UARTRxIsr
 .text.BSP_ExtensionPort_UARTTxIsr
                0x00023cac       0x5c ./../Platform/BSP/debug/libBSP_efm32_debug.a(BSP_ExtensionPort.o)
                0x00023cac                BSP_ExtensionPort_UARTTxIsr
 .text.NVIC_EnableIRQ
                0x00023d08       0x38 ./../Platform/BSP/debug/libBSP_efm32_debug.a(BSP_WiFi_cc3100mod.o)
 .text.NVIC_DisableIRQ
                0x00023d40       0x3c ./../Platform/BSP/debug/libBSP_efm32_debug.a(BSP_WiFi_cc3100mod.o)
 .text.NVIC_ClearPendingIRQ
                0x00023d7c       0x3c ./../Platform/BSP/debug/libBSP_efm32_debug.a(BSP_WiFi_cc3100mod.o)
 .text.NVIC_SetPriority
                0x00023db8       0x5c ./../Platform/BSP/debug/libBSP_efm32_debug.a(BSP_WiFi_cc3100mod.o)
 .text.GPIO_IntClear
                0x00023e14       0x20 ./../Platform/BSP/debug/libBSP_efm32_debug.a(BSP_WiFi_cc3100mod.o)
 .text.GPIO_IntDisable
                0x00023e34       0x34 ./../Platform/BSP/debug/libBSP_efm32_debug.a(BSP_WiFi_cc3100mod.o)
 .text.GPIO_IntEnable
                0x00023e68       0x30 ./../Platform/BSP/debug/libBSP_efm32_debug.a(BSP_WiFi_cc3100mod.o)
 .text.GPIO_PinOutClear
                0x00023e98       0x4c ./../Platform/BSP/debug/libBSP_efm32_debug.a(BSP_WiFi_cc3100mod.o)
 .text.GPIO_PinOutSet
                0x00023ee4       0x4c ./../Platform/BSP/debug/libBSP_efm32_debug.a(BSP_WiFi_cc3100mod.o)
 .text.Board_GPIOInterruptUnregisterCallback
                0x00023f30       0x20 ./../Platform/BSP/debug/libBSP_efm32_debug.a(BSP_WiFi_cc3100mod.o)
 .text.BSP_WiFi_CC3100MOD_Connect
                0x00023f50      0x1e8 ./../Platform/BSP/debug/libBSP_efm32_debug.a(BSP_WiFi_cc3100mod.o)
                0x00023f50                BSP_WiFi_CC3100MOD_Connect
 .text.BSP_WiFi_CC3100MOD_Enable
                0x00024138      0x1a4 ./../Platform/BSP/debug/libBSP_efm32_debug.a(BSP_WiFi_cc3100mod.o)
                0x00024138                BSP_WiFi_CC3100MOD_Enable
 .text.BSP_WiFi_CC3100MOD_Disable
                0x000242dc       0xb0 ./../Platform/BSP/debug/libBSP_efm32_debug.a(BSP_WiFi_cc3100mod.o)
                0x000242dc                BSP_WiFi_CC3100MOD_Disable
 .text.BSP_WiFi_CC3100MOD_GetSPIHandle
                0x0002438c       0x14 ./../Platform/BSP/debug/libBSP_efm32_debug.a(BSP_WiFi_cc3100mod.o)
                0x0002438c                BSP_WiFi_CC3100MOD_GetSPIHandle
 .text.BSP_WiFi_CC3100MOD_SetCSLow
                0x000243a0       0x18 ./../Platform/BSP/debug/libBSP_efm32_debug.a(BSP_WiFi_cc3100mod.o)
                0x000243a0                BSP_WiFi_CC3100MOD_SetCSLow
 .text.BSP_WiFi_CC3100MOD_SetCSHigh
                0x000243b8       0x18 ./../Platform/BSP/debug/libBSP_efm32_debug.a(BSP_WiFi_cc3100mod.o)
                0x000243b8                BSP_WiFi_CC3100MOD_SetCSHigh
 .text.WiFi_CC3100MOD_SPIRxISR
                0x000243d0       0x28 ./../Platform/BSP/debug/libBSP_efm32_debug.a(BSP_WiFi_cc3100mod.o)
                0x000243d0                WiFi_CC3100MOD_SPIRxISR
 .text.WiFi_CC3100MOD_SPITxISR
                0x000243f8       0x28 ./../Platform/BSP/debug/libBSP_efm32_debug.a(BSP_WiFi_cc3100mod.o)
                0x000243f8                WiFi_CC3100MOD_SPITxISR
 .text.WiFi_CC3100MOD_SPI_RxDMAComplete
                0x00024420       0x38 ./../Platform/BSP/debug/libBSP_efm32_debug.a(BSP_WiFi_cc3100mod.o)
                0x00024420                WiFi_CC3100MOD_SPI_RxDMAComplete
 .text.WiFi_CC3100MOD_SPI_TxDMAComplete
                0x00024458       0x38 ./../Platform/BSP/debug/libBSP_efm32_debug.a(BSP_WiFi_cc3100mod.o)
                0x00024458                WiFi_CC3100MOD_SPI_TxDMAComplete
 .text.WiFi_INT_InterruptCallback
                0x00024490       0x14 ./../Platform/BSP/debug/libBSP_efm32_debug.a(BSP_WiFi_cc3100mod.o)
 .text.BT_EM9301_UART_TxISR
                0x000244a4       0x28 ./../Platform/BSP/debug/libBSP_efm32_debug.a(BSP_BT_EM9301.o)
                0x000244a4                BT_EM9301_UART_TxISR
 .text.BT_EM9301_UART_RxISR
                0x000244cc       0x28 ./../Platform/BSP/debug/libBSP_efm32_debug.a(BSP_BT_EM9301.o)
                0x000244cc                BT_EM9301_UART_RxISR
 .text.SensorNode_I2CISR
                0x000244f4       0x28 ./../Platform/BSP/debug/libBSP_efm32_debug.a(BSP_SensorNode.o)
                0x000244f4                SensorNode_I2CISR
 .text.SDCard_SPIRxISR
                0x0002451c       0x28 ./../Platform/BSP/debug/libBSP_efm32_debug.a(BSP_SDCard.o)
                0x0002451c                SDCard_SPIRxISR
 .text.SDCard_SPITxISR
                0x00024544       0x28 ./../Platform/BSP/debug/libBSP_efm32_debug.a(BSP_SDCard.o)
                0x00024544                SDCard_SPITxISR
 .text.xTaskGenericCreate
                0x0002456c      0x1d0 ./../Libraries/FreeRTOS/debug/libFreeRTOS_efm32_debug.a(tasks.o)
                0x0002456c                xTaskGenericCreate
 .text.vTaskDelay
                0x0002473c       0xac ./../Libraries/FreeRTOS/debug/libFreeRTOS_efm32_debug.a(tasks.o)
                0x0002473c                vTaskDelay
 .text.vTaskStartScheduler
                0x000247e8       0xa0 ./../Libraries/FreeRTOS/debug/libFreeRTOS_efm32_debug.a(tasks.o)
                0x000247e8                vTaskStartScheduler
 .text.vTaskSuspendAll
                0x00024888       0x24 ./../Libraries/FreeRTOS/debug/libFreeRTOS_efm32_debug.a(tasks.o)
                0x00024888                vTaskSuspendAll
 .text.xTaskResumeAll
                0x000248ac      0x180 ./../Libraries/FreeRTOS/debug/libFreeRTOS_efm32_debug.a(tasks.o)
                0x000248ac                xTaskResumeAll
 .text.xTaskGetTickCount
                0x00024a2c       0x20 ./../Libraries/FreeRTOS/debug/libFreeRTOS_efm32_debug.a(tasks.o)
                0x00024a2c                xTaskGetTickCount
 .text.xTaskIncrementTick
                0x00024a4c      0x20c ./../Libraries/FreeRTOS/debug/libFreeRTOS_efm32_debug.a(tasks.o)
                0x00024a4c                xTaskIncrementTick
 .text.vTaskSwitchContext
                0x00024c58      0x150 ./../Libraries/FreeRTOS/debug/libFreeRTOS_efm32_debug.a(tasks.o)
                0x00024c58                vTaskSwitchContext
 .text.vTaskPlaceOnEventList
                0x00024da8       0xc4 ./../Libraries/FreeRTOS/debug/libFreeRTOS_efm32_debug.a(tasks.o)
                0x00024da8                vTaskPlaceOnEventList
 .text.vTaskPlaceOnEventListRestricted
                0x00024e6c       0xc4 ./../Libraries/FreeRTOS/debug/libFreeRTOS_efm32_debug.a(tasks.o)
                0x00024e6c                vTaskPlaceOnEventListRestricted
 .text.xTaskRemoveFromEventList
                0x00024f30       0xe8 ./../Libraries/FreeRTOS/debug/libFreeRTOS_efm32_debug.a(tasks.o)
                0x00024f30                xTaskRemoveFromEventList
 .text.vTaskSetTimeOutState
                0x00025018       0x44 ./../Libraries/FreeRTOS/debug/libFreeRTOS_efm32_debug.a(tasks.o)
                0x00025018                vTaskSetTimeOutState
 .text.xTaskCheckForTimeOut
                0x0002505c       0xc4 ./../Libraries/FreeRTOS/debug/libFreeRTOS_efm32_debug.a(tasks.o)
                0x0002505c                xTaskCheckForTimeOut
 .text.vTaskMissedYield
                0x00025120       0x18 ./../Libraries/FreeRTOS/debug/libFreeRTOS_efm32_debug.a(tasks.o)
                0x00025120                vTaskMissedYield
 .text.prvIdleTask
                0x00025138       0x10 ./../Libraries/FreeRTOS/debug/libFreeRTOS_efm32_debug.a(tasks.o)
 .text.prvInitialiseTCBVariables
                0x00025148       0xbc ./../Libraries/FreeRTOS/debug/libFreeRTOS_efm32_debug.a(tasks.o)
 .text.prvInitialiseTaskLists
                0x00025204       0xa4 ./../Libraries/FreeRTOS/debug/libFreeRTOS_efm32_debug.a(tasks.o)
 .text.prvCheckTasksWaitingTermination
                0x000252a8       0x9c ./../Libraries/FreeRTOS/debug/libFreeRTOS_efm32_debug.a(tasks.o)
 .text.prvAddCurrentTaskToDelayedList
                0x00025344       0x8c ./../Libraries/FreeRTOS/debug/libFreeRTOS_efm32_debug.a(tasks.o)
 .text.prvAllocateTCBAndStack
                0x000253d0       0x7c ./../Libraries/FreeRTOS/debug/libFreeRTOS_efm32_debug.a(tasks.o)
 .text.prvDeleteTCB
                0x0002544c       0x20 ./../Libraries/FreeRTOS/debug/libFreeRTOS_efm32_debug.a(tasks.o)
 .text.prvResetNextTaskUnblockTime
                0x0002546c       0x5c ./../Libraries/FreeRTOS/debug/libFreeRTOS_efm32_debug.a(tasks.o)
 .text.xTaskGetSchedulerState
                0x000254c8       0x48 ./../Libraries/FreeRTOS/debug/libFreeRTOS_efm32_debug.a(tasks.o)
                0x000254c8                xTaskGetSchedulerState
 .text.vTaskPriorityInherit
                0x00025510      0x144 ./../Libraries/FreeRTOS/debug/libFreeRTOS_efm32_debug.a(tasks.o)
                0x00025510                vTaskPriorityInherit
 .text.xTaskPriorityDisinherit
                0x00025654      0x13c ./../Libraries/FreeRTOS/debug/libFreeRTOS_efm32_debug.a(tasks.o)
                0x00025654                xTaskPriorityDisinherit
 .text.pvTaskIncrementMutexHeldCount
                0x00025790       0x38 ./../Libraries/FreeRTOS/debug/libFreeRTOS_efm32_debug.a(tasks.o)
                0x00025790                pvTaskIncrementMutexHeldCount
 .text.xTimerCreateTimerTask
                0x000257c8       0x78 ./../Libraries/FreeRTOS/debug/libFreeRTOS_efm32_debug.a(timers.o)
                0x000257c8                xTimerCreateTimerTask
 .text.xTimerCreate
                0x00025840       0x7c ./../Libraries/FreeRTOS/debug/libFreeRTOS_efm32_debug.a(timers.o)
                0x00025840                xTimerCreate
 .text.xTimerGenericCommand
                0x000258bc       0xac ./../Libraries/FreeRTOS/debug/libFreeRTOS_efm32_debug.a(timers.o)
                0x000258bc                xTimerGenericCommand
 .text.prvProcessExpiredTimer
                0x00025968       0x88 ./../Libraries/FreeRTOS/debug/libFreeRTOS_efm32_debug.a(timers.o)
 .text.prvTimerTask
                0x000259f0       0x24 ./../Libraries/FreeRTOS/debug/libFreeRTOS_efm32_debug.a(timers.o)
 .text.prvProcessTimerOrBlockTask
                0x00025a14       0x78 ./../Libraries/FreeRTOS/debug/libFreeRTOS_efm32_debug.a(timers.o)
 .text.prvGetNextExpireTime
                0x00025a8c       0x54 ./../Libraries/FreeRTOS/debug/libFreeRTOS_efm32_debug.a(timers.o)
 .text.prvSampleTimeNow
                0x00025ae0       0x4c ./../Libraries/FreeRTOS/debug/libFreeRTOS_efm32_debug.a(timers.o)
 .text.prvInsertTimerInActiveList
                0x00025b2c       0x94 ./../Libraries/FreeRTOS/debug/libFreeRTOS_efm32_debug.a(timers.o)
 .text.prvProcessReceivedCommands
                0x00025bc0      0x174 ./../Libraries/FreeRTOS/debug/libFreeRTOS_efm32_debug.a(timers.o)
 .text.prvSwitchTimerLists
                0x00025d34       0xf0 ./../Libraries/FreeRTOS/debug/libFreeRTOS_efm32_debug.a(timers.o)
 .text.prvCheckForValidListAndQueue
                0x00025e24       0xb8 ./../Libraries/FreeRTOS/debug/libFreeRTOS_efm32_debug.a(timers.o)
 .text.xTimerPendFunctionCallFromISR
                0x00025edc       0x4c ./../Libraries/FreeRTOS/debug/libFreeRTOS_efm32_debug.a(timers.o)
                0x00025edc                xTimerPendFunctionCallFromISR
 .text.pvPortMalloc
                0x00025f28      0x1e0 ./../Libraries/FreeRTOS/debug/libFreeRTOS_efm32_debug.a(heap_4.o)
                0x00025f28                pvPortMalloc
 .text.vPortFree
                0x00026108       0xcc ./../Libraries/FreeRTOS/debug/libFreeRTOS_efm32_debug.a(heap_4.o)
                0x00026108                vPortFree
 .text.prvHeapInit
                0x000261d4       0xfc ./../Libraries/FreeRTOS/debug/libFreeRTOS_efm32_debug.a(heap_4.o)
 .text.prvInsertBlockIntoFreeList
                0x000262d0       0xbc ./../Libraries/FreeRTOS/debug/libFreeRTOS_efm32_debug.a(heap_4.o)
 .text.pxPortInitialiseStack
                0x0002638c       0x64 ./../Libraries/FreeRTOS/debug/libFreeRTOS_efm32_debug.a(port.o)
                0x0002638c                pxPortInitialiseStack
 .text.prvTaskExitError
                0x000263f0       0x2c ./../Libraries/FreeRTOS/debug/libFreeRTOS_efm32_debug.a(port.o)
 .text.SVC_Handler
                0x0002641c       0x24 ./../Libraries/FreeRTOS/debug/libFreeRTOS_efm32_debug.a(port.o)
                0x0002641c                SVC_Handler
 .text.prvPortStartFirstTask
                0x00026440       0x20 ./../Libraries/FreeRTOS/debug/libFreeRTOS_efm32_debug.a(port.o)
 .text.xPortStartScheduler
                0x00026460      0x10c ./../Libraries/FreeRTOS/debug/libFreeRTOS_efm32_debug.a(port.o)
                0x00026460                xPortStartScheduler
 .text.vPortYield
                0x0002656c       0x20 ./../Libraries/FreeRTOS/debug/libFreeRTOS_efm32_debug.a(port.o)
                0x0002656c                vPortYield
 .text.vPortEnterCritical
                0x0002658c       0x58 ./../Libraries/FreeRTOS/debug/libFreeRTOS_efm32_debug.a(port.o)
                0x0002658c                vPortEnterCritical
 .text.vPortExitCritical
                0x000265e4       0x54 ./../Libraries/FreeRTOS/debug/libFreeRTOS_efm32_debug.a(port.o)
                0x000265e4                vPortExitCritical
 .text.ulPortSetInterruptMask
                0x00026638       0x14 ./../Libraries/FreeRTOS/debug/libFreeRTOS_efm32_debug.a(port.o)
                0x00026638                ulPortSetInterruptMask
 .text.vPortClearInterruptMask
                0x0002664c        0x8 ./../Libraries/FreeRTOS/debug/libFreeRTOS_efm32_debug.a(port.o)
                0x0002664c                vPortClearInterruptMask
 .text.PendSV_Handler
                0x00026654       0x44 ./../Libraries/FreeRTOS/debug/libFreeRTOS_efm32_debug.a(port.o)
                0x00026654                PendSV_Handler
 .text.xPortSysTickHandler
                0x00026698       0x2c ./../Libraries/FreeRTOS/debug/libFreeRTOS_efm32_debug.a(port.o)
                0x00026698                xPortSysTickHandler
 .text.vPortSetupTimerInterrupt
                0x000266c4       0x28 ./../Libraries/FreeRTOS/debug/libFreeRTOS_efm32_debug.a(port.o)
                0x000266c4                vPortSetupTimerInterrupt
 .text.vPortValidateInterruptPriority
                0x000266ec       0x78 ./../Libraries/FreeRTOS/debug/libFreeRTOS_efm32_debug.a(port.o)
                0x000266ec                vPortValidateInterruptPriority
 .text.vListInitialise
                0x00026764       0x40 ./../Libraries/FreeRTOS/debug/libFreeRTOS_efm32_debug.a(list.o)
                0x00026764                vListInitialise
 .text.vListInitialiseItem
                0x000267a4       0x1c ./../Libraries/FreeRTOS/debug/libFreeRTOS_efm32_debug.a(list.o)
                0x000267a4                vListInitialiseItem
 .text.vListInsertEnd
                0x000267c0       0x48 ./../Libraries/FreeRTOS/debug/libFreeRTOS_efm32_debug.a(list.o)
                0x000267c0                vListInsertEnd
 .text.vListInsert
                0x00026808       0x74 ./../Libraries/FreeRTOS/debug/libFreeRTOS_efm32_debug.a(list.o)
                0x00026808                vListInsert
 .text.uxListRemove
                0x0002687c       0x58 ./../Libraries/FreeRTOS/debug/libFreeRTOS_efm32_debug.a(list.o)
                0x0002687c                uxListRemove
 .text.xQueueGenericReset
                0x000268d4       0xc8 ./../Libraries/FreeRTOS/debug/libFreeRTOS_efm32_debug.a(queue.o)
                0x000268d4                xQueueGenericReset
 .text.xQueueGenericCreate
                0x0002699c       0xb8 ./../Libraries/FreeRTOS/debug/libFreeRTOS_efm32_debug.a(queue.o)
                0x0002699c                xQueueGenericCreate
 .text.xQueueCreateMutex
                0x00026a54       0xb8 ./../Libraries/FreeRTOS/debug/libFreeRTOS_efm32_debug.a(queue.o)
                0x00026a54                xQueueCreateMutex
 .text.xQueueGenericSend
                0x00026b0c      0x1c8 ./../Libraries/FreeRTOS/debug/libFreeRTOS_efm32_debug.a(queue.o)
                0x00026b0c                xQueueGenericSend
 .text.xQueueGenericSendFromISR
                0x00026cd4      0x110 ./../Libraries/FreeRTOS/debug/libFreeRTOS_efm32_debug.a(queue.o)
                0x00026cd4                xQueueGenericSendFromISR
 .text.xQueueGiveFromISR
                0x00026de4      0x108 ./../Libraries/FreeRTOS/debug/libFreeRTOS_efm32_debug.a(queue.o)
                0x00026de4                xQueueGiveFromISR
 .text.xQueueGenericReceive
                0x00026eec      0x1e0 ./../Libraries/FreeRTOS/debug/libFreeRTOS_efm32_debug.a(queue.o)
                0x00026eec                xQueueGenericReceive
 .text.vQueueDelete
                0x000270cc       0x38 ./../Libraries/FreeRTOS/debug/libFreeRTOS_efm32_debug.a(queue.o)
                0x000270cc                vQueueDelete
 .text.prvCopyDataToQueue
                0x00027104       0xe8 ./../Libraries/FreeRTOS/debug/libFreeRTOS_efm32_debug.a(queue.o)
 .text.prvCopyDataFromQueue
                0x000271ec       0x50 ./../Libraries/FreeRTOS/debug/libFreeRTOS_efm32_debug.a(queue.o)
 .text.prvUnlockQueue
                0x0002723c       0xc0 ./../Libraries/FreeRTOS/debug/libFreeRTOS_efm32_debug.a(queue.o)
 .text.prvIsQueueEmpty
                0x000272fc       0x34 ./../Libraries/FreeRTOS/debug/libFreeRTOS_efm32_debug.a(queue.o)
 .text.prvIsQueueFull
                0x00027330       0x38 ./../Libraries/FreeRTOS/debug/libFreeRTOS_efm32_debug.a(queue.o)
 .text.vQueueAddToRegistry
                0x00027368       0x64 ./../Libraries/FreeRTOS/debug/libFreeRTOS_efm32_debug.a(queue.o)
                0x00027368                vQueueAddToRegistry
 .text.vQueueUnregisterQueue
                0x000273cc       0x54 ./../Libraries/FreeRTOS/debug/libFreeRTOS_efm32_debug.a(queue.o)
                0x000273cc                vQueueUnregisterQueue
 .text.vQueueWaitForMessageRestricted
                0x00027420       0x64 ./../Libraries/FreeRTOS/debug/libFreeRTOS_efm32_debug.a(queue.o)
                0x00027420                vQueueWaitForMessageRestricted
 .text.prvNotifyQueueSetContainer
                0x00027484       0xa8 ./../Libraries/FreeRTOS/debug/libFreeRTOS_efm32_debug.a(queue.o)
 .text.ADC_Init
                0x0002752c       0x68 ./../Libraries/EMlib/debug/libEMLib_efm32_debug.a(em_adc.o)
                0x0002752c                ADC_Init
 .text.ADC_PrescaleCalc
                0x00027594       0x78 ./../Libraries/EMlib/debug/libEMLib_efm32_debug.a(em_adc.o)
                0x00027594                ADC_PrescaleCalc
 .text.ADC_TimebaseCalc
                0x0002760c       0x74 ./../Libraries/EMlib/debug/libEMLib_efm32_debug.a(em_adc.o)
                0x0002760c                ADC_TimebaseCalc
 .text.BITBAND_Peripheral
                0x00027680       0x30 ./../Libraries/EMlib/debug/libEMLib_efm32_debug.a(em_cmu.o)
 .text.CMU_MaxFreqHfle
                0x000276b0       0xb8 ./../Libraries/EMlib/debug/libEMLib_efm32_debug.a(em_cmu.o)
 .text.CMU_FlashWaitStateMax
                0x00027768       0x68 ./../Libraries/EMlib/debug/libEMLib_efm32_debug.a(em_cmu.o)
 .text.CMU_DivToLog2
                0x000277d0       0x38 ./../Libraries/EMlib/debug/libEMLib_efm32_debug.a(em_cmu.o)
 .text.CMU_FlashWaitStateControl
                0x00027808       0xf4 ./../Libraries/EMlib/debug/libEMLib_efm32_debug.a(em_cmu.o)
 .text.CMU_USBCClkGet
                0x000278fc       0x50 ./../Libraries/EMlib/debug/libEMLib_efm32_debug.a(em_cmu.o)
 .text.CMU_AUXClkGet
                0x0002794c       0x9c ./../Libraries/EMlib/debug/libEMLib_efm32_debug.a(em_cmu.o)
 .text.CMU_DBGClkGet
                0x000279e8       0x64 ./../Libraries/EMlib/debug/libEMLib_efm32_debug.a(em_cmu.o)
 .text.CMU_LFClkGet
                0x00027a4c       0xd4 ./../Libraries/EMlib/debug/libEMLib_efm32_debug.a(em_cmu.o)
 .text.CMU_Sync
                0x00027b20       0x3c ./../Libraries/EMlib/debug/libEMLib_efm32_debug.a(em_cmu.o)
 .text.CMU_ClockDivSet
                0x00027b5c      0x298 ./../Libraries/EMlib/debug/libEMLib_efm32_debug.a(em_cmu.o)
                0x00027b5c                CMU_ClockDivSet
 .text.CMU_ClockEnable
                0x00027df4      0x10c ./../Libraries/EMlib/debug/libEMLib_efm32_debug.a(em_cmu.o)
                0x00027df4                CMU_ClockEnable
 .text.CMU_ClockFreqGet
                0x00027f00      0x1e8 ./../Libraries/EMlib/debug/libEMLib_efm32_debug.a(em_cmu.o)
                0x00027f00                CMU_ClockFreqGet
 .text.CMU_ClockSelectGet
                0x000280e8      0x1a4 ./../Libraries/EMlib/debug/libEMLib_efm32_debug.a(em_cmu.o)
                0x000280e8                CMU_ClockSelectGet
 .text.CMU_ClockSelectSet
                0x0002828c      0x38c ./../Libraries/EMlib/debug/libEMLib_efm32_debug.a(em_cmu.o)
                0x0002828c                CMU_ClockSelectSet
 .text.CMU_OscillatorEnable
                0x00028618       0xe8 ./../Libraries/EMlib/debug/libEMLib_efm32_debug.a(em_cmu.o)
                0x00028618                CMU_OscillatorEnable
 .text.MSC_Init
                0x00028700      0x108 ./../Libraries/EMlib/debug/libEMLib_efm32_debug.a(em_msc.o)
                0x00028700                MSC_Init
 .text.MSC_Deinit
                0x00028808       0x30 ./../Libraries/EMlib/debug/libEMLib_efm32_debug.a(em_msc.o)
                0x00028808                MSC_Deinit
 .text.NVIC_DisableIRQ
                0x00028838       0x3c ./../Libraries/EMlib/debug/libEMLib_efm32_debug.a(em_dma.o)
 .text.BITBAND_Peripheral
                0x00028874       0x30 ./../Libraries/EMlib/debug/libEMLib_efm32_debug.a(em_dma.o)
 .text.DMA_Prepare
                0x000288a4      0x138 ./../Libraries/EMlib/debug/libEMLib_efm32_debug.a(em_dma.o)
 .text.DMA_IRQHandler
                0x000289dc      0x110 ./../Libraries/EMlib/debug/libEMLib_efm32_debug.a(em_dma.o)
                0x000289dc                DMA_IRQHandler
 .text.DMA_ActivateBasic
                0x00028aec       0x48 ./../Libraries/EMlib/debug/libEMLib_efm32_debug.a(em_dma.o)
                0x00028aec                DMA_ActivateBasic
 .text.DMA_CfgChannel
                0x00028b34       0xc0 ./../Libraries/EMlib/debug/libEMLib_efm32_debug.a(em_dma.o)
                0x00028b34                DMA_CfgChannel
 .text.DMA_CfgDescr
                0x00028bf4       0x84 ./../Libraries/EMlib/debug/libEMLib_efm32_debug.a(em_dma.o)
                0x00028bf4                DMA_CfgDescr
 .text.DMA_Reset
                0x00028c78       0xd4 ./../Libraries/EMlib/debug/libEMLib_efm32_debug.a(em_dma.o)
                0x00028c78                DMA_Reset
 .text.EMU_UpdateOscConfig
                0x00028d4c       0x20 ./../Libraries/EMlib/debug/libEMLib_efm32_debug.a(em_emu.o)
                0x00028d4c                EMU_UpdateOscConfig
 .text.BITBAND_Peripheral
                0x00028d6c       0x30 ./../Libraries/EMlib/debug/libEMLib_efm32_debug.a(em_gpio.o)
 .text.GPIO_DriveModeSet
                0x00028d9c       0x60 ./../Libraries/EMlib/debug/libEMLib_efm32_debug.a(em_gpio.o)
                0x00028d9c                GPIO_DriveModeSet
 .text.GPIO_IntConfig
                0x00028dfc       0xf4 ./../Libraries/EMlib/debug/libEMLib_efm32_debug.a(em_gpio.o)
                0x00028dfc                GPIO_IntConfig
 .text.GPIO_PinModeSet
                0x00028ef0      0x1b8 ./../Libraries/EMlib/debug/libEMLib_efm32_debug.a(em_gpio.o)
                0x00028ef0                GPIO_PinModeSet
 .text.BITBAND_Peripheral
                0x000290a8       0x30 ./../Libraries/EMlib/debug/libEMLib_efm32_debug.a(em_i2c.o)
 .text.I2C_BusFreqSet
                0x000290d8       0x94 ./../Libraries/EMlib/debug/libEMLib_efm32_debug.a(em_i2c.o)
                0x000290d8                I2C_BusFreqSet
 .text.I2C_Init
                0x0002916c       0x84 ./../Libraries/EMlib/debug/libEMLib_efm32_debug.a(em_i2c.o)
                0x0002916c                I2C_Init
 .text.USART_BaudrateAsyncSet
                0x000291f0       0xd0 ./../Libraries/EMlib/debug/libEMLib_efm32_debug.a(em_usart.o)
                0x000291f0                USART_BaudrateAsyncSet
 .text.USART_BaudrateSyncSet
                0x000292c0       0x7c ./../Libraries/EMlib/debug/libEMLib_efm32_debug.a(em_usart.o)
                0x000292c0                USART_BaudrateSyncSet
 .text.USART_InitAsync
                0x0002933c       0xbc ./../Libraries/EMlib/debug/libEMLib_efm32_debug.a(em_usart.o)
                0x0002933c                USART_InitAsync
 .text.USART_Reset
                0x000293f8       0xd8 ./../Libraries/EMlib/debug/libEMLib_efm32_debug.a(em_usart.o)
                0x000293f8                USART_Reset
 .text.SYSTEM_ChipRevisionGet
                0x000294d0       0x94 ./../Libraries/EMlib/debug/libEMLib_efm32_debug.a(em_system.o)
                0x000294d0                SYSTEM_ChipRevisionGet
 .text.NVIC_EnableIRQ
                0x00029564       0x38 ./../Libraries/EMlib/debug/libEMLib_efm32_debug.a(em_usbd.o)
 .text.NVIC_ClearPendingIRQ
                0x0002959c       0x3c ./../Libraries/EMlib/debug/libEMLib_efm32_debug.a(em_usbd.o)
 .text.INT_Disable
                0x000295d8       0x40 ./../Libraries/EMlib/debug/libEMLib_efm32_debug.a(em_usbd.o)
 .text.INT_Enable
                0x00029618       0x54 ./../Libraries/EMlib/debug/libEMLib_efm32_debug.a(em_usbd.o)
 .text.USBHAL_DisableGlobalInt
                0x0002966c       0x34 ./../Libraries/EMlib/debug/libEMLib_efm32_debug.a(em_usbd.o)
 .text.USBHAL_EnableGlobalInt
                0x000296a0       0x34 ./../Libraries/EMlib/debug/libEMLib_efm32_debug.a(em_usbd.o)
 .text.USBDHAL_EnableUsbResetAndSuspendInt
                0x000296d4       0x38 ./../Libraries/EMlib/debug/libEMLib_efm32_debug.a(em_usbd.o)
 .text.USBDHAL_EpIsStalled
                0x0002970c       0x3c ./../Libraries/EMlib/debug/libEMLib_efm32_debug.a(em_usbd.o)
 .text.USBDHAL_GetStallStatusEp
                0x00029748       0xc0 ./../Libraries/EMlib/debug/libEMLib_efm32_debug.a(em_usbd.o)
 .text.USBDHAL_SetEp0InDmaPtr
                0x00029808       0x28 ./../Libraries/EMlib/debug/libEMLib_efm32_debug.a(em_usbd.o)
 .text.USBDHAL_SetEp0OutDmaPtr
                0x00029830       0x28 ./../Libraries/EMlib/debug/libEMLib_efm32_debug.a(em_usbd.o)
 .text.USBDHAL_StartEp0In
                0x00029858       0x5c ./../Libraries/EMlib/debug/libEMLib_efm32_debug.a(em_usbd.o)
 .text.USBDHAL_StartEp0Out
                0x000298b4       0x5c ./../Libraries/EMlib/debug/libEMLib_efm32_debug.a(em_usbd.o)
 .text.USBDHAL_StartEpIn
                0x00029910       0xc8 ./../Libraries/EMlib/debug/libEMLib_efm32_debug.a(em_usbd.o)
 .text.USBDHAL_StartEpOut
                0x000299d8       0xd4 ./../Libraries/EMlib/debug/libEMLib_efm32_debug.a(em_usbd.o)
 .text.USBD_ArmEp
                0x00029aac       0x28 ./../Libraries/EMlib/debug/libEMLib_efm32_debug.a(em_usbd.o)
 .text.USBD_ArmEp0
                0x00029ad4       0x88 ./../Libraries/EMlib/debug/libEMLib_efm32_debug.a(em_usbd.o)
 .text.USBD_ArmEpN
                0x00029b5c       0x28 ./../Libraries/EMlib/debug/libEMLib_efm32_debug.a(em_usbd.o)
 .text.USBD_GetEpFromAddr
                0x00029b84       0xa0 ./../Libraries/EMlib/debug/libEMLib_efm32_debug.a(em_usbd.o)
 .text.USBD_Disconnect
                0x00029c24       0x14 ./../Libraries/EMlib/debug/libEMLib_efm32_debug.a(em_usbd.o)
                0x00029c24                USBD_Disconnect
 .text.USBD_GetUsbState
                0x00029c38       0x1c ./../Libraries/EMlib/debug/libEMLib_efm32_debug.a(em_usbd.o)
                0x00029c38                USBD_GetUsbState
 .text.USBD_Init
                0x00029c54      0x4fc ./../Libraries/EMlib/debug/libEMLib_efm32_debug.a(em_usbd.o)
                0x00029c54                USBD_Init
 .text.USBD_Read
                0x0002a150      0x108 ./../Libraries/EMlib/debug/libEMLib_efm32_debug.a(em_usbd.o)
                0x0002a150                USBD_Read
 .text.USBD_SetUsbState
                0x0002a258       0x98 ./../Libraries/EMlib/debug/libEMLib_efm32_debug.a(em_usbd.o)
                0x0002a258                USBD_SetUsbState
 .text.USBD_Write
                0x0002a2f0      0x10c ./../Libraries/EMlib/debug/libEMLib_efm32_debug.a(em_usbd.o)
                0x0002a2f0                USBD_Write
 .text.NVIC_ClearPendingIRQ
                0x0002a3fc       0x3c ./../Libraries/EMlib/debug/libEMLib_efm32_debug.a(em_usbhal.o)
 .text.INT_Disable
                0x0002a438       0x40 ./../Libraries/EMlib/debug/libEMLib_efm32_debug.a(em_usbhal.o)
 .text.INT_Enable
                0x0002a478       0x54 ./../Libraries/EMlib/debug/libEMLib_efm32_debug.a(em_usbhal.o)
 .text.USBHAL_FlushRxFifo
                0x0002a4cc       0x3c ./../Libraries/EMlib/debug/libEMLib_efm32_debug.a(em_usbhal.o)
 .text.USBHAL_FlushTxFifo
                0x0002a508       0x4c ./../Libraries/EMlib/debug/libEMLib_efm32_debug.a(em_usbhal.o)
 .text.USBDHAL_DeactivateEp
                0x0002a554       0x88 ./../Libraries/EMlib/debug/libEMLib_efm32_debug.a(em_usbhal.o)
 .text.USBDHAL_GetInEpInts
                0x0002a5dc       0x44 ./../Libraries/EMlib/debug/libEMLib_efm32_debug.a(em_usbhal.o)
 .text.USBDHAL_GetOutEpInts
                0x0002a620       0x44 ./../Libraries/EMlib/debug/libEMLib_efm32_debug.a(em_usbhal.o)
 .text.USBDHAL_SetEPDISNAK
                0x0002a664       0xac ./../Libraries/EMlib/debug/libEMLib_efm32_debug.a(em_usbhal.o)
 .text.USBD_GetEpFromAddr
                0x0002a710       0xa0 ./../Libraries/EMlib/debug/libEMLib_efm32_debug.a(em_usbhal.o)
 .text.USBHAL_CoreReset
                0x0002a7b0       0xbc ./../Libraries/EMlib/debug/libEMLib_efm32_debug.a(em_usbhal.o)
                0x0002a7b0                USBHAL_CoreReset
 .text.USBDHAL_CoreInit
                0x0002a86c      0x3ec ./../Libraries/EMlib/debug/libEMLib_efm32_debug.a(em_usbhal.o)
                0x0002a86c                USBDHAL_CoreInit
 .text.USBDHAL_Disconnect
                0x0002ac58       0x3c ./../Libraries/EMlib/debug/libEMLib_efm32_debug.a(em_usbhal.o)
                0x0002ac58                USBDHAL_Disconnect
 .text.USBDHAL_AbortAllEps
                0x0002ac94      0x53c ./../Libraries/EMlib/debug/libEMLib_efm32_debug.a(em_usbhal.o)
                0x0002ac94                USBDHAL_AbortAllEps
 .text.USBDHAL_AbortAllTransfers
                0x0002b1d0       0xc8 ./../Libraries/EMlib/debug/libEMLib_efm32_debug.a(em_usbhal.o)
                0x0002b1d0                USBDHAL_AbortAllTransfers
 .text.USBDHAL_ReenableEp0Setup
                0x0002b298       0x60 ./../Libraries/EMlib/debug/libEMLib_efm32_debug.a(em_usbdep.o)
 .text.USBDHAL_StallEp
                0x0002b2f8       0xcc ./../Libraries/EMlib/debug/libEMLib_efm32_debug.a(em_usbdep.o)
 .text.USBDHAL_StartEp0In
                0x0002b3c4       0x5c ./../Libraries/EMlib/debug/libEMLib_efm32_debug.a(em_usbdep.o)
 .text.USBDHAL_StartEp0Out
                0x0002b420       0x5c ./../Libraries/EMlib/debug/libEMLib_efm32_debug.a(em_usbdep.o)
 .text.USBD_GetEpFromAddr
                0x0002b47c       0xa0 ./../Libraries/EMlib/debug/libEMLib_efm32_debug.a(em_usbdep.o)
 .text.USBD_ReArmEp0
                0x0002b51c       0x64 ./../Libraries/EMlib/debug/libEMLib_efm32_debug.a(em_usbdep.o)
 .text.USBDEP_Ep0Handler
                0x0002b580      0x300 ./../Libraries/EMlib/debug/libEMLib_efm32_debug.a(em_usbdep.o)
                0x0002b580                USBDEP_Ep0Handler
 .text.USBDEP_EpHandler
                0x0002b880       0x60 ./../Libraries/EMlib/debug/libEMLib_efm32_debug.a(em_usbdep.o)
                0x0002b880                USBDEP_EpHandler
 .text.TIMER_CounterGet
                0x0002b8e0       0x18 ./../Libraries/EMlib/debug/libEMLib_efm32_debug.a(em_usbtimer.o)
 .text.TIMER_TopSet
                0x0002b8f8       0x1c ./../Libraries/EMlib/debug/libEMLib_efm32_debug.a(em_usbtimer.o)
 .text.DelayTicks
                0x0002b914       0x4c ./../Libraries/EMlib/debug/libEMLib_efm32_debug.a(em_usbtimer.o)
 .text.USBTIMER_DelayMs
                0x0002b960       0x84 ./../Libraries/EMlib/debug/libEMLib_efm32_debug.a(em_usbtimer.o)
                0x0002b960                USBTIMER_DelayMs
 .text.USBTIMER_DelayUs
                0x0002b9e4      0x124 ./../Libraries/EMlib/debug/libEMLib_efm32_debug.a(em_usbtimer.o)
                0x0002b9e4                USBTIMER_DelayUs
 .text.USBTIMER_Init
                0x0002bb08      0x188 ./../Libraries/EMlib/debug/libEMLib_efm32_debug.a(em_usbtimer.o)
                0x0002bb08                USBTIMER_Init
 .text.GetProdRev
                0x0002bc90       0x1c ./../Libraries/EMlib/debug/libEMLib_efm32_debug.a(system_efm32gg.o)
 .text.SystemCoreClockGet
                0x0002bcac       0x58 ./../Libraries/EMlib/debug/libEMLib_efm32_debug.a(system_efm32gg.o)
                0x0002bcac                SystemCoreClockGet
 .text.SystemHFClockGet
                0x0002bd04      0x110 ./../Libraries/EMlib/debug/libEMLib_efm32_debug.a(system_efm32gg.o)
                0x0002bd04                SystemHFClockGet
 .text.SystemHFXOClockGet
                0x0002be14       0x18 ./../Libraries/EMlib/debug/libEMLib_efm32_debug.a(system_efm32gg.o)
                0x0002be14                SystemHFXOClockGet
 .text.SystemInit
                0x0002be2c        0xc ./../Libraries/EMlib/debug/libEMLib_efm32_debug.a(system_efm32gg.o)
                0x0002be2c                SystemInit
 .text.SystemLFRCOClockGet
                0x0002be38       0x10 ./../Libraries/EMlib/debug/libEMLib_efm32_debug.a(system_efm32gg.o)
                0x0002be38                SystemLFRCOClockGet
 .text.SystemULFRCOClockGet
                0x0002be48       0x10 ./../Libraries/EMlib/debug/libEMLib_efm32_debug.a(system_efm32gg.o)
                0x0002be48                SystemULFRCOClockGet
 .text.SystemLFXOClockGet
                0x0002be58       0x18 ./../Libraries/EMlib/debug/libEMLib_efm32_debug.a(system_efm32gg.o)
                0x0002be58                SystemLFXOClockGet
 .text.TIMER_Init
                0x0002be70      0x134 ./../Libraries/EMlib/debug/libEMLib_efm32_debug.a(em_timer.o)
                0x0002be70                TIMER_Init
 .text.TIMER_InitCC
                0x0002bfa4       0xec ./../Libraries/EMlib/debug/libEMLib_efm32_debug.a(em_timer.o)
                0x0002bfa4                TIMER_InitCC
 .text.USBDHAL_ActivateEp
                0x0002c090      0x148 ./../Libraries/EMlib/debug/libEMLib_efm32_debug.a(em_usbdch9.o)
 .text.USBDHAL_DeactivateEp
                0x0002c1d8       0x88 ./../Libraries/EMlib/debug/libEMLib_efm32_debug.a(em_usbdch9.o)
 .text.USBDHAL_GetStallStatusEp
                0x0002c260       0xc0 ./../Libraries/EMlib/debug/libEMLib_efm32_debug.a(em_usbdch9.o)
 .text.USBDHAL_SetAddr
                0x0002c320       0x3c ./../Libraries/EMlib/debug/libEMLib_efm32_debug.a(em_usbdch9.o)
 .text.USBDHAL_StallEp
                0x0002c35c       0xcc ./../Libraries/EMlib/debug/libEMLib_efm32_debug.a(em_usbdch9.o)
 .text.USBDHAL_UnStallEp
                0x0002c428       0xe4 ./../Libraries/EMlib/debug/libEMLib_efm32_debug.a(em_usbdch9.o)
 .text.USBD_ActivateAllEps
                0x0002c50c       0x54 ./../Libraries/EMlib/debug/libEMLib_efm32_debug.a(em_usbdch9.o)
 .text.USBD_DeactivateAllEps
                0x0002c560       0x68 ./../Libraries/EMlib/debug/libEMLib_efm32_debug.a(em_usbdch9.o)
 .text.USBD_GetEpFromAddr
                0x0002c5c8       0xa0 ./../Libraries/EMlib/debug/libEMLib_efm32_debug.a(em_usbdch9.o)
 .text.USBDCH9_SetupCmd
                0x0002c668       0xec ./../Libraries/EMlib/debug/libEMLib_efm32_debug.a(em_usbdch9.o)
                0x0002c668                USBDCH9_SetupCmd
 .text.ClearFeature
                0x0002c754       0xcc ./../Libraries/EMlib/debug/libEMLib_efm32_debug.a(em_usbdch9.o)
 .text.GetConfiguration
                0x0002c820       0xb8 ./../Libraries/EMlib/debug/libEMLib_efm32_debug.a(em_usbdch9.o)
 .text.GetDescriptor
                0x0002c8d8      0x10c ./../Libraries/EMlib/debug/libEMLib_efm32_debug.a(em_usbdch9.o)
 .text.GetInterface
                0x0002c9e4       0x94 ./../Libraries/EMlib/debug/libEMLib_efm32_debug.a(em_usbdch9.o)
 .text.GetStatus
                0x0002ca78      0x1b4 ./../Libraries/EMlib/debug/libEMLib_efm32_debug.a(em_usbdch9.o)
 .text.SetAddress
                0x0002cc2c       0xb4 ./../Libraries/EMlib/debug/libEMLib_efm32_debug.a(em_usbdch9.o)
 .text.SetConfiguration
                0x0002cce0      0x10c ./../Libraries/EMlib/debug/libEMLib_efm32_debug.a(em_usbdch9.o)
 .text.SetFeature
                0x0002cdec      0x100 ./../Libraries/EMlib/debug/libEMLib_efm32_debug.a(em_usbdch9.o)
 .text.SetInterface
                0x0002ceec       0x68 ./../Libraries/EMlib/debug/libEMLib_efm32_debug.a(em_usbdch9.o)
 .text._sl_BuildAddress
                0x0002cf54       0x60 ./../Libraries/WiFi/debug/libWiFi_efm32_debug.a(socket.o)
 .text._sl_TruncatePayloadByProtocol
                0x0002cfb4       0x44 ./../Libraries/WiFi/debug/libWiFi_efm32_debug.a(socket.o)
 .text.sl_Socket
                0x0002cff8       0x7c ./../Libraries/WiFi/debug/libWiFi_efm32_debug.a(socket.o)
                0x0002cff8                sl_Socket
 .text.sl_Close
                0x0002d074       0x5c ./../Libraries/WiFi/debug/libWiFi_efm32_debug.a(socket.o)
                0x0002d074                sl_Close
 .text.sl_SendTo
                0x0002d0d0      0x138 ./../Libraries/WiFi/debug/libWiFi_efm32_debug.a(socket.o)
                0x0002d0d0                sl_SendTo
 .text.sl_Connect
                0x0002d208      0x1b0 ./../Libraries/WiFi/debug/libWiFi_efm32_debug.a(socket.o)
                0x0002d208                sl_Connect
 .text._sl_HandleAsync_Connect
                0x0002d3b8       0xd4 ./../Libraries/WiFi/debug/libWiFi_efm32_debug.a(socket.o)
                0x0002d3b8                _sl_HandleAsync_Connect
 .text.sl_Htonl
                0x0002d48c       0x58 ./../Libraries/WiFi/debug/libWiFi_efm32_debug.a(socket.o)
                0x0002d48c                sl_Htonl
 .text.sl_Htons
                0x0002d4e4       0x48 ./../Libraries/WiFi/debug/libWiFi_efm32_debug.a(socket.o)
                0x0002d4e4                sl_Htons
 .text._sl_HandleAsync_Accept
                0x0002d52c       0xa8 ./../Libraries/WiFi/debug/libWiFi_efm32_debug.a(socket.o)
                0x0002d52c                _sl_HandleAsync_Accept
 .text._sl_HandleAsync_Select
                0x0002d5d4       0x94 ./../Libraries/WiFi/debug/libWiFi_efm32_debug.a(socket.o)
                0x0002d5d4                _sl_HandleAsync_Select
 .text._SlDrvProtectAsyncRespSetting
                0x0002d668       0x5c ./../Libraries/WiFi/debug/libWiFi_efm32_debug.a(driver.o)
                0x0002d668                _SlDrvProtectAsyncRespSetting
 .text._SlDrvDriverCBInit
                0x0002d6c4      0x25c ./../Libraries/WiFi/debug/libWiFi_efm32_debug.a(driver.o)
                0x0002d6c4                _SlDrvDriverCBInit
 .text._SlDrvDriverCBDeinit
                0x0002d920      0x190 ./../Libraries/WiFi/debug/libWiFi_efm32_debug.a(driver.o)
                0x0002d920                _SlDrvDriverCBDeinit
 .text._SlDrvRxIrqHandler
                0x0002dab0       0x80 ./../Libraries/WiFi/debug/libWiFi_efm32_debug.a(driver.o)
                0x0002dab0                _SlDrvRxIrqHandler
 .text._SlDrvCmdOp
                0x0002db30       0xe4 ./../Libraries/WiFi/debug/libWiFi_efm32_debug.a(driver.o)
                0x0002db30                _SlDrvCmdOp
 .text._SlDrvDataWriteOp
                0x0002dc14      0x1c8 ./../Libraries/WiFi/debug/libWiFi_efm32_debug.a(driver.o)
                0x0002dc14                _SlDrvDataWriteOp
 .text._SlDrvMsgWrite
                0x0002dddc      0x248 ./../Libraries/WiFi/debug/libWiFi_efm32_debug.a(driver.o)
 .text._SlDrvMsgRead
                0x0002e024      0x7a0 ./../Libraries/WiFi/debug/libWiFi_efm32_debug.a(driver.o)
 .text._SlAsyncEventGenericHandler
                0x0002e7c4      0x120 ./../Libraries/WiFi/debug/libWiFi_efm32_debug.a(driver.o)
 .text._SlDrvMsgReadCmdCtx
                0x0002e8e4      0x19c ./../Libraries/WiFi/debug/libWiFi_efm32_debug.a(driver.o)
 .text._SlDrvMsgReadSpawnCtx
                0x0002ea80      0x10c ./../Libraries/WiFi/debug/libWiFi_efm32_debug.a(driver.o)
                0x0002ea80                _SlDrvMsgReadSpawnCtx
 .text._SlDrvClassifyRxMsg
                0x0002eb8c       0xf0 ./../Libraries/WiFi/debug/libWiFi_efm32_debug.a(driver.o)
 .text._SlDrvRxHdrRead
                0x0002ec7c      0x2d4 ./../Libraries/WiFi/debug/libWiFi_efm32_debug.a(driver.o)
 .text._SlDrvCmdSend
                0x0002ef50       0x9c ./../Libraries/WiFi/debug/libWiFi_efm32_debug.a(driver.o)
                0x0002ef50                _SlDrvCmdSend
 .text._SlDrvWaitForPoolObj
                0x0002efec      0x254 ./../Libraries/WiFi/debug/libWiFi_efm32_debug.a(driver.o)
                0x0002efec                _SlDrvWaitForPoolObj
 .text._SlDrvReleasePoolObj
                0x0002f240      0x2fc ./../Libraries/WiFi/debug/libWiFi_efm32_debug.a(driver.o)
                0x0002f240                _SlDrvReleasePoolObj
 .text._SlRemoveFromList
                0x0002f53c      0x114 ./../Libraries/WiFi/debug/libWiFi_efm32_debug.a(driver.o)
 .text._SlFindAndSetActiveObj
                0x0002f650      0x1f4 ./../Libraries/WiFi/debug/libWiFi_efm32_debug.a(driver.o)
 .text._SlDrvDispatchHttpServerEvents
                0x0002f844       0x1c ./../Libraries/WiFi/debug/libWiFi_efm32_debug.a(driver.o)
                0x0002f844                _SlDrvDispatchHttpServerEvents
 .text._SlDrvSyncObjSignal
                0x0002f860       0x30 ./../Libraries/WiFi/debug/libWiFi_efm32_debug.a(driver.o)
                0x0002f860                _SlDrvSyncObjSignal
 .text._SlDrvObjLockWaitForever
                0x0002f890       0x34 ./../Libraries/WiFi/debug/libWiFi_efm32_debug.a(driver.o)
                0x0002f890                _SlDrvObjLockWaitForever
 .text._SlDrvProtectionObjLockWaitForever
                0x0002f8c4       0x40 ./../Libraries/WiFi/debug/libWiFi_efm32_debug.a(driver.o)
                0x0002f8c4                _SlDrvProtectionObjLockWaitForever
 .text._SlDrvObjUnLock
                0x0002f904       0x30 ./../Libraries/WiFi/debug/libWiFi_efm32_debug.a(driver.o)
                0x0002f904                _SlDrvObjUnLock
 .text._SlDrvProtectionObjUnLock
                0x0002f934       0x3c ./../Libraries/WiFi/debug/libWiFi_efm32_debug.a(driver.o)
                0x0002f934                _SlDrvProtectionObjUnLock
 .text._SlDrvObjGlobalLockWaitForever
                0x0002f970       0x3c ./../Libraries/WiFi/debug/libWiFi_efm32_debug.a(driver.o)
 .text._SlDrvGlobalObjUnLock
                0x0002f9ac       0x3c ./../Libraries/WiFi/debug/libWiFi_efm32_debug.a(driver.o)
                0x0002f9ac                _SlDrvGlobalObjUnLock
 .text._SlDrvMemZero
                0x0002f9e8       0x24 ./../Libraries/WiFi/debug/libWiFi_efm32_debug.a(driver.o)
                0x0002f9e8                _SlDrvMemZero
 .text._SlDrvResetCmdExt
                0x0002fa0c       0x1c ./../Libraries/WiFi/debug/libWiFi_efm32_debug.a(driver.o)
                0x0002fa0c                _SlDrvResetCmdExt
 .text._SlDrvSyncObjWaitForever
                0x0002fa28       0x38 ./../Libraries/WiFi/debug/libWiFi_efm32_debug.a(driver.o)
                0x0002fa28                _SlDrvSyncObjWaitForever
 .text._SlDrvSyncObjWaitTimeout
                0x0002fa60       0x58 ./../Libraries/WiFi/debug/libWiFi_efm32_debug.a(driver.o)
                0x0002fa60                _SlDrvSyncObjWaitTimeout
 .text._SlDriverHandleError
                0x0002fab8       0xb4 ./../Libraries/WiFi/debug/libWiFi_efm32_debug.a(driver.o)
                0x0002fab8                _SlDriverHandleError
 .text.sl_NetAppStop
                0x0002fb6c       0x58 ./../Libraries/WiFi/debug/libWiFi_efm32_debug.a(netapp.o)
                0x0002fb6c                sl_NetAppStop
 .text._sl_HandleAsync_DnsGetHostByService
                0x0002fbc4      0x114 ./../Libraries/WiFi/debug/libWiFi_efm32_debug.a(netapp.o)
                0x0002fbc4                _sl_HandleAsync_DnsGetHostByService
 .text._sl_HandleAsync_DnsGetHostByName
                0x0002fcd8      0x108 ./../Libraries/WiFi/debug/libWiFi_efm32_debug.a(netapp.o)
                0x0002fcd8                _sl_HandleAsync_DnsGetHostByName
 .text.CopyPingResultsToReport
                0x0002fde0       0x44 ./../Libraries/WiFi/debug/libWiFi_efm32_debug.a(netapp.o)
 .text._sl_HandleAsync_PingResponse
                0x0002fe24       0xf4 ./../Libraries/WiFi/debug/libWiFi_efm32_debug.a(netapp.o)
                0x0002fe24                _sl_HandleAsync_PingResponse
 .text._sl_NetAppSendTokenValue
                0x0002ff18       0x88 ./../Libraries/WiFi/debug/libWiFi_efm32_debug.a(netapp.o)
                0x0002ff18                _sl_NetAppSendTokenValue
 .text._SlDrvNetAppEventHandler
                0x0002ffa0      0x148 ./../Libraries/WiFi/debug/libWiFi_efm32_debug.a(netapp.o)
                0x0002ffa0                _SlDrvNetAppEventHandler
 .text._sl_GetStartResponseConvert
                0x000300e8       0x28 ./../Libraries/WiFi/debug/libWiFi_efm32_debug.a(device.o)
 .text.sl_Start
                0x00030110      0x130 ./../Libraries/WiFi/debug/libWiFi_efm32_debug.a(device.o)
                0x00030110                sl_Start
 .text._sl_HandleAsync_InitComplete
                0x00030240       0xe8 ./../Libraries/WiFi/debug/libWiFi_efm32_debug.a(device.o)
                0x00030240                _sl_HandleAsync_InitComplete
 .text._sl_HandleAsync_Stop
                0x00030328       0x90 ./../Libraries/WiFi/debug/libWiFi_efm32_debug.a(device.o)
                0x00030328                _sl_HandleAsync_Stop
 .text.sl_Stop  0x000303b8      0x110 ./../Libraries/WiFi/debug/libWiFi_efm32_debug.a(device.o)
                0x000303b8                sl_Stop
 .text._SlDrvDeviceEventHandler
                0x000304c8       0xb8 ./../Libraries/WiFi/debug/libWiFi_efm32_debug.a(device.o)
                0x000304c8                _SlDrvDeviceEventHandler
 .text.Retcode_Initialize
                0x00030580       0x60 ./../Platform/Essentials/release/libEssentials_efm32.a(Retcode.o)
                0x00030580                Retcode_Initialize
 .text.Retcode_RaiseError
                0x000305e0       0x24 ./../Platform/Essentials/release/libEssentials_efm32.a(Retcode.o)
                0x000305e0                Retcode_RaiseError
 .text.Retcode_RaiseErrorFromIsr
                0x00030604       0x24 ./../Platform/Essentials/release/libEssentials_efm32.a(Retcode.o)
                0x00030604                Retcode_RaiseErrorFromIsr
 .text.RTC_IntClear
                0x00030628       0x20 ./../Platform/Essentials/release/libEssentials_efm32.a(Timer.o)
 .text.RTC_IntDisable
                0x00030648       0x30 ./../Platform/Essentials/release/libEssentials_efm32.a(Timer.o)
 .text.RTC_IntGet
                0x00030678       0x18 ./../Platform/Essentials/release/libEssentials_efm32.a(Timer.o)
 .text.TIMER_IntClear
                0x00030690       0x1c ./../Platform/Essentials/release/libEssentials_efm32.a(Timer.o)
 .text.TIMER_IntDisable
                0x000306ac       0x24 ./../Platform/Essentials/release/libEssentials_efm32.a(Timer.o)
 .text.TIMER_IntGet
                0x000306d0       0x18 ./../Platform/Essentials/release/libEssentials_efm32.a(Timer.o)
 .text.LETIMER_IntClear
                0x000306e8       0x1c ./../Platform/Essentials/release/libEssentials_efm32.a(Timer.o)
 .text.LETIMER_IntDisable
                0x00030704       0x24 ./../Platform/Essentials/release/libEssentials_efm32.a(Timer.o)
 .text.LETIMER_IntGet
                0x00030728       0x18 ./../Platform/Essentials/release/libEssentials_efm32.a(Timer.o)
 .text.MCU_Timer_Initialize
                0x00030740       0xe4 ./../Platform/Essentials/release/libEssentials_efm32.a(Timer.o)
                0x00030740                MCU_Timer_Initialize
 .text.MCU_Timer_Callback
                0x00030824       0x5c ./../Platform/Essentials/release/libEssentials_efm32.a(Timer.o)
                0x00030824                MCU_Timer_Callback
 .text.ValidateTimerHandle
                0x00030880       0x40 ./../Platform/Essentials/release/libEssentials_efm32.a(Timer.o)
 .text.getTimerEvent
                0x000308c0       0xc8 ./../Platform/Essentials/release/libEssentials_efm32.a(Timer.o)
 .text.extractFlags_RTC
                0x00030988       0x9c ./../Platform/Essentials/release/libEssentials_efm32.a(Timer.o)
 .text.extractFlags_LETIMER
                0x00030a24       0x9c ./../Platform/Essentials/release/libEssentials_efm32.a(Timer.o)
 .text.extractFlags_TIMER
                0x00030ac0       0xd0 ./../Platform/Essentials/release/libEssentials_efm32.a(Timer.o)
 .text.MCU_Timer_GetRtcHandle
                0x00030b90       0x14 ./../Platform/Essentials/release/libEssentials_efm32.a(Timer.o)
                0x00030b90                MCU_Timer_GetRtcHandle
 .text.MCU_Timer_HandleRtcIrq
                0x00030ba4       0x14 ./../Platform/Essentials/release/libEssentials_efm32.a(Timer.o)
                0x00030ba4                MCU_Timer_HandleRtcIrq
 .text.CmdProcessor_Initialize
                0x00030bb8       0xe0 ./../Platform/Utils/release/libUtils_efm32.a(CmdProcessor.o)
                0x00030bb8                CmdProcessor_Initialize
 .text.CmdProcessor_Enqueue
                0x00030c98       0x74 ./../Platform/Utils/release/libUtils_efm32.a(CmdProcessor.o)
                0x00030c98                CmdProcessor_Enqueue
 .text.Run      0x00030d0c       0x14 ./../Platform/Utils/release/libUtils_efm32.a(CmdProcessor.o)
 .text.Dequeue  0x00030d20       0x80 ./../Platform/Utils/release/libUtils_efm32.a(CmdProcessor.o)
 .text.NVM_Initialize
                0x00030da0       0x4c ./../Platform/Drivers/release/libDrivers_efm32.a(BCDS_NVM.o)
                0x00030da0                NVM_Initialize
 .text.objectConsistencyCheck
                0x00030dec       0x58 ./../Platform/Drivers/release/libDrivers_efm32.a(BCDS_NVM.o)
 .text.NVM_Read
                0x00030e44       0x7c ./../Platform/Drivers/release/libDrivers_efm32.a(BCDS_NVM.o)
                0x00030e44                NVM_Read
 .text.itemConsistencyCheck
                0x00030ec0       0x50 ./../Platform/Drivers/release/libDrivers_efm32.a(BCDS_NVM.o)
 .text.NVM_Write
                0x00030f10       0x94 ./../Platform/Drivers/release/libDrivers_efm32.a(BCDS_NVM.o)
                0x00030f10                NVM_Write
 .text.NVM_Flush
                0x00030fa4       0x9c ./../Platform/Drivers/release/libDrivers_efm32.a(BCDS_NVM.o)
                0x00030fa4                NVM_Flush
 .text.sectionUpdateRequired
                0x00031040       0x8c ./../Platform/Drivers/release/libDrivers_efm32.a(BCDS_NVM.o)
 .text.NVM_ReadUInt8
                0x000310cc       0x40 ./../Platform/Drivers/release/libDrivers_efm32.a(BCDS_NVM.o)
                0x000310cc                NVM_ReadUInt8
 .text.NVM_WriteUInt8
                0x0003110c       0x40 ./../Platform/Drivers/release/libDrivers_efm32.a(BCDS_NVM.o)
                0x0003110c                NVM_WriteUInt8
 .text.isLittleEndianPlatform
                0x0003114c       0x30 ./../Platform/Drivers/release/libDrivers_efm32.a(BCDS_NVM.o)
 .text.NVM_IsEndiannessDifferent
                0x0003117c       0x54 ./../Platform/Drivers/release/libDrivers_efm32.a(BCDS_NVM.o)
 .text.NVM_SwapBytes
                0x000311d0       0xc4 ./../Platform/Drivers/release/libDrivers_efm32.a(BCDS_NVM.o)
 .text.NetworkConfig_SlNetAppEvtHdlr
                0x00031294       0xa0 ./../Platform/Wlan/release/libWlan_efm32.a(NetworkConfig.o)
                0x00031294                NetworkConfig_SlNetAppEvtHdlr
 .text.NetworkConfig_GetIpStatus
                0x00031334       0x18 ./../Platform/Wlan/release/libWlan_efm32.a(NetworkConfig.o)
                0x00031334                NetworkConfig_GetIpStatus
 .text.NetworkConfig_SetIpStatus
                0x0003134c       0x20 ./../Platform/Wlan/release/libWlan_efm32.a(NetworkConfig.o)
                0x0003134c                NetworkConfig_SetIpStatus
 .text.NetworkConfig_GetIpSettings
                0x0003136c       0xa4 ./../Platform/Wlan/release/libWlan_efm32.a(NetworkConfig.o)
                0x0003136c                NetworkConfig_GetIpSettings
 .text.NetworkConfig_SetIpDhcp
                0x00031410       0xac ./../Platform/Wlan/release/libWlan_efm32.a(NetworkConfig.o)
                0x00031410                NetworkConfig_SetIpDhcp
 .text.connectNonBlockingCall
                0x000314bc      0x184 ./../Platform/Wlan/release/libWlan_efm32.a(WlanConnect.o)
 .text.connectBlockingCall
                0x00031640       0xb8 ./../Platform/Wlan/release/libWlan_efm32.a(WlanConnect.o)
 .text.WlanConnect_SlGeneralEventHdlr
                0x000316f8       0xa8 ./../Platform/Wlan/release/libWlan_efm32.a(WlanConnect.o)
                0x000316f8                WlanConnect_SlGeneralEventHdlr
 .text.WlanConnect_SLWlanEventHdlr
                0x000317a0       0x5c ./../Platform/Wlan/release/libWlan_efm32.a(WlanConnect.o)
                0x000317a0                WlanConnect_SLWlanEventHdlr
 .text.WlanConnect_GetInitStatus
                0x000317fc       0x18 ./../Platform/Wlan/release/libWlan_efm32.a(WlanConnect.o)
                0x000317fc                WlanConnect_GetInitStatus
 .text.WlanConnect_Init
                0x00031814       0xd0 ./../Platform/Wlan/release/libWlan_efm32.a(WlanConnect.o)
                0x00031814                WlanConnect_Init
 .text.NonBlockingTimer
                0x000318e4       0xa0 ./../Platform/Wlan/release/libWlan_efm32.a(WlanConnect.o)
 .text.WlanConnect_WPA
                0x00031984       0xc4 ./../Platform/Wlan/release/libWlan_efm32.a(WlanConnect.o)
                0x00031984                WlanConnect_WPA
 .text.OsTime2Tick
                0x00031a48       0x44 ./../Platform/Wlan/release/libWlan_efm32.a(WlanDriver.o)
 .text.spiEventsCallbackFunc
                0x00031a8c       0xd8 ./../Platform/Wlan/release/libWlan_efm32.a(WlanDriver.o)
 .text.CreateSpawnQAndTask
                0x00031b64       0x98 ./../Platform/Wlan/release/libWlan_efm32.a(WlanDriver.o)
 .text.WifiInterruptCallback
                0x00031bfc       0x24 ./../Platform/Wlan/release/libWlan_efm32.a(WlanDriver.o)
 .text.WlanDriver_Init
                0x00031c20       0xa8 ./../Platform/Wlan/release/libWlan_efm32.a(WlanDriver.o)
                0x00031c20                WlanDriver_Init
 .text.WlanDriver_RegInterruptHdlr
                0x00031cc8       0x34 ./../Platform/Wlan/release/libWlan_efm32.a(WlanDriver.o)
                0x00031cc8                WlanDriver_RegInterruptHdlr
 .text.WlanDriver_SlHttpServerCb
                0x00031cfc       0x14 ./../Platform/Wlan/release/libWlan_efm32.a(WlanDriver.o)
                0x00031cfc                WlanDriver_SlHttpServerCb
 .text.WlanDriver_DeviceDisable
                0x00031d10       0x10 ./../Platform/Wlan/release/libWlan_efm32.a(WlanDriver.o)
                0x00031d10                WlanDriver_DeviceDisable
 .text.WlanDriver_DeviceEnable
                0x00031d20       0x18 ./../Platform/Wlan/release/libWlan_efm32.a(WlanDriver.o)
                0x00031d20                WlanDriver_DeviceEnable
 .text.WlanDriver_SpiClose
                0x00031d38       0x38 ./../Platform/Wlan/release/libWlan_efm32.a(WlanDriver.o)
                0x00031d38                WlanDriver_SpiClose
 .text.WlanDriver_SpiOpen
                0x00031d70       0x54 ./../Platform/Wlan/release/libWlan_efm32.a(WlanDriver.o)
                0x00031d70                WlanDriver_SpiOpen
 .text.WlanDriver_SpiWrite
                0x00031dc4       0x9c ./../Platform/Wlan/release/libWlan_efm32.a(WlanDriver.o)
                0x00031dc4                WlanDriver_SpiWrite
 .text.WlanDriver_SpiRead
                0x00031e60       0x9c ./../Platform/Wlan/release/libWlan_efm32.a(WlanDriver.o)
                0x00031e60                WlanDriver_SpiRead
 .text.WlanDriver_OsSyncObjectCreate
                0x00031efc       0x3c ./../Platform/Wlan/release/libWlan_efm32.a(WlanDriver.o)
                0x00031efc                WlanDriver_OsSyncObjectCreate
 .text.WlanDriver_OsSyncObjectDelete
                0x00031f38       0x30 ./../Platform/Wlan/release/libWlan_efm32.a(WlanDriver.o)
                0x00031f38                WlanDriver_OsSyncObjectDelete
 .text.WlanDriver_OsSyncObjectSignal
                0x00031f68       0x3c ./../Platform/Wlan/release/libWlan_efm32.a(WlanDriver.o)
                0x00031f68                WlanDriver_OsSyncObjectSignal
 .text.WlanDriver_OsSyncSignalFromISR
                0x00031fa4       0x54 ./../Platform/Wlan/release/libWlan_efm32.a(WlanDriver.o)
                0x00031fa4                WlanDriver_OsSyncSignalFromISR
 .text.WlanDriver_OsSyncObjectWait
                0x00031ff8       0x4c ./../Platform/Wlan/release/libWlan_efm32.a(WlanDriver.o)
                0x00031ff8                WlanDriver_OsSyncObjectWait
 .text.WlanDriver_OsLockObjectCreate
                0x00032044       0x34 ./../Platform/Wlan/release/libWlan_efm32.a(WlanDriver.o)
                0x00032044                WlanDriver_OsLockObjectCreate
 .text.WlanDriver_OsLockObjectDelete
                0x00032078       0x2c ./../Platform/Wlan/release/libWlan_efm32.a(WlanDriver.o)
                0x00032078                WlanDriver_OsLockObjectDelete
 .text.WlanDriver_OsLockObjectWait
                0x000320a4       0x4c ./../Platform/Wlan/release/libWlan_efm32.a(WlanDriver.o)
                0x000320a4                WlanDriver_OsLockObjectWait
 .text.WlanDriver_OsLockUnlock
                0x000320f0       0x44 ./../Platform/Wlan/release/libWlan_efm32.a(WlanDriver.o)
                0x000320f0                WlanDriver_OsLockUnlock
 .text.WlanDriver_SimpleLinkSpawnTask
                0x00032134       0x60 ./../Platform/Wlan/release/libWlan_efm32.a(WlanDriver.o)
                0x00032134                WlanDriver_SimpleLinkSpawnTask
 .text.WlanDriver_OsiSpawn
                0x00032194       0xa4 ./../Platform/Wlan/release/libWlan_efm32.a(WlanDriver.o)
                0x00032194                WlanDriver_OsiSpawn
 .text.BlePeripheral_SetMacAddress
                0x00032238       0x40 ./../Platform/BLE/release/libBLE_efm32.a(BlePeripheral.o)
                0x00032238                BlePeripheral_SetMacAddress
 .text.Basics_htonl
                0x00032278       0x1c ./../Platform/ServalPAL/release/libServalPal_efm32.a(PalBasics.o)
                0x00032278                Basics_htonl
 .text.Ip_convertAddrToString
                0x00032294       0x60 ./../Platform/ServalPAL/release/libServalPal_efm32.a(PalIp.o)
                0x00032294                Ip_convertAddrToString
 .text.Ip_getMyIpAddr
                0x000322f4       0x40 ./../Platform/ServalPAL/release/libServalPal_efm32.a(PalIp.o)
                0x000322f4                Ip_getMyIpAddr
 .text.RTC_Init